******************************************************************************
                  TI ARM Linker PC v16.9.6                     
******************************************************************************
>> Linked Sat Nov 02 19:24:57 2019

OUTPUT FILE NAME:   <Lab5_UARTComms.out>
ENTRY POINT SYMBOL: "_c_int00"  address: 00004441


MEMORY CONFIGURATION

         name            origin    length      used     unused   attr    fill
----------------------  --------  ---------  --------  --------  ----  --------
  MAIN                  00000000   00040000  00004850  0003b7b0  R  X
  INFO                  00200000   00004000  00000000  00004000  R  X
  SRAM_CODE             01000000   00010000  00003d9c  0000c264  RW X
  SRAM_DATA             20000000   00010000  00003d9c  0000c264  RW  


SEGMENT ALLOCATION MAP

run origin  load origin   length   init length attrs members
----------  ----------- ---------- ----------- ----- -------
00000000    00000000    00004850   00004850    r-x
  00000000    00000000    000000e4   000000e4    r-- .intvecs
  000000e4    000000e4    000046a8   000046a8    r-x .text
  0000478c    0000478c    0000001c   0000001c    r-- .const
  000047a8    000047a8    000000a8   000000a8    r-- .cinit
20000000    20000000    00003b9c   00000000    rw-
  20000000    20000000    00003570   00000000    rw- .bss
  20003570    20003570    00000400   00000000    rw- .sysmem
  20003970    20003970    0000022c   00000000    rw- .data
2000fe00    2000fe00    00000200   00000000    rw-
  2000fe00    2000fe00    00000200   00000000    rw- .stack


SECTION ALLOCATION MAP

 output                                  attributes/
section   page    origin      length       input sections
--------  ----  ----------  ----------   ----------------
.intvecs   0    00000000    000000e4     
                  00000000    000000e4     startup_msp432p401r_ccs.obj (.intvecs:retain)

.binit     0    00000000    00000000     

.text      0    000000e4    000046a8     
                  000000e4    00001290     Lab5_UARTmain.obj (.text)
                  00001374    000006bc     UART0.obj (.text)
                  00001a30    000005ba     EUSCIA0.obj (.text)
                  00001fea    00000002     rtsv7M4_T_le_v4SPD16_eabi.lib : mpu_init.obj (.text)
                  00001fec    000003d0                                   : memory.obj (.text)
                  000023bc    0000032c     system_msp432p401r.obj (.text)
                  000026e8    00000308     LPF.obj (.text)
                  000029f0    00000260     ADC14.obj (.text)
                  00002c50    00000228     PWM.obj (.text)
                  00002e78    00000210     FIFO0.obj (.text)
                  00003088    000001e0     Clock.obj (.text)
                  00003268    000001dc     Reflectance.obj (.text)
                  00003444    000001c4     rtsv7M4_T_le_v4SPD16_eabi.lib : fopen.obj (.text)
                  00003608    0000018c     Motor.obj (.text)
                  00003794    00000134     BumpInt.obj (.text)
                  000038c8    00000128     TA3InputCapture.obj (.text)
                  000039f0    000000f4     LaunchPad.obj (.text)
                  00003ae4    000000dc     rtsv7M4_T_le_v4SPD16_eabi.lib : setvbuf.obj (.text)
                  00003bc0    000000c8                                   : fflush.obj (.text)
                  00003c88    000000bc                                   : open.obj (.text)
                  00003d44    000000b8                                   : add_device.obj (.text)
                  00003dfc    000000a8     TimerA1.obj (.text)
                  00003ea4    0000009c     rtsv7M4_T_le_v4SPD16_eabi.lib : memcpy_t2.obj (.text)
                  00003f40    00000098                                   : fclose.obj (.text)
                  00003fd8    0000007a                                   : memset_t2.obj (.text)
                  00004052    00000002                                   : startup.obj (.text)
                  00004054    00000070                                   : autoinit.obj (.text)
                  000040c4    00000070                                   : getdevice.obj (.text)
                  00004134    00000068                                   : copy_decompress_lzss.obj (.text:decompress:lzss)
                  0000419c    00000068                                   : hostlseek.obj (.text)
                  00004204    00000068                                   : hostrename.obj (.text)
                  0000426c    00000068                                   : trgmsg.obj (.text)
                  000042d4    00000060                                   : hostopen.obj (.text)
                  00004334    0000005c                                   : close.obj (.text)
                  00004390    00000058                                   : hostread.obj (.text)
                  000043e8    00000058                                   : hostwrite.obj (.text)
                  00004440    00000054                                   : boot.obj (.text)
                  00004494    00000054                                   : exit.obj (.text)
                  000044e8    0000004c                                   : cpy_tbl.obj (.text)
                  00004534    00000044                                   : hostclose.obj (.text)
                  00004578    00000044                                   : hostunlink.obj (.text)
                  000045bc    00000040     SysTickInts.obj (.text)
                  000045fc    00000036     rtsv7M4_T_le_v4SPD16_eabi.lib : strncpy.obj (.text)
                  00004632    00000030     IRDistance.obj (.text)
                  00004662    00000002     --HOLE-- [fill = 0]
                  00004664    0000002c     rtsv7M4_T_le_v4SPD16_eabi.lib : unlink.obj (.text)
                  00004690    00000028                                   : write.obj (.text)
                  000046b8    00000024     CortexM.obj (.text)
                  000046dc    00000018     rtsv7M4_T_le_v4SPD16_eabi.lib : args_main.obj (.text)
                  000046f4    00000018                                   : strcmp.obj (.text)
                  0000470c    00000016                                   : strchr.obj (.text)
                  00004722    00000002     --HOLE-- [fill = 0]
                  00004724    00000014                                   : _lock.obj (.text)
                  00004738    00000014                                   : strcpy.obj (.text)
                  0000474c    00000014                                   : strlen.obj (.text)
                  00004760    0000000e                                   : copy_decompress_none.obj (.text:decompress:none)
                  0000476e    0000000e     startup_msp432p401r_ccs.obj (.text)
                  0000477c    0000000c     rtsv7M4_T_le_v4SPD16_eabi.lib : copy_zero_init.obj (.text:decompress:ZI)
                  00004788    00000004                                   : pre_init.obj (.text)

.const     0    0000478c    0000001c     
                  0000478c    0000001c     Reflectance.obj (.const:$P$T0$1)

.cinit     0    000047a8    000000a8     
                  000047a8    00000080     (.cinit..data.load) [load image, compression = lzss]
                  00004828    0000000c     (__TI_handler_table)
                  00004834    00000004     --HOLE-- [fill = 0]
                  00004838    00000008     (.cinit..bss.load) [load image, compression = zero_init]
                  00004840    00000010     (__TI_cinit_table)

.init_array 
*          0    00000000    00000000     UNINITIALIZED

.bss       0    20000000    00003570     UNINITIALIZED
                  20000000    00001000     (.common:x)
                  20001000    00001000     (.common:x2)
                  20002000    00001000     (.common:x3)
                  20003000    00000200     (.common:TxHistogram)
                  20003200    00000120     rtsv7M4_T_le_v4SPD16_eabi.lib : trgmsg.obj (.bss:_CIOBUF_)
                  20003320    000000a0     (.common:__TI_tmpnams)
                  200033c0    00000082     (.common:RxFifo0)
                  20003442    00000082     (.common:TxFifo0)
                  200034c4    00000040     (.common:String)
                  20003504    00000008     (.common:Messageb)
                  2000350c    00000008     (.common:Messagec)
                  20003514    00000008     (.common:parmbuf)
                  2000351c    00000004     (.common:Elapsed)
                  20003520    00000004     (.common:First)
                  20003524    00000004     (.common:I1)
                  20003528    00000004     (.common:LPFSum)
                  2000352c    00000004     (.common:LPFSum2)
                  20003530    00000004     (.common:LPFSum3)
                  20003534    00000004     (.common:MaxTime)
                  20003538    00000004     (.common:Messageindexb)
                  2000353c    00000004     (.common:Messageindexc)
                  20003540    00000004     (.common:NumErrors)
                  20003544    00000004     (.common:NumSuccess)
                  20003548    00000004     (.common:Port4Task)
                  2000354c    00000004     (.common:Pt)
                  20003550    00000004     (.common:Pt2)
                  20003554    00000004     (.common:Pt3)
                  20003558    00000004     (.common:Size)
                  2000355c    00000004     (.common:TimerA1Task)
                  20003560    00000004     (.common:nc)
                  20003564    00000004     (.common:nl)
                  20003568    00000004     (.common:nr)
                  2000356c    00000001     (.common:CollisionData)
                  2000356d    00000001     (.common:CollisionFlag)
                  2000356e    00000001     (.common:ReadData)
                  2000356f    00000001     (.common:WriteData)

.sysmem    0    20003570    00000400     UNINITIALIZED
                  20003570    00000008     rtsv7M4_T_le_v4SPD16_eabi.lib : memory.obj (.sysmem)
                  20003578    000003f8     --HOLE--

.data      0    20003970    0000022c     UNINITIALIZED
                  20003970    000000f0     rtsv7M4_T_le_v4SPD16_eabi.lib : defs.obj (.data:_ftable)
                  20003a60    00000078                                   : write.obj (.data:_device)
                  20003ad8    00000050                                   : write.obj (.data:_stream)
                  20003b28    00000018     Clock.obj (.data)
                  20003b40    00000010     rtsv7M4_T_le_v4SPD16_eabi.lib : defs.obj (.data)
                  20003b50    0000000d     Lab5_UARTmain.obj (.data)
                  20003b5d    00000003     --HOLE--
                  20003b60    0000000c     rtsv7M4_T_le_v4SPD16_eabi.lib : exit.obj (.data:$O1$$)
                  20003b6c    0000000c                                   : memory.obj (.data:$O1$$)
                  20003b78    00000008                                   : _lock.obj (.data:$O1$$)
                  20003b80    00000008     TA3InputCapture.obj (.data)
                  20003b88    00000004     rtsv7M4_T_le_v4SPD16_eabi.lib : add_device.obj (.data)
                  20003b8c    00000004                                   : fopen.obj (.data)
                  20003b90    00000004                                   : open.obj (.data)
                  20003b94    00000004                                   : stkdepth_vars.obj (.data)
                  20003b98    00000004     system_msp432p401r.obj (.data)

.stack     0    2000fe00    00000200     UNINITIALIZED
                  2000fe00    00000200     --HOLE--

MODULE SUMMARY

       Module                        code    ro data   rw data
       ------                        ----    -------   -------
    .\
       LPF.obj                       776     0         24640  
       Lab5_UARTmain.obj             4752    0         226    
       FIFO0.obj                     528     0         1544   
       UART0.obj                     1724    0         24     
       EUSCIA0.obj                   1466    0         24     
       system_msp432p401r.obj        812     0         8      
       ADC14.obj                     608     0         0      
       PWM.obj                       552     0         0      
       Clock.obj                     480     0         48     
       Reflectance.obj               476     28        0      
       Motor.obj                     396     0         0      
       BumpInt.obj                   308     0         8      
       TA3InputCapture.obj           296     0         16     
       LaunchPad.obj                 244     0         0      
       startup_msp432p401r_ccs.obj   14      228       0      
       TimerA1.obj                   168     0         8      
       SysTickInts.obj               64      0         0      
       IRDistance.obj                48      0         0      
       CortexM.obj                   36      0         0      
    +--+-----------------------------+-------+---------+---------+
       Total:                        13748   256       26546  
                                                              
    C:\ti\ccs740\ccsv7\tools\compiler\ti-cgt-arm_16.9.6.LTS\lib\rtsv7M4_T_le_v4SPD16_eabi.lib
       memory.obj                    976     0         24     
       defs.obj                      0       0         832    
       trgmsg.obj                    104     0         576    
       fopen.obj                     452     0         8      
       write.obj                     40      0         400    
       setvbuf.obj                   220     0         0      
       fflush.obj                    200     0         0      
       open.obj                      188     0         8      
       add_device.obj                184     0         8      
       memcpy_t2.obj                 156     0         0      
       fclose.obj                    152     0         0      
       memset_t2.obj                 122     0         0      
       autoinit.obj                  112     0         0      
       getdevice.obj                 112     0         0      
       hostopen.obj                  96      0         16     
       exit.obj                      84      0         24     
       copy_decompress_lzss.obj      104     0         0      
       hostlseek.obj                 104     0         0      
       hostrename.obj                104     0         0      
       close.obj                     92      0         0      
       hostread.obj                  88      0         0      
       hostwrite.obj                 88      0         0      
       boot.obj                      84      0         0      
       cpy_tbl.obj                   76      0         0      
       hostclose.obj                 68      0         0      
       hostunlink.obj                68      0         0      
       strncpy.obj                   54      0         0      
       unlink.obj                    44      0         0      
       _lock.obj                     20      0         16     
       args_main.obj                 24      0         0      
       strcmp.obj                    24      0         0      
       strchr.obj                    22      0         0      
       strcpy.obj                    20      0         0      
       strlen.obj                    20      0         0      
       copy_decompress_none.obj      14      0         0      
       copy_zero_init.obj            12      0         0      
       stkdepth_vars.obj             0       0         8      
       pre_init.obj                  4       0         0      
       mpu_init.obj                  2       0         0      
       startup.obj                   2       0         0      
    +--+-----------------------------+-------+---------+---------+
       Total:                        4336    0         1920   
                                                              
       Heap:                         0       0         2048   
       Stack:                        0       0         1024   
       Linker Generated:             0       164       0      
    +--+-----------------------------+-------+---------+---------+
       Grand Total:                  18084   420       31538  


LINKER GENERATED COPY TABLES

__TI_cinit_table @ 00004840 records: 2, size/record: 8, table size: 16
	.data: load addr=000047a8, load size=00000080 bytes, run addr=20003970, run size=0000022c bytes, compression=lzss
	.bss: load addr=00004838, load size=00000008 bytes, run addr=20000000, run size=00003570 bytes, compression=zero_init


LINKER GENERATED HANDLER TABLE

__TI_handler_table @ 00004828 records: 3, size/record: 4, table size: 12
	index: 0, handler: __TI_decompress_lzss
	index: 1, handler: __TI_decompress_none
	index: 2, handler: __TI_zero_init


GLOBAL SYMBOLS: SORTED ALPHABETICALLY BY Name 

address   name                           
-------   ----                           
00002aed  ADC0_InitSWTriggerCh12         
00002b5d  ADC0_InitSWTriggerCh17_12_16   
000029f1  ADC0_InitSWTriggerCh6          
00002a61  ADC0_InitSWTriggerCh67         
0000477b  ADC14_IRQHandler               
00002b3d  ADC_In12                       
00002bcd  ADC_In17_12_16                 
00002a41  ADC_In6                        
00002ab7  ADC_In67                       
20003b50  ADCflag                        
0000477b  AES256_IRQHandler              
00003795  BumpInt_Init                   
0000380b  Bump_Read                      
0000477b  BusFault_Handler               
00004495  C$$EXIT                        
0000429b  C$$IO$$                        
0000477b  COMP_E0_IRQHandler             
0000477b  COMP_E1_IRQHandler             
20003b30  CPMwait                        
0000477b  CS_IRQHandler                  
20003b80  CaptureTask0                   
20003b84  CaptureTask2                   
00004643  CenterConvert                  
20003b28  ClockFrequency                 
000031dd  Clock_Delay1ms                 
000031b3  Clock_Delay1us                 
0000319f  Clock_GetFreq                  
00003089  Clock_Init48MHz                
2000356c  CollisionData                  
2000356d  CollisionFlag                  
20003b3c  Crystalstable                  
0000477b  DMA_ERR_IRQHandler             
0000477b  DMA_INT0_IRQHandler            
0000477b  DMA_INT1_IRQHandler            
0000477b  DMA_INT2_IRQHandler            
0000477b  DMA_INT3_IRQHandler            
0000477b  DebugMon_Handler               
0000477b  Default_Handler                
000046b9  DisableInterrupts              
00001ac3  EUSCIA0_IRQHandler             
00001ac3  EUSCIA0_IRQHandler             
00001a97  EUSCIA0_InChar                 
00001f61  EUSCIA0_InString               
00001b17  EUSCIA0_InUDec                 
00001e15  EUSCIA0_InUHex                 
00001a31  EUSCIA0_Init                   
00001aa9  EUSCIA0_OutChar                
00001af9  EUSCIA0_OutString              
00001b9b  EUSCIA0_OutUDec                
00001d2d  EUSCIA0_OutUDec4               
00001d65  EUSCIA0_OutUDec5               
00001da1  EUSCIA0_OutUFix1               
00001dc9  EUSCIA0_OutUFix2               
00001edd  EUSCIA0_OutUHex                
00001f43  EUSCIA0_OutUHex2               
00001f21  EUSCIA0outnibble               
0000477b  EUSCIA1_IRQHandler             
0000477b  EUSCIA2_IRQHandler             
0000477b  EUSCIA3_IRQHandler             
0000477b  EUSCIB0_IRQHandler             
0000477b  EUSCIB1_IRQHandler             
0000477b  EUSCIB2_IRQHandler             
0000477b  EUSCIB3_IRQHandler             
2000351c  Elapsed                        
000046bf  EnableInterrupts               
000046cf  EndCritical                    
0000477b  FLCTL_IRQHandler               
0000477b  FPU_IRQHandler                 
20003520  First                          
00004535  HOSTclose                      
0000419d  HOSTlseek                      
000042d5  HOSTopen                       
00004391  HOSTread                       
00004205  HOSTrename                     
00004579  HOSTunlink                     
000043e9  HOSTwrite                      
000004f5  HandleCollision                
0000477b  HardFault_Handler              
20003524  I1                             
20003b38  IFlags                         
000004b1  IRSensor_Init                  
20003528  LPFSum                         
2000352c  LPFSum2                        
20003530  LPFSum3                        
000027fd  LPF_Calc                       
000028a5  LPF_Calc2                      
00002969  LPF_Calc3                      
0000273d  LPF_Calc_old                   
0000279f  LPF_Init                       
00002851  LPF_Init2                      
00002907  LPF_Init3                      
000026e9  LPF_Init_old                   
000039f1  LaunchPad_Init                 
00003a61  LaunchPad_Input                
00003a7b  LaunchPad_LED                  
00003a99  LaunchPad_Output               
00004633  LeftConvert                    
20003534  MaxTime                        
0000477b  MemManage_Handler              
20003504  Messageb                       
2000350c  Messagec                       
20003538  Messageindexb                  
2000353c  Messageindexc                  
000005c9  MotorMovt                      
00003735  Motor_Backward                 
00003697  Motor_Forward                  
00003609  Motor_Init                     
00003703  Motor_Left                     
000036d1  Motor_Right                    
00003669  Motor_Stop                     
0000477b  NMI_Handler                    
20003540  NumErrors                      
20003544  NumSuccess                     
0000477b  PCM_IRQHandler                 
0000477b  PORT1_IRQHandler               
0000477b  PORT2_IRQHandler               
0000477b  PORT3_IRQHandler               
0000388b  PORT4_IRQHandler               
0000388b  PORT4_IRQHandler               
0000477b  PORT5_IRQHandler               
0000477b  PORT6_IRQHandler               
0000477b  PSS_IRQHandler                 
00002d3b  PWM_Duty1                      
00002d5b  PWM_Duty2                      
00002dff  PWM_Duty3                      
00002e1f  PWM_Duty4                      
00002c51  PWM_Init1                      
00002cb7  PWM_Init12                     
00002d7b  PWM_Init34                     
0000477b  PendSV_Handler                 
20003548  Port4Task                      
00003275  Port5_Init                     
0000329f  Port7_Init                     
000032d1  Port7_Input                    
000032bb  Port7_Output                   
20003b34  Postwait                       
20003b2c  Prewait                        
00000141  Program5_1                     
000001af  Program5_2                     
0000026f  Program5_3                     
00000359  Program5_4                     
2000354c  Pt                             
20003550  Pt2                            
20003554  Pt3                            
00000795  RSLK_Reset                     
0000477b  RTC_C_IRQHandler               
000000e5  Random                         
2000356e  ReadData                       
0000331b  Reflectance_Center             
000033f9  Reflectance_End                
00003269  Reflectance_Init               
0000335b  Reflectance_Position           
000032dd  Reflectance_Read               
000033dd  Reflectance_Start              
0000476f  Reset_Handler                  
00004653  RightConvert                   
200033c0  RxFifo0                        
00002ff3  RxFifo0_Get                    
00002f99  RxFifo0_Init                   
00002fa5  RxFifo0_Put                    
00003031  RxFifo0_Size                   
UNDEFED   SHT$$INIT_ARRAY$$Base          
UNDEFED   SHT$$INIT_ARRAY$$Limit         
0000477b  SVC_Handler                    
00000455  SensorRead_ISR                 
20003558  Size                           
000046c5  StartCritical                  
200034c4  String                         
0000477b  SysTick_Handler                
000045bd  SysTick_Init                   
20003b98  SystemCoreClock                
000023bd  SystemCoreClockUpdate          
00002631  SystemInit                     
0000477b  T32_INT1_IRQHandler            
0000477b  T32_INT2_IRQHandler            
0000477b  T32_INTC_IRQHandler            
0000477b  TA0_0_IRQHandler               
0000477b  TA0_N_IRQHandler               
00003e6f  TA1_0_IRQHandler               
00003e6f  TA1_0_IRQHandler               
0000477b  TA1_N_IRQHandler               
0000477b  TA2_0_IRQHandler               
0000477b  TA2_N_IRQHandler               
00003977  TA3_0_IRQHandler               
00003977  TA3_0_IRQHandler               
00003991  TA3_N_IRQHandler               
00003991  TA3_N_IRQHandler               
UNDEFED   Tachometer_Init                
000000fd  TestFifo                       
2000355c  TimerA1Task                    
00003dfd  TimerA1_Init                   
00003e5b  TimerA1_Stop                   
000038d5  TimerA3Capture_Init            
20003442  TxFifo0                        
00002f05  TxFifo0_Get                    
00002e79  TxFifo0_Init                   
00002eab  TxFifo0_Put                    
00002f43  TxFifo0_Size                   
20003000  TxHistogram                    
000013bb  UART0_InChar                   
00001845  UART0_InString                 
00001405  UART0_InUDec                   
000016f9  UART0_InUHex                   
00001375  UART0_Init                     
000019a5  UART0_Initprintf               
000013cb  UART0_OutChar                  
000013e7  UART0_OutString                
00001489  UART0_OutUDec                  
000015f5  UART0_OutUDec4                 
00001649  UART0_OutUDec5                 
00001685  UART0_OutUFix1                 
000016ad  UART0_OutUFix2                 
000017bd  UART0_OutUHex                  
00001829  UART0_OutUHex2                 
0000477b  UsageFault_Handler             
4000480c  WDTCTL_SYM                     
0000477b  WDT_A_IRQHandler               
000046d7  WaitForInterrupt               
2000356f  WriteData                      
20003200  __CIOBUF_                      
20010000  __STACK_END                    
00000200  __STACK_SIZE                   
00000400  __SYSMEM_SIZE                  
00004840  __TI_CINIT_Base                
00004850  __TI_CINIT_Limit               
00004828  __TI_Handler_Table_Base        
00004834  __TI_Handler_Table_Limit       
00004055  __TI_auto_init                 
0000350d  __TI_cleanup                   
20003b60  __TI_cleanup_ptr               
00003f41  __TI_closefile                 
00004135  __TI_decompress_lzss           
00004761  __TI_decompress_none           
00003bc1  __TI_doflush                   
20003b64  __TI_dtors_ptr                 
20003b68  __TI_enable_exit_profile_output
20003b40  __TI_ft_end                    
ffffffff  __TI_pprof_out_hndl            
ffffffff  __TI_prof_data_size            
ffffffff  __TI_prof_data_start           
0000429f  __TI_readmsg                   
00000000  __TI_static_base__             
20003320  __TI_tmpnams                   
0000426d  __TI_writemsg                  
0000477d  __TI_zero_init                 
00003fd9  __aeabi_memclr                 
00003fd9  __aeabi_memclr4                
00003fd9  __aeabi_memclr8                
00003ea5  __aeabi_memcpy                 
00003ea5  __aeabi_memcpy4                
00003ea5  __aeabi_memcpy8                
00003fdb  __aeabi_memset                 
00003fdb  __aeabi_memset4                
00003fdb  __aeabi_memset8                
20003b4c  __aeabi_stderr                 
20003b44  __aeabi_stdin                  
20003b48  __aeabi_stdout                 
ffffffff  __binit__                      
ffffffff  __c_args__                     
00001feb  __mpu_init                     
2000fe00  __stack                        
000046dd  _args_main                     
00004441  _c_int00                       
20003a60  _device                        
20003970  _ftable                        
20003b78  _lock                          
00004733  _nop                           
0000472b  _register_lock                 
00004725  _register_unlock               
20003ad8  _stream                        
20003570  _sys_memory                    
00004053  _system_post_cinit             
00004789  _system_pre_init               
20003b7c  _unlock                        
00004499  abort                          
00003d45  add_device                     
ffffffff  binit                          
0000238d  calloc                         
00004335  close                          
000044e9  copy_in                        
000031a5  delay                          
000044a1  exit                           
00003fa7  fclose                         
000018df  ferror                         
00003c0d  fflush                         
000018bf  fgetc                          
000040c5  finddevice                     
00003563  fopen                          
000020d7  free                           
00003539  freopen                        
000040ef  getdevice                      
00000000  interruptVectors               
000007c1  main                           
20003b94  main_func_sp                   
0000206d  malloc                         
000022a1  memalign                       
00003ea5  memcpy                         
00003fe1  memset                         
00001fed  minit                          
20003560  nc                             
20003564  nl                             
20003568  nr                             
00003c89  open                           
00001801  outnibble                      
20003514  parmbuf                        
00002197  realloc                        
00004665  remove                         
00003ae5  setvbuf                        
0000470d  strchr                         
000046f5  strcmp                         
00004739  strcpy                         
0000474d  strlen                         
000045fd  strncpy                        
000038c9  ta3dummy                       
000018fd  uart_close                     
0000197b  uart_lseek                     
000018ed  uart_open                      
0000190f  uart_read                      
00001997  uart_rename                    
0000198b  uart_unlink                    
00001939  uart_write                     
00004665  unlink                         
00004691  write                          
20000000  x                              
20001000  x2                             
20002000  x3                             


GLOBAL SYMBOLS: SORTED BY Symbol Address 

address   name                           
-------   ----                           
00000000  __TI_static_base__             
00000000  interruptVectors               
000000e5  Random                         
000000fd  TestFifo                       
00000141  Program5_1                     
000001af  Program5_2                     
00000200  __STACK_SIZE                   
0000026f  Program5_3                     
00000359  Program5_4                     
00000400  __SYSMEM_SIZE                  
00000455  SensorRead_ISR                 
000004b1  IRSensor_Init                  
000004f5  HandleCollision                
000005c9  MotorMovt                      
00000795  RSLK_Reset                     
000007c1  main                           
00001375  UART0_Init                     
000013bb  UART0_InChar                   
000013cb  UART0_OutChar                  
000013e7  UART0_OutString                
00001405  UART0_InUDec                   
00001489  UART0_OutUDec                  
000015f5  UART0_OutUDec4                 
00001649  UART0_OutUDec5                 
00001685  UART0_OutUFix1                 
000016ad  UART0_OutUFix2                 
000016f9  UART0_InUHex                   
000017bd  UART0_OutUHex                  
00001801  outnibble                      
00001829  UART0_OutUHex2                 
00001845  UART0_InString                 
000018bf  fgetc                          
000018df  ferror                         
000018ed  uart_open                      
000018fd  uart_close                     
0000190f  uart_read                      
00001939  uart_write                     
0000197b  uart_lseek                     
0000198b  uart_unlink                    
00001997  uart_rename                    
000019a5  UART0_Initprintf               
00001a31  EUSCIA0_Init                   
00001a97  EUSCIA0_InChar                 
00001aa9  EUSCIA0_OutChar                
00001ac3  EUSCIA0_IRQHandler             
00001ac3  EUSCIA0_IRQHandler             
00001af9  EUSCIA0_OutString              
00001b17  EUSCIA0_InUDec                 
00001b9b  EUSCIA0_OutUDec                
00001d2d  EUSCIA0_OutUDec4               
00001d65  EUSCIA0_OutUDec5               
00001da1  EUSCIA0_OutUFix1               
00001dc9  EUSCIA0_OutUFix2               
00001e15  EUSCIA0_InUHex                 
00001edd  EUSCIA0_OutUHex                
00001f21  EUSCIA0outnibble               
00001f43  EUSCIA0_OutUHex2               
00001f61  EUSCIA0_InString               
00001feb  __mpu_init                     
00001fed  minit                          
0000206d  malloc                         
000020d7  free                           
00002197  realloc                        
000022a1  memalign                       
0000238d  calloc                         
000023bd  SystemCoreClockUpdate          
00002631  SystemInit                     
000026e9  LPF_Init_old                   
0000273d  LPF_Calc_old                   
0000279f  LPF_Init                       
000027fd  LPF_Calc                       
00002851  LPF_Init2                      
000028a5  LPF_Calc2                      
00002907  LPF_Init3                      
00002969  LPF_Calc3                      
000029f1  ADC0_InitSWTriggerCh6          
00002a41  ADC_In6                        
00002a61  ADC0_InitSWTriggerCh67         
00002ab7  ADC_In67                       
00002aed  ADC0_InitSWTriggerCh12         
00002b3d  ADC_In12                       
00002b5d  ADC0_InitSWTriggerCh17_12_16   
00002bcd  ADC_In17_12_16                 
00002c51  PWM_Init1                      
00002cb7  PWM_Init12                     
00002d3b  PWM_Duty1                      
00002d5b  PWM_Duty2                      
00002d7b  PWM_Init34                     
00002dff  PWM_Duty3                      
00002e1f  PWM_Duty4                      
00002e79  TxFifo0_Init                   
00002eab  TxFifo0_Put                    
00002f05  TxFifo0_Get                    
00002f43  TxFifo0_Size                   
00002f99  RxFifo0_Init                   
00002fa5  RxFifo0_Put                    
00002ff3  RxFifo0_Get                    
00003031  RxFifo0_Size                   
00003089  Clock_Init48MHz                
0000319f  Clock_GetFreq                  
000031a5  delay                          
000031b3  Clock_Delay1us                 
000031dd  Clock_Delay1ms                 
00003269  Reflectance_Init               
00003275  Port5_Init                     
0000329f  Port7_Init                     
000032bb  Port7_Output                   
000032d1  Port7_Input                    
000032dd  Reflectance_Read               
0000331b  Reflectance_Center             
0000335b  Reflectance_Position           
000033dd  Reflectance_Start              
000033f9  Reflectance_End                
0000350d  __TI_cleanup                   
00003539  freopen                        
00003563  fopen                          
00003609  Motor_Init                     
00003669  Motor_Stop                     
00003697  Motor_Forward                  
000036d1  Motor_Right                    
00003703  Motor_Left                     
00003735  Motor_Backward                 
00003795  BumpInt_Init                   
0000380b  Bump_Read                      
0000388b  PORT4_IRQHandler               
0000388b  PORT4_IRQHandler               
000038c9  ta3dummy                       
000038d5  TimerA3Capture_Init            
00003977  TA3_0_IRQHandler               
00003977  TA3_0_IRQHandler               
00003991  TA3_N_IRQHandler               
00003991  TA3_N_IRQHandler               
000039f1  LaunchPad_Init                 
00003a61  LaunchPad_Input                
00003a7b  LaunchPad_LED                  
00003a99  LaunchPad_Output               
00003ae5  setvbuf                        
00003bc1  __TI_doflush                   
00003c0d  fflush                         
00003c89  open                           
00003d45  add_device                     
00003dfd  TimerA1_Init                   
00003e5b  TimerA1_Stop                   
00003e6f  TA1_0_IRQHandler               
00003e6f  TA1_0_IRQHandler               
00003ea5  __aeabi_memcpy                 
00003ea5  __aeabi_memcpy4                
00003ea5  __aeabi_memcpy8                
00003ea5  memcpy                         
00003f41  __TI_closefile                 
00003fa7  fclose                         
00003fd9  __aeabi_memclr                 
00003fd9  __aeabi_memclr4                
00003fd9  __aeabi_memclr8                
00003fdb  __aeabi_memset                 
00003fdb  __aeabi_memset4                
00003fdb  __aeabi_memset8                
00003fe1  memset                         
00004053  _system_post_cinit             
00004055  __TI_auto_init                 
000040c5  finddevice                     
000040ef  getdevice                      
00004135  __TI_decompress_lzss           
0000419d  HOSTlseek                      
00004205  HOSTrename                     
0000426d  __TI_writemsg                  
0000429b  C$$IO$$                        
0000429f  __TI_readmsg                   
000042d5  HOSTopen                       
00004335  close                          
00004391  HOSTread                       
000043e9  HOSTwrite                      
00004441  _c_int00                       
00004495  C$$EXIT                        
00004499  abort                          
000044a1  exit                           
000044e9  copy_in                        
00004535  HOSTclose                      
00004579  HOSTunlink                     
000045bd  SysTick_Init                   
000045fd  strncpy                        
00004633  LeftConvert                    
00004643  CenterConvert                  
00004653  RightConvert                   
00004665  remove                         
00004665  unlink                         
00004691  write                          
000046b9  DisableInterrupts              
000046bf  EnableInterrupts               
000046c5  StartCritical                  
000046cf  EndCritical                    
000046d7  WaitForInterrupt               
000046dd  _args_main                     
000046f5  strcmp                         
0000470d  strchr                         
00004725  _register_unlock               
0000472b  _register_lock                 
00004733  _nop                           
00004739  strcpy                         
0000474d  strlen                         
00004761  __TI_decompress_none           
0000476f  Reset_Handler                  
0000477b  ADC14_IRQHandler               
0000477b  AES256_IRQHandler              
0000477b  BusFault_Handler               
0000477b  COMP_E0_IRQHandler             
0000477b  COMP_E1_IRQHandler             
0000477b  CS_IRQHandler                  
0000477b  DMA_ERR_IRQHandler             
0000477b  DMA_INT0_IRQHandler            
0000477b  DMA_INT1_IRQHandler            
0000477b  DMA_INT2_IRQHandler            
0000477b  DMA_INT3_IRQHandler            
0000477b  DebugMon_Handler               
0000477b  Default_Handler                
0000477b  EUSCIA1_IRQHandler             
0000477b  EUSCIA2_IRQHandler             
0000477b  EUSCIA3_IRQHandler             
0000477b  EUSCIB0_IRQHandler             
0000477b  EUSCIB1_IRQHandler             
0000477b  EUSCIB2_IRQHandler             
0000477b  EUSCIB3_IRQHandler             
0000477b  FLCTL_IRQHandler               
0000477b  FPU_IRQHandler                 
0000477b  HardFault_Handler              
0000477b  MemManage_Handler              
0000477b  NMI_Handler                    
0000477b  PCM_IRQHandler                 
0000477b  PORT1_IRQHandler               
0000477b  PORT2_IRQHandler               
0000477b  PORT3_IRQHandler               
0000477b  PORT5_IRQHandler               
0000477b  PORT6_IRQHandler               
0000477b  PSS_IRQHandler                 
0000477b  PendSV_Handler                 
0000477b  RTC_C_IRQHandler               
0000477b  SVC_Handler                    
0000477b  SysTick_Handler                
0000477b  T32_INT1_IRQHandler            
0000477b  T32_INT2_IRQHandler            
0000477b  T32_INTC_IRQHandler            
0000477b  TA0_0_IRQHandler               
0000477b  TA0_N_IRQHandler               
0000477b  TA1_N_IRQHandler               
0000477b  TA2_0_IRQHandler               
0000477b  TA2_N_IRQHandler               
0000477b  UsageFault_Handler             
0000477b  WDT_A_IRQHandler               
0000477d  __TI_zero_init                 
00004789  _system_pre_init               
00004828  __TI_Handler_Table_Base        
00004834  __TI_Handler_Table_Limit       
00004840  __TI_CINIT_Base                
00004850  __TI_CINIT_Limit               
20000000  x                              
20001000  x2                             
20002000  x3                             
20003000  TxHistogram                    
20003200  __CIOBUF_                      
20003320  __TI_tmpnams                   
200033c0  RxFifo0                        
20003442  TxFifo0                        
200034c4  String                         
20003504  Messageb                       
2000350c  Messagec                       
20003514  parmbuf                        
2000351c  Elapsed                        
20003520  First                          
20003524  I1                             
20003528  LPFSum                         
2000352c  LPFSum2                        
20003530  LPFSum3                        
20003534  MaxTime                        
20003538  Messageindexb                  
2000353c  Messageindexc                  
20003540  NumErrors                      
20003544  NumSuccess                     
20003548  Port4Task                      
2000354c  Pt                             
20003550  Pt2                            
20003554  Pt3                            
20003558  Size                           
2000355c  TimerA1Task                    
20003560  nc                             
20003564  nl                             
20003568  nr                             
2000356c  CollisionData                  
2000356d  CollisionFlag                  
2000356e  ReadData                       
2000356f  WriteData                      
20003570  _sys_memory                    
20003970  _ftable                        
20003a60  _device                        
20003ad8  _stream                        
20003b28  ClockFrequency                 
20003b2c  Prewait                        
20003b30  CPMwait                        
20003b34  Postwait                       
20003b38  IFlags                         
20003b3c  Crystalstable                  
20003b40  __TI_ft_end                    
20003b44  __aeabi_stdin                  
20003b48  __aeabi_stdout                 
20003b4c  __aeabi_stderr                 
20003b50  ADCflag                        
20003b60  __TI_cleanup_ptr               
20003b64  __TI_dtors_ptr                 
20003b68  __TI_enable_exit_profile_output
20003b78  _lock                          
20003b7c  _unlock                        
20003b80  CaptureTask0                   
20003b84  CaptureTask2                   
20003b94  main_func_sp                   
20003b98  SystemCoreClock                
2000fe00  __stack                        
20010000  __STACK_END                    
4000480c  WDTCTL_SYM                     
ffffffff  __TI_pprof_out_hndl            
ffffffff  __TI_prof_data_size            
ffffffff  __TI_prof_data_start           
ffffffff  __binit__                      
ffffffff  __c_args__                     
ffffffff  binit                          
UNDEFED   SHT$$INIT_ARRAY$$Base          
UNDEFED   SHT$$INIT_ARRAY$$Limit         
UNDEFED   Tachometer_Init                

[326 symbols]
