******************************************************************************
                  TI ARM Linker PC v16.9.6                     
******************************************************************************
>> Linked Wed Oct 30 10:56:33 2019

OUTPUT FILE NAME:   <Lab5_UARTComms.out>
ENTRY POINT SYMBOL: "_c_int00"  address: 00002cbd


MEMORY CONFIGURATION

         name            origin    length      used     unused   attr    fill
----------------------  --------  ---------  --------  --------  ----  --------
  MAIN                  00000000   00040000  00003080  0003cf80  R  X
  INFO                  00200000   00004000  00000000  00004000  R  X
  SRAM_CODE             01000000   00010000  00000d66  0000f29a  RW X
  SRAM_DATA             20000000   00010000  00000d66  0000f29a  RW  


SEGMENT ALLOCATION MAP

run origin  load origin   length   init length attrs members
----------  ----------- ---------- ----------- ----- -------
00000000    00000000    00003080   00003080    r-x
  00000000    00000000    000000e4   000000e4    r-- .intvecs
  000000e4    000000e4    00002ef4   00002ef4    r-x .text
  00002fd8    00002fd8    000000a8   000000a8    r-- .cinit
20000000    20000000    00000b68   00000000    rw-
  20000000    20000000    00000546   00000000    rw- .bss
  20000548    20000548    00000400   00000000    rw- .sysmem
  20000948    20000948    00000220   00000000    rw- .data
2000fe00    2000fe00    00000200   00000000    rw-
  2000fe00    2000fe00    00000200   00000000    rw- .stack


SECTION ALLOCATION MAP

 output                                  attributes/
section   page    origin      length       input sections
--------  ----  ----------  ----------   ----------------
.intvecs   0    00000000    000000e4     
                  00000000    000000e4     startup_msp432p401r_ccs.obj (.intvecs:retain)

.binit     0    00000000    00000000     

.text      0    000000e4    00002ef4     
                  000000e4    000006bc     UART0.obj (.text)
                  000007a0    00000604     Lab5_UARTmain.obj (.text)
                  00000da4    000005ba     EUSCIA0.obj (.text)
                  0000135e    00000002     rtsv7M4_T_le_v4SPD16_eabi.lib : mpu_init.obj (.text)
                  00001360    000003d0                                   : memory.obj (.text)
                  00001730    0000032c     system_msp432p401r.obj (.text)
                  00001a5c    00000210     FIFO0.obj (.text)
                  00001c6c    000001e0     Clock.obj (.text)
                  00001e4c    000001c4     rtsv7M4_T_le_v4SPD16_eabi.lib : fopen.obj (.text)
                  00002010    00000134     BumpInt.obj (.text)
                  00002144    00000128     TA3InputCapture.obj (.text)
                  0000226c    000000f4     LaunchPad.obj (.text)
                  00002360    000000dc     rtsv7M4_T_le_v4SPD16_eabi.lib : setvbuf.obj (.text)
                  0000243c    000000c8                                   : fflush.obj (.text)
                  00002504    000000bc                                   : open.obj (.text)
                  000025c0    000000b8                                   : add_device.obj (.text)
                  00002678    000000a8     TimerA1.obj (.text)
                  00002720    0000009c     rtsv7M4_T_le_v4SPD16_eabi.lib : memcpy_t2.obj (.text)
                  000027bc    00000098                                   : fclose.obj (.text)
                  00002854    0000007a                                   : memset_t2.obj (.text)
                  000028ce    00000002                                   : startup.obj (.text)
                  000028d0    00000070                                   : autoinit.obj (.text)
                  00002940    00000070                                   : getdevice.obj (.text)
                  000029b0    00000068                                   : copy_decompress_lzss.obj (.text:decompress:lzss)
                  00002a18    00000068                                   : hostlseek.obj (.text)
                  00002a80    00000068                                   : hostrename.obj (.text)
                  00002ae8    00000068                                   : trgmsg.obj (.text)
                  00002b50    00000060                                   : hostopen.obj (.text)
                  00002bb0    0000005c                                   : close.obj (.text)
                  00002c0c    00000058                                   : hostread.obj (.text)
                  00002c64    00000058                                   : hostwrite.obj (.text)
                  00002cbc    00000054                                   : boot.obj (.text)
                  00002d10    00000054                                   : exit.obj (.text)
                  00002d64    0000004c                                   : cpy_tbl.obj (.text)
                  00002db0    00000044                                   : hostclose.obj (.text)
                  00002df4    00000044                                   : hostunlink.obj (.text)
                  00002e38    00000040     SysTickInts.obj (.text)
                  00002e78    00000036     rtsv7M4_T_le_v4SPD16_eabi.lib : strncpy.obj (.text)
                  00002eae    00000002     --HOLE-- [fill = 0]
                  00002eb0    0000002c                                   : unlink.obj (.text)
                  00002edc    00000028                                   : write.obj (.text)
                  00002f04    00000024     CortexM.obj (.text)
                  00002f28    00000018     rtsv7M4_T_le_v4SPD16_eabi.lib : args_main.obj (.text)
                  00002f40    00000018                                   : strcmp.obj (.text)
                  00002f58    00000016                                   : strchr.obj (.text)
                  00002f6e    00000002     --HOLE-- [fill = 0]
                  00002f70    00000014                                   : _lock.obj (.text)
                  00002f84    00000014                                   : strcpy.obj (.text)
                  00002f98    00000014                                   : strlen.obj (.text)
                  00002fac    0000000e                                   : copy_decompress_none.obj (.text:decompress:none)
                  00002fba    0000000e     startup_msp432p401r_ccs.obj (.text)
                  00002fc8    0000000c     rtsv7M4_T_le_v4SPD16_eabi.lib : copy_zero_init.obj (.text:decompress:ZI)
                  00002fd4    00000004                                   : pre_init.obj (.text)

.cinit     0    00002fd8    000000a8     
                  00002fd8    00000080     (.cinit..data.load) [load image, compression = lzss]
                  00003058    0000000c     (__TI_handler_table)
                  00003064    00000004     --HOLE-- [fill = 0]
                  00003068    00000008     (.cinit..bss.load) [load image, compression = zero_init]
                  00003070    00000010     (__TI_cinit_table)

.init_array 
*          0    00000000    00000000     UNINITIALIZED

.bss       0    20000000    00000546     UNINITIALIZED
                  20000000    00000200     (.common:TxHistogram)
                  20000200    00000120     rtsv7M4_T_le_v4SPD16_eabi.lib : trgmsg.obj (.bss:_CIOBUF_)
                  20000320    000000a0     (.common:__TI_tmpnams)
                  200003c0    00000082     (.common:RxFifo0)
                  20000442    00000082     (.common:TxFifo0)
                  200004c4    00000040     (.common:String)
                  20000504    00000008     (.common:Messageb)
                  2000050c    00000008     (.common:Messagec)
                  20000514    00000008     (.common:parmbuf)
                  2000051c    00000004     (.common:Elapsed)
                  20000520    00000004     (.common:First)
                  20000524    00000004     (.common:MaxTime)
                  20000528    00000004     (.common:Messageindexb)
                  2000052c    00000004     (.common:Messageindexc)
                  20000530    00000004     (.common:NumErrors)
                  20000534    00000004     (.common:NumSuccess)
                  20000538    00000004     (.common:Port4Task)
                  2000053c    00000004     (.common:Size)
                  20000540    00000004     (.common:TimerA1Task)
                  20000544    00000001     (.common:ReadData)
                  20000545    00000001     (.common:WriteData)

.sysmem    0    20000548    00000400     UNINITIALIZED
                  20000548    00000008     rtsv7M4_T_le_v4SPD16_eabi.lib : memory.obj (.sysmem)
                  20000550    000003f8     --HOLE--

.data      0    20000948    00000220     UNINITIALIZED
                  20000948    000000f0     rtsv7M4_T_le_v4SPD16_eabi.lib : defs.obj (.data:_ftable)
                  20000a38    00000078                                   : write.obj (.data:_device)
                  20000ab0    00000050                                   : write.obj (.data:_stream)
                  20000b00    00000018     Clock.obj (.data)
                  20000b18    00000010     rtsv7M4_T_le_v4SPD16_eabi.lib : defs.obj (.data)
                  20000b28    0000000c                                   : exit.obj (.data:$O1$$)
                  20000b34    0000000c                                   : memory.obj (.data:$O1$$)
                  20000b40    00000008                                   : _lock.obj (.data:$O1$$)
                  20000b48    00000008     TA3InputCapture.obj (.data)
                  20000b50    00000004     Lab5_UARTmain.obj (.data)
                  20000b54    00000004     rtsv7M4_T_le_v4SPD16_eabi.lib : add_device.obj (.data)
                  20000b58    00000004                                   : fopen.obj (.data)
                  20000b5c    00000004                                   : open.obj (.data)
                  20000b60    00000004                                   : stkdepth_vars.obj (.data)
                  20000b64    00000004     system_msp432p401r.obj (.data)

.stack     0    2000fe00    00000200     UNINITIALIZED
                  2000fe00    00000200     --HOLE--

MODULE SUMMARY

       Module                        code    ro data   rw data
       ------                        ----    -------   -------
    .\
       FIFO0.obj                     528     0         1544   
       UART0.obj                     1724    0         24     
       Lab5_UARTmain.obj             1540    0         180    
       EUSCIA0.obj                   1466    0         24     
       system_msp432p401r.obj        812     0         8      
       Clock.obj                     480     0         48     
       BumpInt.obj                   308     0         8      
       TA3InputCapture.obj           296     0         16     
       LaunchPad.obj                 244     0         0      
       startup_msp432p401r_ccs.obj   14      228       0      
       TimerA1.obj                   168     0         8      
       SysTickInts.obj               64      0         0      
       CortexM.obj                   36      0         0      
       LPF.obj                       0       0         8      
    +--+-----------------------------+-------+---------+---------+
       Total:                        7680    228       1868   
                                                              
    C:\ti\ccsv7\tools\compiler\ti-cgt-arm_16.9.6.LTS\lib\rtsv7M4_T_le_v4SPD16_eabi.lib
       memory.obj                    976     0         24     
       defs.obj                      0       0         832    
       trgmsg.obj                    104     0         576    
       fopen.obj                     452     0         8      
       write.obj                     40      0         400    
       setvbuf.obj                   220     0         0      
       fflush.obj                    200     0         0      
       open.obj                      188     0         8      
       add_device.obj                184     0         8      
       memcpy_t2.obj                 156     0         0      
       fclose.obj                    152     0         0      
       memset_t2.obj                 122     0         0      
       autoinit.obj                  112     0         0      
       getdevice.obj                 112     0         0      
       hostopen.obj                  96      0         16     
       exit.obj                      84      0         24     
       copy_decompress_lzss.obj      104     0         0      
       hostlseek.obj                 104     0         0      
       hostrename.obj                104     0         0      
       close.obj                     92      0         0      
       hostread.obj                  88      0         0      
       hostwrite.obj                 88      0         0      
       boot.obj                      84      0         0      
       cpy_tbl.obj                   76      0         0      
       hostclose.obj                 68      0         0      
       hostunlink.obj                68      0         0      
       strncpy.obj                   54      0         0      
       unlink.obj                    44      0         0      
       _lock.obj                     20      0         16     
       args_main.obj                 24      0         0      
       strcmp.obj                    24      0         0      
       strchr.obj                    22      0         0      
       strcpy.obj                    20      0         0      
       strlen.obj                    20      0         0      
       copy_decompress_none.obj      14      0         0      
       copy_zero_init.obj            12      0         0      
       stkdepth_vars.obj             0       0         8      
       pre_init.obj                  4       0         0      
       mpu_init.obj                  2       0         0      
       startup.obj                   2       0         0      
    +--+-----------------------------+-------+---------+---------+
       Total:                        4336    0         1920   
                                                              
       Heap:                         0       0         2048   
       Stack:                        0       0         1024   
       Linker Generated:             0       164       0      
    +--+-----------------------------+-------+---------+---------+
       Grand Total:                  12016   392       6860   


LINKER GENERATED COPY TABLES

__TI_cinit_table @ 00003070 records: 2, size/record: 8, table size: 16
	.data: load addr=00002fd8, load size=00000080 bytes, run addr=20000948, run size=00000220 bytes, compression=lzss
	.bss: load addr=00003068, load size=00000008 bytes, run addr=20000000, run size=00000546 bytes, compression=zero_init


LINKER GENERATED HANDLER TABLE

__TI_handler_table @ 00003058 records: 3, size/record: 4, table size: 12
	index: 0, handler: __TI_decompress_lzss
	index: 1, handler: __TI_decompress_none
	index: 2, handler: __TI_zero_init


GLOBAL SYMBOLS: SORTED ALPHABETICALLY BY Name 

address   name                           
-------   ----                           
00002fc7  ADC14_IRQHandler               
00002fc7  AES256_IRQHandler              
00002011  BumpInt_Init                   
00002087  Bump_Read                      
00002fc7  BusFault_Handler               
00002d11  C$$EXIT                        
00002b17  C$$IO$$                        
00002fc7  COMP_E0_IRQHandler             
00002fc7  COMP_E1_IRQHandler             
20000b08  CPMwait                        
00002fc7  CS_IRQHandler                  
20000b48  CaptureTask0                   
20000b4c  CaptureTask2                   
20000b00  ClockFrequency                 
00001dc1  Clock_Delay1ms                 
00001d97  Clock_Delay1us                 
00001d83  Clock_GetFreq                  
00001c6d  Clock_Init48MHz                
20000b14  Crystalstable                  
00002fc7  DMA_ERR_IRQHandler             
00002fc7  DMA_INT0_IRQHandler            
00002fc7  DMA_INT1_IRQHandler            
00002fc7  DMA_INT2_IRQHandler            
00002fc7  DMA_INT3_IRQHandler            
00002fc7  DebugMon_Handler               
00002fc7  Default_Handler                
00002f05  DisableInterrupts              
00000e37  EUSCIA0_IRQHandler             
00000e37  EUSCIA0_IRQHandler             
00000e0b  EUSCIA0_InChar                 
000012d5  EUSCIA0_InString               
00000e8b  EUSCIA0_InUDec                 
00001189  EUSCIA0_InUHex                 
00000da5  EUSCIA0_Init                   
00000e1d  EUSCIA0_OutChar                
00000e6d  EUSCIA0_OutString              
00000f0f  EUSCIA0_OutUDec                
000010a1  EUSCIA0_OutUDec4               
000010d9  EUSCIA0_OutUDec5               
00001115  EUSCIA0_OutUFix1               
0000113d  EUSCIA0_OutUFix2               
00001251  EUSCIA0_OutUHex                
000012b7  EUSCIA0_OutUHex2               
00001295  EUSCIA0outnibble               
00002fc7  EUSCIA1_IRQHandler             
00002fc7  EUSCIA2_IRQHandler             
00002fc7  EUSCIA3_IRQHandler             
00002fc7  EUSCIB0_IRQHandler             
00002fc7  EUSCIB1_IRQHandler             
00002fc7  EUSCIB2_IRQHandler             
00002fc7  EUSCIB3_IRQHandler             
2000051c  Elapsed                        
00002f0b  EnableInterrupts               
00002f1b  EndCritical                    
00002fc7  FLCTL_IRQHandler               
00002fc7  FPU_IRQHandler                 
20000520  First                          
00002db1  HOSTclose                      
00002a19  HOSTlseek                      
00002b51  HOSTopen                       
00002c0d  HOSTread                       
00002a81  HOSTrename                     
00002df5  HOSTunlink                     
00002c65  HOSTwrite                      
00002fc7  HardFault_Handler              
20000b10  IFlags                         
0000226d  LaunchPad_Init                 
000022dd  LaunchPad_Input                
000022f7  LaunchPad_LED                  
00002315  LaunchPad_Output               
20000524  MaxTime                        
00002fc7  MemManage_Handler              
20000504  Messageb                       
2000050c  Messagec                       
20000528  Messageindexb                  
2000052c  Messageindexc                  
00002fc7  NMI_Handler                    
20000530  NumErrors                      
20000534  NumSuccess                     
00002fc7  PCM_IRQHandler                 
00002fc7  PORT1_IRQHandler               
00002fc7  PORT2_IRQHandler               
00002fc7  PORT3_IRQHandler               
00002107  PORT4_IRQHandler               
00002107  PORT4_IRQHandler               
00002fc7  PORT5_IRQHandler               
00002fc7  PORT6_IRQHandler               
00002fc7  PSS_IRQHandler                 
00002fc7  PendSV_Handler                 
20000538  Port4Task                      
20000b0c  Postwait                       
20000b04  Prewait                        
000007fd  Program5_1                     
0000086b  Program5_2                     
0000092b  Program5_3                     
00000a15  Program5_4                     
00000b09  RSLK_Reset                     
00002fc7  RTC_C_IRQHandler               
000007a1  Random                         
20000544  ReadData                       
00002fbb  Reset_Handler                  
200003c0  RxFifo0                        
00001bd7  RxFifo0_Get                    
00001b7d  RxFifo0_Init                   
00001b89  RxFifo0_Put                    
00001c15  RxFifo0_Size                   
UNDEFED   SHT$$INIT_ARRAY$$Base          
UNDEFED   SHT$$INIT_ARRAY$$Limit         
00002fc7  SVC_Handler                    
2000053c  Size                           
00002f11  StartCritical                  
200004c4  String                         
00002fc7  SysTick_Handler                
00002e39  SysTick_Init                   
20000b64  SystemCoreClock                
00001731  SystemCoreClockUpdate          
000019a5  SystemInit                     
00002fc7  T32_INT1_IRQHandler            
00002fc7  T32_INT2_IRQHandler            
00002fc7  T32_INTC_IRQHandler            
00002fc7  TA0_0_IRQHandler               
00002fc7  TA0_N_IRQHandler               
000026eb  TA1_0_IRQHandler               
000026eb  TA1_0_IRQHandler               
00002fc7  TA1_N_IRQHandler               
00002fc7  TA2_0_IRQHandler               
00002fc7  TA2_N_IRQHandler               
000021f3  TA3_0_IRQHandler               
000021f3  TA3_0_IRQHandler               
0000220d  TA3_N_IRQHandler               
0000220d  TA3_N_IRQHandler               
000007b9  TestFifo                       
20000540  TimerA1Task                    
00002679  TimerA1_Init                   
000026d7  TimerA1_Stop                   
00002151  TimerA3Capture_Init            
20000442  TxFifo0                        
00001ae9  TxFifo0_Get                    
00001a5d  TxFifo0_Init                   
00001a8f  TxFifo0_Put                    
00001b27  TxFifo0_Size                   
20000000  TxHistogram                    
0000012b  UART0_InChar                   
000005b5  UART0_InString                 
00000175  UART0_InUDec                   
00000469  UART0_InUHex                   
000000e5  UART0_Init                     
00000715  UART0_Initprintf               
0000013b  UART0_OutChar                  
00000157  UART0_OutString                
000001f9  UART0_OutUDec                  
00000365  UART0_OutUDec4                 
000003b9  UART0_OutUDec5                 
000003f5  UART0_OutUFix1                 
0000041d  UART0_OutUFix2                 
0000052d  UART0_OutUHex                  
00000599  UART0_OutUHex2                 
00002fc7  UsageFault_Handler             
4000480c  WDTCTL_SYM                     
00002fc7  WDT_A_IRQHandler               
00002f23  WaitForInterrupt               
20000545  WriteData                      
20000200  __CIOBUF_                      
20010000  __STACK_END                    
00000200  __STACK_SIZE                   
00000400  __SYSMEM_SIZE                  
00003070  __TI_CINIT_Base                
00003080  __TI_CINIT_Limit               
00003058  __TI_Handler_Table_Base        
00003064  __TI_Handler_Table_Limit       
000028d1  __TI_auto_init                 
00001f15  __TI_cleanup                   
20000b28  __TI_cleanup_ptr               
000027bd  __TI_closefile                 
000029b1  __TI_decompress_lzss           
00002fad  __TI_decompress_none           
0000243d  __TI_doflush                   
20000b2c  __TI_dtors_ptr                 
20000b30  __TI_enable_exit_profile_output
20000b18  __TI_ft_end                    
ffffffff  __TI_pprof_out_hndl            
ffffffff  __TI_prof_data_size            
ffffffff  __TI_prof_data_start           
00002b1b  __TI_readmsg                   
00000000  __TI_static_base__             
20000320  __TI_tmpnams                   
00002ae9  __TI_writemsg                  
00002fc9  __TI_zero_init                 
00002855  __aeabi_memclr                 
00002855  __aeabi_memclr4                
00002855  __aeabi_memclr8                
00002721  __aeabi_memcpy                 
00002721  __aeabi_memcpy4                
00002721  __aeabi_memcpy8                
00002857  __aeabi_memset                 
00002857  __aeabi_memset4                
00002857  __aeabi_memset8                
20000b24  __aeabi_stderr                 
20000b1c  __aeabi_stdin                  
20000b20  __aeabi_stdout                 
ffffffff  __binit__                      
ffffffff  __c_args__                     
0000135f  __mpu_init                     
2000fe00  __stack                        
00002f29  _args_main                     
00002cbd  _c_int00                       
20000a38  _device                        
20000948  _ftable                        
20000b40  _lock                          
00002f7f  _nop                           
00002f77  _register_lock                 
00002f71  _register_unlock               
20000ab0  _stream                        
20000548  _sys_memory                    
000028cf  _system_post_cinit             
00002fd5  _system_pre_init               
20000b44  _unlock                        
00002d15  abort                          
000025c1  add_device                     
ffffffff  binit                          
00001701  calloc                         
00002bb1  close                          
00002d65  copy_in                        
00001d89  delay                          
00002d1d  exit                           
00002823  fclose                         
0000064f  ferror                         
00002489  fflush                         
0000062f  fgetc                          
00002941  finddevice                     
00001f6b  fopen                          
0000144b  free                           
00001f41  freopen                        
0000296b  getdevice                      
00000000  interruptVectors               
00000b2d  main                           
20000b60  main_func_sp                   
000013e1  malloc                         
00001615  memalign                       
00002721  memcpy                         
0000285d  memset                         
00001361  minit                          
00002505  open                           
00000571  outnibble                      
20000514  parmbuf                        
0000150b  realloc                        
00002eb1  remove                         
00002361  setvbuf                        
00002f59  strchr                         
00002f41  strcmp                         
00002f85  strcpy                         
00002f99  strlen                         
00002e79  strncpy                        
00002145  ta3dummy                       
0000066d  uart_close                     
000006eb  uart_lseek                     
0000065d  uart_open                      
0000067f  uart_read                      
00000707  uart_rename                    
000006fb  uart_unlink                    
000006a9  uart_write                     
00002eb1  unlink                         
00002edd  write                          


GLOBAL SYMBOLS: SORTED BY Symbol Address 

address   name                           
-------   ----                           
00000000  __TI_static_base__             
00000000  interruptVectors               
000000e5  UART0_Init                     
0000012b  UART0_InChar                   
0000013b  UART0_OutChar                  
00000157  UART0_OutString                
00000175  UART0_InUDec                   
000001f9  UART0_OutUDec                  
00000200  __STACK_SIZE                   
00000365  UART0_OutUDec4                 
000003b9  UART0_OutUDec5                 
000003f5  UART0_OutUFix1                 
00000400  __SYSMEM_SIZE                  
0000041d  UART0_OutUFix2                 
00000469  UART0_InUHex                   
0000052d  UART0_OutUHex                  
00000571  outnibble                      
00000599  UART0_OutUHex2                 
000005b5  UART0_InString                 
0000062f  fgetc                          
0000064f  ferror                         
0000065d  uart_open                      
0000066d  uart_close                     
0000067f  uart_read                      
000006a9  uart_write                     
000006eb  uart_lseek                     
000006fb  uart_unlink                    
00000707  uart_rename                    
00000715  UART0_Initprintf               
000007a1  Random                         
000007b9  TestFifo                       
000007fd  Program5_1                     
0000086b  Program5_2                     
0000092b  Program5_3                     
00000a15  Program5_4                     
00000b09  RSLK_Reset                     
00000b2d  main                           
00000da5  EUSCIA0_Init                   
00000e0b  EUSCIA0_InChar                 
00000e1d  EUSCIA0_OutChar                
00000e37  EUSCIA0_IRQHandler             
00000e37  EUSCIA0_IRQHandler             
00000e6d  EUSCIA0_OutString              
00000e8b  EUSCIA0_InUDec                 
00000f0f  EUSCIA0_OutUDec                
000010a1  EUSCIA0_OutUDec4               
000010d9  EUSCIA0_OutUDec5               
00001115  EUSCIA0_OutUFix1               
0000113d  EUSCIA0_OutUFix2               
00001189  EUSCIA0_InUHex                 
00001251  EUSCIA0_OutUHex                
00001295  EUSCIA0outnibble               
000012b7  EUSCIA0_OutUHex2               
000012d5  EUSCIA0_InString               
0000135f  __mpu_init                     
00001361  minit                          
000013e1  malloc                         
0000144b  free                           
0000150b  realloc                        
00001615  memalign                       
00001701  calloc                         
00001731  SystemCoreClockUpdate          
000019a5  SystemInit                     
00001a5d  TxFifo0_Init                   
00001a8f  TxFifo0_Put                    
00001ae9  TxFifo0_Get                    
00001b27  TxFifo0_Size                   
00001b7d  RxFifo0_Init                   
00001b89  RxFifo0_Put                    
00001bd7  RxFifo0_Get                    
00001c15  RxFifo0_Size                   
00001c6d  Clock_Init48MHz                
00001d83  Clock_GetFreq                  
00001d89  delay                          
00001d97  Clock_Delay1us                 
00001dc1  Clock_Delay1ms                 
00001f15  __TI_cleanup                   
00001f41  freopen                        
00001f6b  fopen                          
00002011  BumpInt_Init                   
00002087  Bump_Read                      
00002107  PORT4_IRQHandler               
00002107  PORT4_IRQHandler               
00002145  ta3dummy                       
00002151  TimerA3Capture_Init            
000021f3  TA3_0_IRQHandler               
000021f3  TA3_0_IRQHandler               
0000220d  TA3_N_IRQHandler               
0000220d  TA3_N_IRQHandler               
0000226d  LaunchPad_Init                 
000022dd  LaunchPad_Input                
000022f7  LaunchPad_LED                  
00002315  LaunchPad_Output               
00002361  setvbuf                        
0000243d  __TI_doflush                   
00002489  fflush                         
00002505  open                           
000025c1  add_device                     
00002679  TimerA1_Init                   
000026d7  TimerA1_Stop                   
000026eb  TA1_0_IRQHandler               
000026eb  TA1_0_IRQHandler               
00002721  __aeabi_memcpy                 
00002721  __aeabi_memcpy4                
00002721  __aeabi_memcpy8                
00002721  memcpy                         
000027bd  __TI_closefile                 
00002823  fclose                         
00002855  __aeabi_memclr                 
00002855  __aeabi_memclr4                
00002855  __aeabi_memclr8                
00002857  __aeabi_memset                 
00002857  __aeabi_memset4                
00002857  __aeabi_memset8                
0000285d  memset                         
000028cf  _system_post_cinit             
000028d1  __TI_auto_init                 
00002941  finddevice                     
0000296b  getdevice                      
000029b1  __TI_decompress_lzss           
00002a19  HOSTlseek                      
00002a81  HOSTrename                     
00002ae9  __TI_writemsg                  
00002b17  C$$IO$$                        
00002b1b  __TI_readmsg                   
00002b51  HOSTopen                       
00002bb1  close                          
00002c0d  HOSTread                       
00002c65  HOSTwrite                      
00002cbd  _c_int00                       
00002d11  C$$EXIT                        
00002d15  abort                          
00002d1d  exit                           
00002d65  copy_in                        
00002db1  HOSTclose                      
00002df5  HOSTunlink                     
00002e39  SysTick_Init                   
00002e79  strncpy                        
00002eb1  remove                         
00002eb1  unlink                         
00002edd  write                          
00002f05  DisableInterrupts              
00002f0b  EnableInterrupts               
00002f11  StartCritical                  
00002f1b  EndCritical                    
00002f23  WaitForInterrupt               
00002f29  _args_main                     
00002f41  strcmp                         
00002f59  strchr                         
00002f71  _register_unlock               
00002f77  _register_lock                 
00002f7f  _nop                           
00002f85  strcpy                         
00002f99  strlen                         
00002fad  __TI_decompress_none           
00002fbb  Reset_Handler                  
00002fc7  ADC14_IRQHandler               
00002fc7  AES256_IRQHandler              
00002fc7  BusFault_Handler               
00002fc7  COMP_E0_IRQHandler             
00002fc7  COMP_E1_IRQHandler             
00002fc7  CS_IRQHandler                  
00002fc7  DMA_ERR_IRQHandler             
00002fc7  DMA_INT0_IRQHandler            
00002fc7  DMA_INT1_IRQHandler            
00002fc7  DMA_INT2_IRQHandler            
00002fc7  DMA_INT3_IRQHandler            
00002fc7  DebugMon_Handler               
00002fc7  Default_Handler                
00002fc7  EUSCIA1_IRQHandler             
00002fc7  EUSCIA2_IRQHandler             
00002fc7  EUSCIA3_IRQHandler             
00002fc7  EUSCIB0_IRQHandler             
00002fc7  EUSCIB1_IRQHandler             
00002fc7  EUSCIB2_IRQHandler             
00002fc7  EUSCIB3_IRQHandler             
00002fc7  FLCTL_IRQHandler               
00002fc7  FPU_IRQHandler                 
00002fc7  HardFault_Handler              
00002fc7  MemManage_Handler              
00002fc7  NMI_Handler                    
00002fc7  PCM_IRQHandler                 
00002fc7  PORT1_IRQHandler               
00002fc7  PORT2_IRQHandler               
00002fc7  PORT3_IRQHandler               
00002fc7  PORT5_IRQHandler               
00002fc7  PORT6_IRQHandler               
00002fc7  PSS_IRQHandler                 
00002fc7  PendSV_Handler                 
00002fc7  RTC_C_IRQHandler               
00002fc7  SVC_Handler                    
00002fc7  SysTick_Handler                
00002fc7  T32_INT1_IRQHandler            
00002fc7  T32_INT2_IRQHandler            
00002fc7  T32_INTC_IRQHandler            
00002fc7  TA0_0_IRQHandler               
00002fc7  TA0_N_IRQHandler               
00002fc7  TA1_N_IRQHandler               
00002fc7  TA2_0_IRQHandler               
00002fc7  TA2_N_IRQHandler               
00002fc7  UsageFault_Handler             
00002fc7  WDT_A_IRQHandler               
00002fc9  __TI_zero_init                 
00002fd5  _system_pre_init               
00003058  __TI_Handler_Table_Base        
00003064  __TI_Handler_Table_Limit       
00003070  __TI_CINIT_Base                
00003080  __TI_CINIT_Limit               
20000000  TxHistogram                    
20000200  __CIOBUF_                      
20000320  __TI_tmpnams                   
200003c0  RxFifo0                        
20000442  TxFifo0                        
200004c4  String                         
20000504  Messageb                       
2000050c  Messagec                       
20000514  parmbuf                        
2000051c  Elapsed                        
20000520  First                          
20000524  MaxTime                        
20000528  Messageindexb                  
2000052c  Messageindexc                  
20000530  NumErrors                      
20000534  NumSuccess                     
20000538  Port4Task                      
2000053c  Size                           
20000540  TimerA1Task                    
20000544  ReadData                       
20000545  WriteData                      
20000548  _sys_memory                    
20000948  _ftable                        
20000a38  _device                        
20000ab0  _stream                        
20000b00  ClockFrequency                 
20000b04  Prewait                        
20000b08  CPMwait                        
20000b0c  Postwait                       
20000b10  IFlags                         
20000b14  Crystalstable                  
20000b18  __TI_ft_end                    
20000b1c  __aeabi_stdin                  
20000b20  __aeabi_stdout                 
20000b24  __aeabi_stderr                 
20000b28  __TI_cleanup_ptr               
20000b2c  __TI_dtors_ptr                 
20000b30  __TI_enable_exit_profile_output
20000b40  _lock                          
20000b44  _unlock                        
20000b48  CaptureTask0                   
20000b4c  CaptureTask2                   
20000b60  main_func_sp                   
20000b64  SystemCoreClock                
2000fe00  __stack                        
20010000  __STACK_END                    
4000480c  WDTCTL_SYM                     
ffffffff  __TI_pprof_out_hndl            
ffffffff  __TI_prof_data_size            
ffffffff  __TI_prof_data_start           
ffffffff  __binit__                      
ffffffff  __c_args__                     
ffffffff  binit                          
UNDEFED   SHT$$INIT_ARRAY$$Base          
UNDEFED   SHT$$INIT_ARRAY$$Limit         

[263 symbols]
