******************************************************************************
                  TI ARM Linker PC v16.9.1                     
******************************************************************************
>> Linked Fri Jul 07 07:46:46 2017

OUTPUT FILE NAME:   <Lab_Motors.out>
ENTRY POINT SYMBOL: "_c_int00"  address: 00000cd9


MEMORY CONFIGURATION

         name            origin    length      used     unused   attr    fill
----------------------  --------  ---------  --------  --------  ----  --------
  MAIN                  00000000   00040000  00000e44  0003f1bc  R  X
  INFO                  00200000   00004000  00000000  00004000  R  X
  SRAM_CODE             01000000   00010000  00000234  0000fdcc  RW X
  SRAM_DATA             20000000   00010000  00000234  0000fdcc  RW  


SEGMENT ALLOCATION MAP

run origin  load origin   length   init length attrs members
----------  ----------- ---------- ----------- ----- -------
00000000    00000000    00000e48   00000e48    r-x
  00000000    00000000    000000e4   000000e4    r-- .intvecs
  000000e4    000000e4    00000d38   00000d38    r-x .text
  00000e20    00000e20    00000028   00000028    r-- .cinit
20000000    20000000    00000034   00000000    rw-
  20000000    20000000    00000034   00000000    rw- .data
2000fe00    2000fe00    00000200   00000000    rw-
  2000fe00    2000fe00    00000200   00000000    rw- .stack


SECTION ALLOCATION MAP

 output                                  attributes/
section   page    origin      length       input sections
--------  ----  ----------  ----------   ----------------
.intvecs   0    00000000    000000e4     
                  00000000    000000e4     startup_msp432p401r_ccs.obj (.intvecs:retain)

.binit     0    00000000    00000000     

.text      0    000000e4    00000d38     
                  000000e4    0000032c     system_msp432p401r.obj (.text)
                  00000410    000002c8     MotorSimple.obj (.text)
                  000006d8    000001e0     Clock.obj (.text)
                  000008b8    000000f4     LaunchPad.obj (.text)
                  000009ac    000000dc     main.obj (.text)
                  00000a88    0000009c     rtsv7M4_T_le_v4SPD16_eabi.lib : memcpy_t2.obj (.text)
                  00000b24    00000070     Bump.obj (.text)
                  00000b94    00000070     rtsv7M4_T_le_v4SPD16_eabi.lib : autoinit.obj (.text)
                  00000c04    0000006c     SysTick.obj (.text)
                  00000c70    00000068     rtsv7M4_T_le_v4SPD16_eabi.lib : copy_decompress_lzss.obj (.text:decompress:lzss)
                  00000cd8    00000054                                   : boot.obj (.text)
                  00000d2c    00000054                                   : exit.obj (.text)
                  00000d80    0000004c                                   : cpy_tbl.obj (.text)
                  00000dcc    00000018                                   : args_main.obj (.text)
                  00000de4    00000014                                   : _lock.obj (.text)
                  00000df8    0000000e                                   : copy_decompress_none.obj (.text:decompress:none)
                  00000e06    0000000e     startup_msp432p401r_ccs.obj (.text)
                  00000e14    00000004     rtsv7M4_T_le_v4SPD16_eabi.lib : pre_init.obj (.text)
                  00000e18    00000002                                   : mpu_init.obj (.text)
                  00000e1a    00000002                                   : startup.obj (.text)

.cinit     0    00000e20    00000028     
                  00000e20    00000017     (.cinit..data.load) [load image, compression = lzss]
                  00000e37    00000001     --HOLE-- [fill = 0]
                  00000e38    00000008     (__TI_handler_table)
                  00000e40    00000008     (__TI_cinit_table)

.init_array 
*          0    00000000    00000000     UNINITIALIZED

.data      0    20000000    00000034     UNINITIALIZED
                  20000000    00000018     Clock.obj (.data)
                  20000018    0000000c     rtsv7M4_T_le_v4SPD16_eabi.lib : exit.obj (.data:$O1$$)
                  20000024    00000008                                   : _lock.obj (.data:$O1$$)
                  2000002c    00000004                                   : stkdepth_vars.obj (.data)
                  20000030    00000004     system_msp432p401r.obj (.data)

.stack     0    2000fe00    00000200     UNINITIALIZED
                  2000fe00    00000200     --HOLE--

MODULE SUMMARY

       Module                        code   ro data   rw data
       ------                        ----   -------   -------
    .\
       system_msp432p401r.obj        812    0         8      
       MotorSimple.obj               712    0         0      
       Clock.obj                     480    0         48     
       LaunchPad.obj                 244    0         0      
       startup_msp432p401r_ccs.obj   14     228       0      
       main.obj                      220    0         0      
       Bump.obj                      112    0         0      
       SysTick.obj                   108    0         0      
    +--+-----------------------------+------+---------+---------+
       Total:                        2702   228       56     
                                                             
    C:\ti\ccsv7\tools\compiler\ti-cgt-arm_16.9.1.LTS\lib\rtsv7M4_T_le_v4SPD16_eabi.lib
       memcpy_t2.obj                 156    0         0      
       autoinit.obj                  112    0         0      
       exit.obj                      84     0         24     
       copy_decompress_lzss.obj      104    0         0      
       boot.obj                      84     0         0      
       cpy_tbl.obj                   76     0         0      
       _lock.obj                     20     0         16     
       args_main.obj                 24     0         0      
       copy_decompress_none.obj      14     0         0      
       stkdepth_vars.obj             0      0         8      
       pre_init.obj                  4      0         0      
       mpu_init.obj                  2      0         0      
       startup.obj                   2      0         0      
    +--+-----------------------------+------+---------+---------+
       Total:                        682    0         48     
                                                             
       Stack:                        0      0         1024   
       Linker Generated:             0      39        0      
    +--+-----------------------------+------+---------+---------+
       Grand Total:                  3384   267       1128   


LINKER GENERATED COPY TABLES

__TI_cinit_table @ 00000e40 records: 1, size/record: 8, table size: 8
	.data: load addr=00000e20, load size=00000017 bytes, run addr=20000000, run size=00000034 bytes, compression=lzss


LINKER GENERATED HANDLER TABLE

__TI_handler_table @ 00000e38 records: 2, size/record: 4, table size: 8
	index: 0, handler: __TI_decompress_lzss
	index: 1, handler: __TI_decompress_none


GLOBAL SYMBOLS: SORTED ALPHABETICALLY BY Name 

address   name                           
-------   ----                           
00000e13  ADC14_IRQHandler               
00000e13  AES256_IRQHandler              
00000b25  Bump_Init                      
00000b59  Bump_Read                      
00000e13  BusFault_Handler               
00000d2d  C$$EXIT                        
00000e13  COMP_E0_IRQHandler             
00000e13  COMP_E1_IRQHandler             
20000008  CPMwait                        
00000e13  CS_IRQHandler                  
20000000  ClockFrequency                 
0000082d  Clock_Delay1ms                 
00000803  Clock_Delay1us                 
000007ef  Clock_GetFreq                  
000006d9  Clock_Init48MHz                
20000014  Crystalstable                  
00000e13  DMA_ERR_IRQHandler             
00000e13  DMA_INT0_IRQHandler            
00000e13  DMA_INT1_IRQHandler            
00000e13  DMA_INT2_IRQHandler            
00000e13  DMA_INT3_IRQHandler            
00000e13  DebugMon_Handler               
00000e13  Default_Handler                
00000e13  EUSCIA0_IRQHandler             
00000e13  EUSCIA1_IRQHandler             
00000e13  EUSCIA2_IRQHandler             
00000e13  EUSCIA3_IRQHandler             
00000e13  EUSCIB0_IRQHandler             
00000e13  EUSCIB1_IRQHandler             
00000e13  EUSCIB2_IRQHandler             
00000e13  EUSCIB3_IRQHandler             
00000e13  FLCTL_IRQHandler               
00000e13  FPU_IRQHandler                 
00000e13  HardFault_Handler              
20000010  IFlags                         
000008b9  LaunchPad_Init                 
00000929  LaunchPad_Input                
00000943  LaunchPad_LED                  
00000961  LaunchPad_Output               
00000e13  MemManage_Handler              
0000052d  Motor_BackwardSimple           
000004b5  Motor_ForwardSimple            
00000411  Motor_InitSimple               
000005a5  Motor_LeftSimple               
00000627  Motor_RightSimple              
00000495  Motor_StopSimple               
00000e13  NMI_Handler                    
00000e13  PCM_IRQHandler                 
00000e13  PORT1_IRQHandler               
00000e13  PORT2_IRQHandler               
00000e13  PORT3_IRQHandler               
00000e13  PORT4_IRQHandler               
00000e13  PORT5_IRQHandler               
00000e13  PORT6_IRQHandler               
00000e13  PSS_IRQHandler                 
000009ad  Pause                          
00000e13  PendSV_Handler                 
2000000c  Postwait                       
20000004  Prewait                        
000009c1  Program12_1                    
00000a65  Program12_3                    
00000e13  RTC_C_IRQHandler               
00000e07  Reset_Handler                  
UNDEFED   SHT$$INIT_ARRAY$$Base          
UNDEFED   SHT$$INIT_ARRAY$$Limit         
00000e13  SVC_Handler                    
00000e13  SysTick_Handler                
00000c05  SysTick_Init                   
00000c15  SysTick_Wait                   
00000c3b  SysTick_Wait10ms               
20000030  SystemCoreClock                
000000e5  SystemCoreClockUpdate          
00000359  SystemInit                     
00000e13  T32_INT1_IRQHandler            
00000e13  T32_INT2_IRQHandler            
00000e13  T32_INTC_IRQHandler            
00000e13  TA0_0_IRQHandler               
00000e13  TA0_N_IRQHandler               
00000e13  TA1_0_IRQHandler               
00000e13  TA1_N_IRQHandler               
00000e13  TA2_0_IRQHandler               
00000e13  TA2_N_IRQHandler               
00000e13  TA3_0_IRQHandler               
00000e13  TA3_N_IRQHandler               
00000e13  UsageFault_Handler             
4000480c  WDTCTL_SYM                     
00000e13  WDT_A_IRQHandler               
20010000  __STACK_END                    
00000200  __STACK_SIZE                   
00000e40  __TI_CINIT_Base                
00000e48  __TI_CINIT_Limit               
00000e38  __TI_Handler_Table_Base        
00000e40  __TI_Handler_Table_Limit       
00000b95  __TI_auto_init                 
20000018  __TI_cleanup_ptr               
00000c71  __TI_decompress_lzss           
00000df9  __TI_decompress_none           
2000001c  __TI_dtors_ptr                 
20000020  __TI_enable_exit_profile_output
ffffffff  __TI_pprof_out_hndl            
ffffffff  __TI_prof_data_size            
ffffffff  __TI_prof_data_start           
00000000  __TI_static_base__             
00000a89  __aeabi_memcpy                 
00000a89  __aeabi_memcpy4                
00000a89  __aeabi_memcpy8                
ffffffff  __binit__                      
ffffffff  __c_args__                     
00000e19  __mpu_init                     
2000fe00  __stack                        
00000dcd  _args_main                     
00000cd9  _c_int00                       
20000024  _lock                          
00000df3  _nop                           
00000deb  _register_lock                 
00000de5  _register_unlock               
00000e1b  _system_post_cinit             
00000e15  _system_pre_init               
20000028  _unlock                        
00000d31  abort                          
ffffffff  binit                          
00000d81  copy_in                        
000007f5  delay                          
00000d39  exit                           
00000000  interruptVectors               
00000a15  main                           
2000002c  main_func_sp                   
00000a89  memcpy                         


GLOBAL SYMBOLS: SORTED BY Symbol Address 

address   name                           
-------   ----                           
00000000  __TI_static_base__             
00000000  interruptVectors               
000000e5  SystemCoreClockUpdate          
00000200  __STACK_SIZE                   
00000359  SystemInit                     
00000411  Motor_InitSimple               
00000495  Motor_StopSimple               
000004b5  Motor_ForwardSimple            
0000052d  Motor_BackwardSimple           
000005a5  Motor_LeftSimple               
00000627  Motor_RightSimple              
000006d9  Clock_Init48MHz                
000007ef  Clock_GetFreq                  
000007f5  delay                          
00000803  Clock_Delay1us                 
0000082d  Clock_Delay1ms                 
000008b9  LaunchPad_Init                 
00000929  LaunchPad_Input                
00000943  LaunchPad_LED                  
00000961  LaunchPad_Output               
000009ad  Pause                          
000009c1  Program12_1                    
00000a15  main                           
00000a65  Program12_3                    
00000a89  __aeabi_memcpy                 
00000a89  __aeabi_memcpy4                
00000a89  __aeabi_memcpy8                
00000a89  memcpy                         
00000b25  Bump_Init                      
00000b59  Bump_Read                      
00000b95  __TI_auto_init                 
00000c05  SysTick_Init                   
00000c15  SysTick_Wait                   
00000c3b  SysTick_Wait10ms               
00000c71  __TI_decompress_lzss           
00000cd9  _c_int00                       
00000d2d  C$$EXIT                        
00000d31  abort                          
00000d39  exit                           
00000d81  copy_in                        
00000dcd  _args_main                     
00000de5  _register_unlock               
00000deb  _register_lock                 
00000df3  _nop                           
00000df9  __TI_decompress_none           
00000e07  Reset_Handler                  
00000e13  ADC14_IRQHandler               
00000e13  AES256_IRQHandler              
00000e13  BusFault_Handler               
00000e13  COMP_E0_IRQHandler             
00000e13  COMP_E1_IRQHandler             
00000e13  CS_IRQHandler                  
00000e13  DMA_ERR_IRQHandler             
00000e13  DMA_INT0_IRQHandler            
00000e13  DMA_INT1_IRQHandler            
00000e13  DMA_INT2_IRQHandler            
00000e13  DMA_INT3_IRQHandler            
00000e13  DebugMon_Handler               
00000e13  Default_Handler                
00000e13  EUSCIA0_IRQHandler             
00000e13  EUSCIA1_IRQHandler             
00000e13  EUSCIA2_IRQHandler             
00000e13  EUSCIA3_IRQHandler             
00000e13  EUSCIB0_IRQHandler             
00000e13  EUSCIB1_IRQHandler             
00000e13  EUSCIB2_IRQHandler             
00000e13  EUSCIB3_IRQHandler             
00000e13  FLCTL_IRQHandler               
00000e13  FPU_IRQHandler                 
00000e13  HardFault_Handler              
00000e13  MemManage_Handler              
00000e13  NMI_Handler                    
00000e13  PCM_IRQHandler                 
00000e13  PORT1_IRQHandler               
00000e13  PORT2_IRQHandler               
00000e13  PORT3_IRQHandler               
00000e13  PORT4_IRQHandler               
00000e13  PORT5_IRQHandler               
00000e13  PORT6_IRQHandler               
00000e13  PSS_IRQHandler                 
00000e13  PendSV_Handler                 
00000e13  RTC_C_IRQHandler               
00000e13  SVC_Handler                    
00000e13  SysTick_Handler                
00000e13  T32_INT1_IRQHandler            
00000e13  T32_INT2_IRQHandler            
00000e13  T32_INTC_IRQHandler            
00000e13  TA0_0_IRQHandler               
00000e13  TA0_N_IRQHandler               
00000e13  TA1_0_IRQHandler               
00000e13  TA1_N_IRQHandler               
00000e13  TA2_0_IRQHandler               
00000e13  TA2_N_IRQHandler               
00000e13  TA3_0_IRQHandler               
00000e13  TA3_N_IRQHandler               
00000e13  UsageFault_Handler             
00000e13  WDT_A_IRQHandler               
00000e15  _system_pre_init               
00000e19  __mpu_init                     
00000e1b  _system_post_cinit             
00000e38  __TI_Handler_Table_Base        
00000e40  __TI_CINIT_Base                
00000e40  __TI_Handler_Table_Limit       
00000e48  __TI_CINIT_Limit               
20000000  ClockFrequency                 
20000004  Prewait                        
20000008  CPMwait                        
2000000c  Postwait                       
20000010  IFlags                         
20000014  Crystalstable                  
20000018  __TI_cleanup_ptr               
2000001c  __TI_dtors_ptr                 
20000020  __TI_enable_exit_profile_output
20000024  _lock                          
20000028  _unlock                        
2000002c  main_func_sp                   
20000030  SystemCoreClock                
2000fe00  __stack                        
20010000  __STACK_END                    
4000480c  WDTCTL_SYM                     
ffffffff  __TI_pprof_out_hndl            
ffffffff  __TI_prof_data_size            
ffffffff  __TI_prof_data_start           
ffffffff  __binit__                      
ffffffff  __c_args__                     
ffffffff  binit                          
UNDEFED   SHT$$INIT_ARRAY$$Base          
UNDEFED   SHT$$INIT_ARRAY$$Limit         

[128 symbols]
