******************************************************************************
                  TI ARM Linker PC v16.9.0                     
******************************************************************************
>> Linked Fri Jul 07 07:46:43 2017

OUTPUT FILE NAME:   <Lab_LCD.out>
ENTRY POINT SYMBOL: "_c_int00"  address: 00001005


MEMORY CONFIGURATION

         name            origin    length      used     unused   attr    fill
----------------------  --------  ---------  --------  --------  ----  --------
  MAIN                  00000000   00040000  00001831  0003e7cf  R  X
  INFO                  00200000   00004000  00000000  00004000  R  X
  SRAM_CODE             01000000   00010000  0000042c  0000fbd4  RW X
  SRAM_DATA             20000000   00010000  0000042c  0000fbd4  RW  


SEGMENT ALLOCATION MAP

run origin  load origin   length   init length attrs members
----------  ----------- ---------- ----------- ----- -------
00000000    00000000    00001838   00001838    r-x
  00000000    00000000    000000e4   000000e4    r-- .intvecs
  000000e4    000000e4    0000106e   0000106e    r-x .text
  00001152    00001152    0000069f   0000069f    r-- .const
  000017f8    000017f8    00000040   00000040    r-- .cinit
20000000    20000000    0000022c   00000000    rw-
  20000000    20000000    000001f8   00000000    rw- .bss
  200001f8    200001f8    00000034   00000000    rw- .data
2000fe00    2000fe00    00000200   00000000    rw-
  2000fe00    2000fe00    00000200   00000000    rw- .stack


SECTION ALLOCATION MAP

 output                                  attributes/
section   page    origin      length       input sections
--------  ----  ----------  ----------   ----------------
.intvecs   0    00000000    000000e4     
                  00000000    000000e4     startup_msp432p401r_ccs.obj (.intvecs:retain)

.binit     0    00000000    00000000     

.text      0    000000e4    0000106e     
                  000000e4    000006d8     Nokia5110.obj (.text)
                  000007bc    0000032c     system_msp432p401r.obj (.text)
                  00000ae8    000001e0     Clock.obj (.text)
                  00000cc8    0000014c     main.obj (.text)
                  00000e14    0000009c     rtsv7M4_T_le_v4SPD16_eabi.lib : memcpy_t2.obj (.text)
                  00000eb0    0000007a                                   : memset_t2.obj (.text)
                  00000f2a    00000002                                   : mpu_init.obj (.text)
                  00000f2c    00000070                                   : autoinit.obj (.text)
                  00000f9c    00000068                                   : copy_decompress_lzss.obj (.text:decompress:lzss)
                  00001004    00000054                                   : boot.obj (.text)
                  00001058    00000054                                   : exit.obj (.text)
                  000010ac    0000004c                                   : cpy_tbl.obj (.text)
                  000010f8    00000018                                   : args_main.obj (.text)
                  00001110    00000014                                   : _lock.obj (.text)
                  00001124    0000000e                                   : copy_decompress_none.obj (.text:decompress:none)
                  00001132    0000000e     startup_msp432p401r_ccs.obj (.text)
                  00001140    0000000c     rtsv7M4_T_le_v4SPD16_eabi.lib : copy_zero_init.obj (.text:decompress:ZI)
                  0000114c    00000004                                   : pre_init.obj (.text)
                  00001150    00000002                                   : startup.obj (.text)

.const     0    00001152    0000069f     
                  00001152    000001f8     main.obj (.const:.string:Longhorn2)
                  0000134a    000001f8     main.obj (.const:.string:Longhorn)
                  00001542    000001e0     Nokia5110.obj (.const:ASCII)
                  00001722    000000c7     main.obj (.const:.string:Enemy)
                  000017e9    00000008     Nokia5110.obj (.const:.string:Masks)

.cinit     0    000017f8    00000040     
                  000017f8    00000017     (.cinit..data.load) [load image, compression = lzss]
                  0000180f    00000001     --HOLE-- [fill = 0]
                  00001810    0000000c     (__TI_handler_table)
                  0000181c    00000004     --HOLE-- [fill = 0]
                  00001820    00000008     (.cinit..bss.load) [load image, compression = zero_init]
                  00001828    00000010     (__TI_cinit_table)

.init_array 
*          0    00000000    00000000     UNINITIALIZED

.bss       0    20000000    000001f8     UNINITIALIZED
                  20000000    000001f8     (.common:Screen)

.data      0    200001f8    00000034     UNINITIALIZED
                  200001f8    00000018     Clock.obj (.data)
                  20000210    0000000c     rtsv7M4_T_le_v4SPD16_eabi.lib : exit.obj (.data:$O1$$)
                  2000021c    00000008                                   : _lock.obj (.data:$O1$$)
                  20000224    00000004                                   : stkdepth_vars.obj (.data)
                  20000228    00000004     system_msp432p401r.obj (.data)

.stack     0    2000fe00    00000200     UNINITIALIZED
                  2000fe00    00000200     --HOLE--

MODULE SUMMARY

       Module                        code   ro data   rw data
       ------                        ----   -------   -------
    .\
       Nokia5110.obj                 1752   488       1008   
       main.obj                      332    1207      0      
       system_msp432p401r.obj        812    0         8      
       Clock.obj                     480    0         48     
       startup_msp432p401r_ccs.obj   14     228       0      
    +--+-----------------------------+------+---------+---------+
       Total:                        3390   1923      1064   
                                                             
    C:\ti\ccsv7\tools\compiler\ti-cgt-arm_16.9.0.LTS\lib\rtsv7M4_T_le_v4SPD16_eabi.lib
       memcpy_t2.obj                 156    0         0      
       memset_t2.obj                 122    0         0      
       autoinit.obj                  112    0         0      
       exit.obj                      84     0         24     
       copy_decompress_lzss.obj      104    0         0      
       boot.obj                      84     0         0      
       cpy_tbl.obj                   76     0         0      
       _lock.obj                     20     0         16     
       args_main.obj                 24     0         0      
       copy_decompress_none.obj      14     0         0      
       copy_zero_init.obj            12     0         0      
       stkdepth_vars.obj             0      0         8      
       pre_init.obj                  4      0         0      
       mpu_init.obj                  2      0         0      
       startup.obj                   2      0         0      
    +--+-----------------------------+------+---------+---------+
       Total:                        816    0         48     
                                                             
       Stack:                        0      0         1024   
       Linker Generated:             0      59        0      
    +--+-----------------------------+------+---------+---------+
       Grand Total:                  4206   1982      2136   


LINKER GENERATED COPY TABLES

__TI_cinit_table @ 00001828 records: 2, size/record: 8, table size: 16
	.data: load addr=000017f8, load size=00000017 bytes, run addr=200001f8, run size=00000034 bytes, compression=lzss
	.bss: load addr=00001820, load size=00000008 bytes, run addr=20000000, run size=000001f8 bytes, compression=zero_init


LINKER GENERATED HANDLER TABLE

__TI_handler_table @ 00001810 records: 3, size/record: 4, table size: 12
	index: 0, handler: __TI_decompress_lzss
	index: 1, handler: __TI_decompress_none
	index: 2, handler: __TI_zero_init


GLOBAL SYMBOLS: SORTED ALPHABETICALLY BY Name 

address   name                           
-------   ----                           
0000113f  ADC14_IRQHandler               
0000113f  AES256_IRQHandler              
0000113f  BusFault_Handler               
00001059  C$$EXIT                        
0000113f  COMP_E0_IRQHandler             
0000113f  COMP_E1_IRQHandler             
20000200  CPMwait                        
0000113f  CS_IRQHandler                  
200001f8  ClockFrequency                 
00000c3d  Clock_Delay1ms                 
00000c13  Clock_Delay1us                 
00000bff  Clock_GetFreq                  
00000ae9  Clock_Init48MHz                
2000020c  Crystalstable                  
0000113f  DMA_ERR_IRQHandler             
0000113f  DMA_INT0_IRQHandler            
0000113f  DMA_INT1_IRQHandler            
0000113f  DMA_INT2_IRQHandler            
0000113f  DMA_INT3_IRQHandler            
0000113f  DebugMon_Handler               
0000113f  Default_Handler                
0000113f  EUSCIA0_IRQHandler             
0000113f  EUSCIA1_IRQHandler             
0000113f  EUSCIA2_IRQHandler             
0000113f  EUSCIA3_IRQHandler             
0000113f  EUSCIB0_IRQHandler             
0000113f  EUSCIB1_IRQHandler             
0000113f  EUSCIB2_IRQHandler             
0000113f  EUSCIB3_IRQHandler             
00001722  Enemy                          
0000113f  FLCTL_IRQHandler               
0000113f  FPU_IRQHandler                 
0000113f  HardFault_Handler              
20000208  IFlags                         
0000134a  Longhorn                       
00001152  Longhorn2                      
000017e9  Masks                          
0000113f  MemManage_Handler              
0000113f  NMI_Handler                    
00000475  Nokia5110_Clear                
000006dd  Nokia5110_ClearBuffer          
00000711  Nokia5110_ClrPxl               
00000707  Nokia5110_DisplayBuffer        
000004b1  Nokia5110_DrawFullImage        
00000131  Nokia5110_Init                 
000001db  Nokia5110_OutChar              
0000021b  Nokia5110_OutString            
00000239  Nokia5110_OutUDec              
000004f9  Nokia5110_PrintBMP             
00000425  Nokia5110_SetCursor            
00000737  Nokia5110_SetPxl               
00000791  Output_Clear                   
000007a9  Output_Color                   
00000789  Output_Init                    
00000799  Output_Off                     
000007a1  Output_On                      
0000113f  PCM_IRQHandler                 
0000113f  PORT1_IRQHandler               
0000113f  PORT2_IRQHandler               
0000113f  PORT3_IRQHandler               
0000113f  PORT4_IRQHandler               
0000113f  PORT5_IRQHandler               
0000113f  PORT6_IRQHandler               
0000113f  PSS_IRQHandler                 
0000113f  PendSV_Handler                 
20000204  Postwait                       
200001fc  Prewait                        
0000113f  RTC_C_IRQHandler               
00001133  Reset_Handler                  
UNDEFED   SHT$$INIT_ARRAY$$Base          
UNDEFED   SHT$$INIT_ARRAY$$Limit         
0000113f  SVC_Handler                    
20000000  Screen                         
0000113f  SysTick_Handler                
20000228  SystemCoreClock                
000007bd  SystemCoreClockUpdate          
00000a31  SystemInit                     
0000113f  T32_INT1_IRQHandler            
0000113f  T32_INT2_IRQHandler            
0000113f  T32_INTC_IRQHandler            
0000113f  TA0_0_IRQHandler               
0000113f  TA0_N_IRQHandler               
0000113f  TA1_0_IRQHandler               
0000113f  TA1_N_IRQHandler               
0000113f  TA2_0_IRQHandler               
0000113f  TA2_N_IRQHandler               
0000113f  TA3_0_IRQHandler               
0000113f  TA3_N_IRQHandler               
0000113f  UsageFault_Handler             
4000480c  WDTCTL_SYM                     
0000113f  WDT_A_IRQHandler               
20010000  __STACK_END                    
00000200  __STACK_SIZE                   
00001828  __TI_CINIT_Base                
00001838  __TI_CINIT_Limit               
00001810  __TI_Handler_Table_Base        
0000181c  __TI_Handler_Table_Limit       
00000f2d  __TI_auto_init                 
20000210  __TI_cleanup_ptr               
00000f9d  __TI_decompress_lzss           
00001125  __TI_decompress_none           
20000214  __TI_dtors_ptr                 
20000218  __TI_enable_exit_profile_output
ffffffff  __TI_pprof_out_hndl            
ffffffff  __TI_prof_data_size            
ffffffff  __TI_prof_data_start           
00000000  __TI_static_base__             
00001141  __TI_zero_init                 
00000eb1  __aeabi_memclr                 
00000eb1  __aeabi_memclr4                
00000eb1  __aeabi_memclr8                
00000e15  __aeabi_memcpy                 
00000e15  __aeabi_memcpy4                
00000e15  __aeabi_memcpy8                
00000eb3  __aeabi_memset                 
00000eb3  __aeabi_memset4                
00000eb3  __aeabi_memset8                
ffffffff  __binit__                      
ffffffff  __c_args__                     
00000f2b  __mpu_init                     
2000fe00  __stack                        
000010f9  _args_main                     
00001005  _c_int00                       
2000021c  _lock                          
0000111f  _nop                           
00001117  _register_lock                 
00001111  _register_unlock               
00001151  _system_post_cinit             
0000114d  _system_pre_init               
20000220  _unlock                        
0000105d  abort                          
ffffffff  binit                          
000010ad  copy_in                        
00000c05  delay                          
00001065  exit                           
0000077b  ferror                         
0000076f  fgetc                          
0000075d  fputc                          
00000000  interruptVectors               
00000cc9  main                           
20000224  main_func_sp                   
00000e15  memcpy                         
00000eb9  memset                         


GLOBAL SYMBOLS: SORTED BY Symbol Address 

address   name                           
-------   ----                           
00000000  __TI_static_base__             
00000000  interruptVectors               
00000131  Nokia5110_Init                 
000001db  Nokia5110_OutChar              
00000200  __STACK_SIZE                   
0000021b  Nokia5110_OutString            
00000239  Nokia5110_OutUDec              
00000425  Nokia5110_SetCursor            
00000475  Nokia5110_Clear                
000004b1  Nokia5110_DrawFullImage        
000004f9  Nokia5110_PrintBMP             
000006dd  Nokia5110_ClearBuffer          
00000707  Nokia5110_DisplayBuffer        
00000711  Nokia5110_ClrPxl               
00000737  Nokia5110_SetPxl               
0000075d  fputc                          
0000076f  fgetc                          
0000077b  ferror                         
00000789  Output_Init                    
00000791  Output_Clear                   
00000799  Output_Off                     
000007a1  Output_On                      
000007a9  Output_Color                   
000007bd  SystemCoreClockUpdate          
00000a31  SystemInit                     
00000ae9  Clock_Init48MHz                
00000bff  Clock_GetFreq                  
00000c05  delay                          
00000c13  Clock_Delay1us                 
00000c3d  Clock_Delay1ms                 
00000cc9  main                           
00000e15  __aeabi_memcpy                 
00000e15  __aeabi_memcpy4                
00000e15  __aeabi_memcpy8                
00000e15  memcpy                         
00000eb1  __aeabi_memclr                 
00000eb1  __aeabi_memclr4                
00000eb1  __aeabi_memclr8                
00000eb3  __aeabi_memset                 
00000eb3  __aeabi_memset4                
00000eb3  __aeabi_memset8                
00000eb9  memset                         
00000f2b  __mpu_init                     
00000f2d  __TI_auto_init                 
00000f9d  __TI_decompress_lzss           
00001005  _c_int00                       
00001059  C$$EXIT                        
0000105d  abort                          
00001065  exit                           
000010ad  copy_in                        
000010f9  _args_main                     
00001111  _register_unlock               
00001117  _register_lock                 
0000111f  _nop                           
00001125  __TI_decompress_none           
00001133  Reset_Handler                  
0000113f  ADC14_IRQHandler               
0000113f  AES256_IRQHandler              
0000113f  BusFault_Handler               
0000113f  COMP_E0_IRQHandler             
0000113f  COMP_E1_IRQHandler             
0000113f  CS_IRQHandler                  
0000113f  DMA_ERR_IRQHandler             
0000113f  DMA_INT0_IRQHandler            
0000113f  DMA_INT1_IRQHandler            
0000113f  DMA_INT2_IRQHandler            
0000113f  DMA_INT3_IRQHandler            
0000113f  DebugMon_Handler               
0000113f  Default_Handler                
0000113f  EUSCIA0_IRQHandler             
0000113f  EUSCIA1_IRQHandler             
0000113f  EUSCIA2_IRQHandler             
0000113f  EUSCIA3_IRQHandler             
0000113f  EUSCIB0_IRQHandler             
0000113f  EUSCIB1_IRQHandler             
0000113f  EUSCIB2_IRQHandler             
0000113f  EUSCIB3_IRQHandler             
0000113f  FLCTL_IRQHandler               
0000113f  FPU_IRQHandler                 
0000113f  HardFault_Handler              
0000113f  MemManage_Handler              
0000113f  NMI_Handler                    
0000113f  PCM_IRQHandler                 
0000113f  PORT1_IRQHandler               
0000113f  PORT2_IRQHandler               
0000113f  PORT3_IRQHandler               
0000113f  PORT4_IRQHandler               
0000113f  PORT5_IRQHandler               
0000113f  PORT6_IRQHandler               
0000113f  PSS_IRQHandler                 
0000113f  PendSV_Handler                 
0000113f  RTC_C_IRQHandler               
0000113f  SVC_Handler                    
0000113f  SysTick_Handler                
0000113f  T32_INT1_IRQHandler            
0000113f  T32_INT2_IRQHandler            
0000113f  T32_INTC_IRQHandler            
0000113f  TA0_0_IRQHandler               
0000113f  TA0_N_IRQHandler               
0000113f  TA1_0_IRQHandler               
0000113f  TA1_N_IRQHandler               
0000113f  TA2_0_IRQHandler               
0000113f  TA2_N_IRQHandler               
0000113f  TA3_0_IRQHandler               
0000113f  TA3_N_IRQHandler               
0000113f  UsageFault_Handler             
0000113f  WDT_A_IRQHandler               
00001141  __TI_zero_init                 
0000114d  _system_pre_init               
00001151  _system_post_cinit             
00001152  Longhorn2                      
0000134a  Longhorn                       
00001722  Enemy                          
000017e9  Masks                          
00001810  __TI_Handler_Table_Base        
0000181c  __TI_Handler_Table_Limit       
00001828  __TI_CINIT_Base                
00001838  __TI_CINIT_Limit               
20000000  Screen                         
200001f8  ClockFrequency                 
200001fc  Prewait                        
20000200  CPMwait                        
20000204  Postwait                       
20000208  IFlags                         
2000020c  Crystalstable                  
20000210  __TI_cleanup_ptr               
20000214  __TI_dtors_ptr                 
20000218  __TI_enable_exit_profile_output
2000021c  _lock                          
20000220  _unlock                        
20000224  main_func_sp                   
20000228  SystemCoreClock                
2000fe00  __stack                        
20010000  __STACK_END                    
4000480c  WDTCTL_SYM                     
ffffffff  __TI_pprof_out_hndl            
ffffffff  __TI_prof_data_size            
ffffffff  __TI_prof_data_start           
ffffffff  __binit__                      
ffffffff  __c_args__                     
ffffffff  binit                          
UNDEFED   SHT$$INIT_ARRAY$$Base          
UNDEFED   SHT$$INIT_ARRAY$$Limit         

[143 symbols]
