******************************************************************************
                  TI ARM Linker PC v16.9.3                     
******************************************************************************
>> Linked Fri Jul 07 07:46:12 2017

OUTPUT FILE NAME:   <Lab_Assembly.out>
ENTRY POINT SYMBOL: "_c_int00"  address: 00000659


MEMORY CONFIGURATION

         name            origin    length      used     unused   attr    fill
----------------------  --------  ---------  --------  --------  ----  --------
  MAIN                  00000000   00040000  000007d4  0003f82c  R  X
  INFO                  00200000   00004000  00000000  00004000  R  X
  SRAM_CODE             01000000   00010000  0000021c  0000fde4  RW X
  SRAM_DATA             20000000   00010000  0000021c  0000fde4  RW  


SEGMENT ALLOCATION MAP

run origin  load origin   length   init length attrs members
----------  ----------- ---------- ----------- ----- -------
00000000    00000000    000007d8   000007d8    r-x
  00000000    00000000    000000e4   000000e4    r-- .intvecs
  000000e4    000000e4    000006c8   000006c8    r-x .text
  000007b0    000007b0    00000028   00000028    r-- .cinit
20000000    20000000    0000001c   00000000    rw-
  20000000    20000000    0000001c   00000000    rw- .data
2000fe00    2000fe00    00000200   00000000    rw-
  2000fe00    2000fe00    00000200   00000000    rw- .stack


SECTION ALLOCATION MAP

 output                                  attributes/
section   page    origin      length       input sections
--------  ----  ----------  ----------   ----------------
.intvecs   0    00000000    000000e4     
                  00000000    000000e4     startup_msp432p401r_ccs.obj (.intvecs:retain)

.binit     0    00000000    00000000     

.text      0    000000e4    000006c8     
                  000000e4    0000032c     system_msp432p401r.obj (.text)
                  00000410    000000d4     main.obj (.text)
                  000004e4    0000009c     rtsv7M4_T_le_v4SPD16_eabi.lib : memcpy_t2.obj (.text)
                  00000580    00000070                                   : autoinit.obj (.text)
                  000005f0    00000068                                   : copy_decompress_lzss.obj (.text:decompress:lzss)
                  00000658    00000054                                   : boot.obj (.text)
                  000006ac    00000054                                   : exit.obj (.text)
                  00000700    0000004c                                   : cpy_tbl.obj (.text)
                  0000074c    00000018                                   : args_main.obj (.text)
                  00000764    00000014                                   : _lock.obj (.text)
                  00000778    00000010     convert.obj (.text)
                  00000788    0000000e     rtsv7M4_T_le_v4SPD16_eabi.lib : copy_decompress_none.obj (.text:decompress:none)
                  00000796    0000000e     startup_msp432p401r_ccs.obj (.text)
                  000007a4    00000004     rtsv7M4_T_le_v4SPD16_eabi.lib : pre_init.obj (.text)
                  000007a8    00000002                                   : mpu_init.obj (.text)
                  000007aa    00000002                                   : startup.obj (.text)

.cinit     0    000007b0    00000028     
                  000007b0    00000015     (.cinit..data.load) [load image, compression = lzss]
                  000007c5    00000003     --HOLE-- [fill = 0]
                  000007c8    00000008     (__TI_handler_table)
                  000007d0    00000008     (__TI_cinit_table)

.init_array 
*          0    00000000    00000000     UNINITIALIZED

.data      0    20000000    0000001c     UNINITIALIZED
                  20000000    0000000c     rtsv7M4_T_le_v4SPD16_eabi.lib : exit.obj (.data:$O1$$)
                  2000000c    00000008                                   : _lock.obj (.data:$O1$$)
                  20000014    00000004                                   : stkdepth_vars.obj (.data)
                  20000018    00000004     system_msp432p401r.obj (.data)

.stack     0    2000fe00    00000200     UNINITIALIZED
                  2000fe00    00000200     --HOLE--

MODULE SUMMARY

       Module                        code   ro data   rw data
       ------                        ----   -------   -------
    .\
       system_msp432p401r.obj        812    0         8      
       startup_msp432p401r_ccs.obj   14     228       0      
       main.obj                      212    0         0      
       convert.obj                   16     0         0      
    +--+-----------------------------+------+---------+---------+
       Total:                        1054   228       8      
                                                             
    C:\ti\ccsv7\tools\compiler\ti-cgt-arm_16.9.3.LTS\lib\rtsv7M4_T_le_v4SPD16_eabi.lib
       memcpy_t2.obj                 156    0         0      
       autoinit.obj                  112    0         0      
       exit.obj                      84     0         24     
       copy_decompress_lzss.obj      104    0         0      
       boot.obj                      84     0         0      
       cpy_tbl.obj                   76     0         0      
       _lock.obj                     20     0         16     
       args_main.obj                 24     0         0      
       copy_decompress_none.obj      14     0         0      
       stkdepth_vars.obj             0      0         8      
       pre_init.obj                  4      0         0      
       mpu_init.obj                  2      0         0      
       startup.obj                   2      0         0      
    +--+-----------------------------+------+---------+---------+
       Total:                        682    0         48     
                                                             
       Stack:                        0      0         1024   
       Linker Generated:             0      37        0      
    +--+-----------------------------+------+---------+---------+
       Grand Total:                  1736   265       1080   


LINKER GENERATED COPY TABLES

__TI_cinit_table @ 000007d0 records: 1, size/record: 8, table size: 8
	.data: load addr=000007b0, load size=00000015 bytes, run addr=20000000, run size=0000001c bytes, compression=lzss


LINKER GENERATED HANDLER TABLE

__TI_handler_table @ 000007c8 records: 2, size/record: 4, table size: 8
	index: 0, handler: __TI_decompress_lzss
	index: 1, handler: __TI_decompress_none


GLOBAL SYMBOLS: SORTED ALPHABETICALLY BY Name 

address   name                           
-------   ----                           
000007a3  ADC14_IRQHandler               
000007a3  AES256_IRQHandler              
000007a3  BusFault_Handler               
000006ad  C$$EXIT                        
000007a3  COMP_E0_IRQHandler             
000007a3  COMP_E1_IRQHandler             
000007a3  CS_IRQHandler                  
00000779  Convert                        
000007a3  DMA_ERR_IRQHandler             
000007a3  DMA_INT0_IRQHandler            
000007a3  DMA_INT1_IRQHandler            
000007a3  DMA_INT2_IRQHandler            
000007a3  DMA_INT3_IRQHandler            
000007a3  DebugMon_Handler               
000007a3  Default_Handler                
000007a3  EUSCIA0_IRQHandler             
000007a3  EUSCIA1_IRQHandler             
000007a3  EUSCIA2_IRQHandler             
000007a3  EUSCIA3_IRQHandler             
000007a3  EUSCIB0_IRQHandler             
000007a3  EUSCIB1_IRQHandler             
000007a3  EUSCIB2_IRQHandler             
000007a3  EUSCIB3_IRQHandler             
000007a3  FLCTL_IRQHandler               
000007a3  FPU_IRQHandler                 
000007a3  HardFault_Handler              
000007a3  MemManage_Handler              
000007a3  NMI_Handler                    
000007a3  PCM_IRQHandler                 
000007a3  PORT1_IRQHandler               
000007a3  PORT2_IRQHandler               
000007a3  PORT3_IRQHandler               
000007a3  PORT4_IRQHandler               
000007a3  PORT5_IRQHandler               
000007a3  PORT6_IRQHandler               
000007a3  PSS_IRQHandler                 
000007a3  PendSV_Handler                 
000007a3  RTC_C_IRQHandler               
00000797  Reset_Handler                  
UNDEFED   SHT$$INIT_ARRAY$$Base          
UNDEFED   SHT$$INIT_ARRAY$$Limit         
000007a3  SVC_Handler                    
000007a3  SysTick_Handler                
20000018  SystemCoreClock                
000000e5  SystemCoreClockUpdate          
00000359  SystemInit                     
000007a3  T32_INT1_IRQHandler            
000007a3  T32_INT2_IRQHandler            
000007a3  T32_INTC_IRQHandler            
000007a3  TA0_0_IRQHandler               
000007a3  TA0_N_IRQHandler               
000007a3  TA1_0_IRQHandler               
000007a3  TA1_N_IRQHandler               
000007a3  TA2_0_IRQHandler               
000007a3  TA2_N_IRQHandler               
000007a3  TA3_0_IRQHandler               
000007a3  TA3_N_IRQHandler               
000007a3  UsageFault_Handler             
4000480c  WDTCTL_SYM                     
000007a3  WDT_A_IRQHandler               
20010000  __STACK_END                    
00000200  __STACK_SIZE                   
000007d0  __TI_CINIT_Base                
000007d8  __TI_CINIT_Limit               
000007c8  __TI_Handler_Table_Base        
000007d0  __TI_Handler_Table_Limit       
00000581  __TI_auto_init                 
20000000  __TI_cleanup_ptr               
000005f1  __TI_decompress_lzss           
00000789  __TI_decompress_none           
20000004  __TI_dtors_ptr                 
20000008  __TI_enable_exit_profile_output
ffffffff  __TI_pprof_out_hndl            
ffffffff  __TI_prof_data_size            
ffffffff  __TI_prof_data_start           
00000000  __TI_static_base__             
000004e5  __aeabi_memcpy                 
000004e5  __aeabi_memcpy4                
000004e5  __aeabi_memcpy8                
ffffffff  __binit__                      
ffffffff  __c_args__                     
000007a9  __mpu_init                     
2000fe00  __stack                        
0000074d  _args_main                     
00000659  _c_int00                       
2000000c  _lock                          
00000773  _nop                           
0000076b  _register_lock                 
00000765  _register_unlock               
000007ab  _system_post_cinit             
000007a5  _system_pre_init               
20000010  _unlock                        
000006b1  abort                          
ffffffff  binit                          
00000701  copy_in                        
000006b9  exit                           
00000000  interruptVectors               
00000491  main                           
20000014  main_func_sp                   
000004e5  memcpy                         


GLOBAL SYMBOLS: SORTED BY Symbol Address 

address   name                           
-------   ----                           
00000000  __TI_static_base__             
00000000  interruptVectors               
000000e5  SystemCoreClockUpdate          
00000200  __STACK_SIZE                   
00000359  SystemInit                     
00000491  main                           
000004e5  __aeabi_memcpy                 
000004e5  __aeabi_memcpy4                
000004e5  __aeabi_memcpy8                
000004e5  memcpy                         
00000581  __TI_auto_init                 
000005f1  __TI_decompress_lzss           
00000659  _c_int00                       
000006ad  C$$EXIT                        
000006b1  abort                          
000006b9  exit                           
00000701  copy_in                        
0000074d  _args_main                     
00000765  _register_unlock               
0000076b  _register_lock                 
00000773  _nop                           
00000779  Convert                        
00000789  __TI_decompress_none           
00000797  Reset_Handler                  
000007a3  ADC14_IRQHandler               
000007a3  AES256_IRQHandler              
000007a3  BusFault_Handler               
000007a3  COMP_E0_IRQHandler             
000007a3  COMP_E1_IRQHandler             
000007a3  CS_IRQHandler                  
000007a3  DMA_ERR_IRQHandler             
000007a3  DMA_INT0_IRQHandler            
000007a3  DMA_INT1_IRQHandler            
000007a3  DMA_INT2_IRQHandler            
000007a3  DMA_INT3_IRQHandler            
000007a3  DebugMon_Handler               
000007a3  Default_Handler                
000007a3  EUSCIA0_IRQHandler             
000007a3  EUSCIA1_IRQHandler             
000007a3  EUSCIA2_IRQHandler             
000007a3  EUSCIA3_IRQHandler             
000007a3  EUSCIB0_IRQHandler             
000007a3  EUSCIB1_IRQHandler             
000007a3  EUSCIB2_IRQHandler             
000007a3  EUSCIB3_IRQHandler             
000007a3  FLCTL_IRQHandler               
000007a3  FPU_IRQHandler                 
000007a3  HardFault_Handler              
000007a3  MemManage_Handler              
000007a3  NMI_Handler                    
000007a3  PCM_IRQHandler                 
000007a3  PORT1_IRQHandler               
000007a3  PORT2_IRQHandler               
000007a3  PORT3_IRQHandler               
000007a3  PORT4_IRQHandler               
000007a3  PORT5_IRQHandler               
000007a3  PORT6_IRQHandler               
000007a3  PSS_IRQHandler                 
000007a3  PendSV_Handler                 
000007a3  RTC_C_IRQHandler               
000007a3  SVC_Handler                    
000007a3  SysTick_Handler                
000007a3  T32_INT1_IRQHandler            
000007a3  T32_INT2_IRQHandler            
000007a3  T32_INTC_IRQHandler            
000007a3  TA0_0_IRQHandler               
000007a3  TA0_N_IRQHandler               
000007a3  TA1_0_IRQHandler               
000007a3  TA1_N_IRQHandler               
000007a3  TA2_0_IRQHandler               
000007a3  TA2_N_IRQHandler               
000007a3  TA3_0_IRQHandler               
000007a3  TA3_N_IRQHandler               
000007a3  UsageFault_Handler             
000007a3  WDT_A_IRQHandler               
000007a5  _system_pre_init               
000007a9  __mpu_init                     
000007ab  _system_post_cinit             
000007c8  __TI_Handler_Table_Base        
000007d0  __TI_CINIT_Base                
000007d0  __TI_Handler_Table_Limit       
000007d8  __TI_CINIT_Limit               
20000000  __TI_cleanup_ptr               
20000004  __TI_dtors_ptr                 
20000008  __TI_enable_exit_profile_output
2000000c  _lock                          
20000010  _unlock                        
20000014  main_func_sp                   
20000018  SystemCoreClock                
2000fe00  __stack                        
20010000  __STACK_END                    
4000480c  WDTCTL_SYM                     
ffffffff  __TI_pprof_out_hndl            
ffffffff  __TI_prof_data_size            
ffffffff  __TI_prof_data_start           
ffffffff  __binit__                      
ffffffff  __c_args__                     
ffffffff  binit                          
UNDEFED   SHT$$INIT_ARRAY$$Base          
UNDEFED   SHT$$INIT_ARRAY$$Limit         

[100 symbols]
