******************************************************************************
                  TI ARM Linker PC v16.9.0                     
******************************************************************************
>> Linked Fri Jul 07 07:46:38 2017

OUTPUT FILE NAME:   <Lab_GPIO.out>
ENTRY POINT SYMBOL: "_c_int00"  address: 00001031


MEMORY CONFIGURATION

         name            origin    length      used     unused   attr    fill
----------------------  --------  ---------  --------  --------  ----  --------
  MAIN                  00000000   00040000  000011fe  0003ee02  R  X
  INFO                  00200000   00004000  00000000  00004000  R  X
  SRAM_CODE             01000000   00010000  0000024a  0000fdb6  RW X
  SRAM_DATA             20000000   00010000  0000024a  0000fdb6  RW  


SEGMENT ALLOCATION MAP

run origin  load origin   length   init length attrs members
----------  ----------- ---------- ----------- ----- -------
00000000    00000000    00001200   00001200    r-x
  00000000    00000000    000000e4   000000e4    r-- .intvecs
  000000e4    000000e4    0000109a   0000109a    r-x .text
  00001180    00001180    00000040   00000040    r-- .const
  000011c0    000011c0    00000040   00000040    r-- .cinit
20000000    20000000    0000004a   00000000    rw-
  20000000    20000000    00000040   00000000    rw- .data
  20000040    20000040    0000000a   00000000    rw- .bss
2000fe00    2000fe00    00000200   00000000    rw-
  2000fe00    2000fe00    00000200   00000000    rw- .stack


SECTION ALLOCATION MAP

 output                                  attributes/
section   page    origin      length       input sections
--------  ----  ----------  ----------   ----------------
.intvecs   0    00000000    000000e4     
                  00000000    000000e4     startup_msp432p401r_ccs.obj (.intvecs:retain)

.binit     0    00000000    00000000     

.text      0    000000e4    0000109a     
                  000000e4    00000560     Texas.obj (.text)
                  00000644    0000032c     system_msp432p401r.obj (.text)
                  00000970    000001e8     Reflectance.obj (.text)
                  00000b58    000001e0     Clock.obj (.text)
                  00000d38    00000108     main.obj (.text)
                  00000e40    0000009c     rtsv7M4_T_le_v4SPD16_eabi.lib : memcpy_t2.obj (.text)
                  00000edc    0000007a                                   : memset_t2.obj (.text)
                  00000f56    00000002                                   : mpu_init.obj (.text)
                  00000f58    00000070                                   : autoinit.obj (.text)
                  00000fc8    00000068                                   : copy_decompress_lzss.obj (.text:decompress:lzss)
                  00001030    00000054                                   : boot.obj (.text)
                  00001084    00000054                                   : exit.obj (.text)
                  000010d8    0000004c                                   : cpy_tbl.obj (.text)
                  00001124    00000018                                   : args_main.obj (.text)
                  0000113c    00000014                                   : _lock.obj (.text)
                  00001150    0000000e                                   : copy_decompress_none.obj (.text:decompress:none)
                  0000115e    0000000e     startup_msp432p401r_ccs.obj (.text)
                  0000116c    0000000c     rtsv7M4_T_le_v4SPD16_eabi.lib : copy_zero_init.obj (.text:decompress:ZI)
                  00001178    00000004                                   : pre_init.obj (.text)
                  0000117c    00000002                                   : startup.obj (.text)

.const     0    00001180    00000040     
                  00001180    00000020     Reflectance.obj (.const:Mask)
                  000011a0    00000020     Reflectance.obj (.const:Weight)

.cinit     0    000011c0    00000040     
                  000011c0    00000017     (.cinit..data.load) [load image, compression = lzss]
                  000011d7    00000001     --HOLE-- [fill = 0]
                  000011d8    0000000c     (__TI_handler_table)
                  000011e4    00000004     --HOLE-- [fill = 0]
                  000011e8    00000008     (.cinit..bss.load) [load image, compression = zero_init]
                  000011f0    00000010     (__TI_cinit_table)

.init_array 
*          0    00000000    00000000     UNINITIALIZED

.data      0    20000000    00000040     UNINITIALIZED
                  20000000    00000018     Clock.obj (.data)
                  20000018    0000000c     rtsv7M4_T_le_v4SPD16_eabi.lib : exit.obj (.data:$O1$$)
                  20000024    0000000c     Texas.obj (.data)
                  20000030    00000008     rtsv7M4_T_le_v4SPD16_eabi.lib : _lock.obj (.data:$O1$$)
                  20000038    00000004                                   : stkdepth_vars.obj (.data)
                  2000003c    00000004     system_msp432p401r.obj (.data)

.bss       0    20000040    0000000a     UNINITIALIZED
                  20000040    00000004     (.common:PeriodicTask2)
                  20000044    00000004     (.common:Position)
                  20000048    00000001     (.common:Data)
                  20000049    00000001     (.common:LogicData)

.stack     0    2000fe00    00000200     UNINITIALIZED
                  2000fe00    00000200     --HOLE--

MODULE SUMMARY

       Module                        code   ro data   rw data
       ------                        ----   -------   -------
    .\
       Texas.obj                     1376   0         34     
       system_msp432p401r.obj        812    0         8      
       Reflectance.obj               488    64        0      
       Clock.obj                     480    0         48     
       main.obj                      264    0         10     
       startup_msp432p401r_ccs.obj   14     228       0      
    +--+-----------------------------+------+---------+---------+
       Total:                        3434   292       100    
                                                             
    C:\ti\ccsv7\tools\compiler\ti-cgt-arm_16.9.0.LTS\lib\rtsv7M4_T_le_v4SPD16_eabi.lib
       memcpy_t2.obj                 156    0         0      
       memset_t2.obj                 122    0         0      
       autoinit.obj                  112    0         0      
       exit.obj                      84     0         24     
       copy_decompress_lzss.obj      104    0         0      
       boot.obj                      84     0         0      
       cpy_tbl.obj                   76     0         0      
       _lock.obj                     20     0         16     
       args_main.obj                 24     0         0      
       copy_decompress_none.obj      14     0         0      
       copy_zero_init.obj            12     0         0      
       stkdepth_vars.obj             0      0         8      
       pre_init.obj                  4      0         0      
       mpu_init.obj                  2      0         0      
       startup.obj                   2      0         0      
    +--+-----------------------------+------+---------+---------+
       Total:                        816    0         48     
                                                             
       Stack:                        0      0         1024   
       Linker Generated:             0      59        0      
    +--+-----------------------------+------+---------+---------+
       Grand Total:                  4250   351       1172   


LINKER GENERATED COPY TABLES

__TI_cinit_table @ 000011f0 records: 2, size/record: 8, table size: 16
	.data: load addr=000011c0, load size=00000017 bytes, run addr=20000000, run size=00000040 bytes, compression=lzss
	.bss: load addr=000011e8, load size=00000008 bytes, run addr=20000040, run size=0000000a bytes, compression=zero_init


LINKER GENERATED HANDLER TABLE

__TI_handler_table @ 000011d8 records: 3, size/record: 4, table size: 12
	index: 0, handler: __TI_decompress_lzss
	index: 1, handler: __TI_decompress_none
	index: 2, handler: __TI_zero_init


GLOBAL SYMBOLS: SORTED ALPHABETICALLY BY Name 

address   name                           
-------   ----                           
0000116b  ADC14_IRQHandler               
00000425  ADC_Init                       
0000116b  AES256_IRQHandler              
0000116b  BusFault_Handler               
00001085  C$$EXIT                        
0000116b  COMP_E0_IRQHandler             
0000116b  COMP_E1_IRQHandler             
20000008  CPMwait                        
0000116b  CS_IRQHandler                  
20000000  ClockFrequency                 
00000cad  Clock_Delay1ms                 
00000c83  Clock_Delay1us                 
00000c6f  Clock_GetFreq                  
00000b59  Clock_Init48MHz                
20000014  Crystalstable                  
0000116b  DMA_ERR_IRQHandler             
0000116b  DMA_INT0_IRQHandler            
0000116b  DMA_INT1_IRQHandler            
0000116b  DMA_INT2_IRQHandler            
0000116b  DMA_INT3_IRQHandler            
20000048  Data                           
0000116b  DebugMon_Handler               
0000116b  Default_Handler                
0000116b  EUSCIA0_IRQHandler             
0000116b  EUSCIA1_IRQHandler             
0000116b  EUSCIA2_IRQHandler             
0000116b  EUSCIA3_IRQHandler             
0000116b  EUSCIB0_IRQHandler             
0000116b  EUSCIB1_IRQHandler             
0000116b  EUSCIB2_IRQHandler             
0000116b  EUSCIB3_IRQHandler             
0000116b  FLCTL_IRQHandler               
0000116b  FPU_IRQHandler                 
0000116b  HardFault_Handler              
20000010  IFlags                         
000000e5  LogicAnalyzer                  
000000ef  LogicAnalyzer_P1               
000000fd  LogicAnalyzer_P2               
0000010b  LogicAnalyzer_P2_7654          
0000011b  LogicAnalyzer_P3               
00000129  LogicAnalyzer_P4               
00000137  LogicAnalyzer_P5               
00000145  LogicAnalyzer_P6               
00000153  LogicAnalyzer_P7               
20000049  LogicData                      
00001180  Mask                           
0000116b  MemManage_Handler              
0000116b  NMI_Handler                    
0000116b  PCM_IRQHandler                 
0000116b  PORT1_IRQHandler               
0000116b  PORT2_IRQHandler               
0000116b  PORT3_IRQHandler               
0000116b  PORT4_IRQHandler               
0000116b  PORT5_IRQHandler               
0000116b  PORT6_IRQHandler               
0000116b  PSS_IRQHandler                 
0000116b  PendSV_Handler                 
20000040  PeriodicTask2                  
000001e5  PeriodicTask2_Init             
00000285  PeriodicTask2_Stop             
20000044  Position                       
2000000c  Postwait                       
20000004  Prewait                        
00000d39  Program6_1                     
0000116b  RTC_C_IRQHandler               
000009f1  Reflectance_Center             
00000b0f  Reflectance_End                
00000971  Reflectance_Init               
00000a03  Reflectance_Init2              
00000a83  Reflectance_Position           
000009ad  Reflectance_Read               
00000a45  Reflectance_Read2              
00000ae9  Reflectance_Start              
0000115f  Reset_Handler                  
UNDEFED   SHT$$INIT_ARRAY$$Base          
UNDEFED   SHT$$INIT_ARRAY$$Limit         
0000116b  SVC_Handler                    
00000161  Scope                          
0000116b  SysTick_Handler                
2000003c  SystemCoreClock                
00000645  SystemCoreClockUpdate          
000008b9  SystemInit                     
0000116b  T32_INT1_IRQHandler            
0000116b  T32_INT2_IRQHandler            
0000116b  T32_INTC_IRQHandler            
0000116b  TA0_0_IRQHandler               
0000116b  TA0_N_IRQHandler               
0000116b  TA1_0_IRQHandler               
0000116b  TA1_N_IRQHandler               
0000116b  TA2_0_IRQHandler               
0000116b  TA2_N_IRQHandler               
00000271  TA3_0_IRQHandler               
00000271  TA3_0_IRQHandler               
0000116b  TA3_N_IRQHandler               
000003cb  TExaS_Clear0                   
000003d7  TExaS_Clear1                   
000003e3  TExaS_Clear2                   
000003ef  TExaS_Clear3                   
000003fb  TExaS_Clear4                   
000003fd  TExaS_Clear5                   
00000409  TExaS_Clear6                   
000004d9  TExaS_Init                     
20000028  TExaS_ScopeErrConflict         
20000024  TExaS_ScopeErrLostData         
2000002c  TExaS_ScopeWrnReconfig         
00000369  TExaS_Set                      
00000381  TExaS_Set0                     
0000038d  TExaS_Set1                     
00000399  TExaS_Set2                     
000003a5  TExaS_Set3                     
000003b1  TExaS_Set4                     
000003b3  TExaS_Set5                     
000003bf  TExaS_Set6                     
000005cb  TExaS_Stop                     
0000031f  TExaS_Task0                    
0000032b  TExaS_Task1                    
00000337  TExaS_Task2                    
00000343  TExaS_Task3                    
0000034f  TExaS_Task4                    
00000351  TExaS_Task5                    
0000035d  TExaS_Task6                    
000002f3  UART_InChar                    
00000299  UART_Init                      
00000303  UART_OutChar                   
0000116b  UsageFault_Handler             
4000480c  WDTCTL_SYM                     
0000116b  WDT_A_IRQHandler               
000011a0  Weight                         
20010000  __STACK_END                    
00000200  __STACK_SIZE                   
000011f0  __TI_CINIT_Base                
00001200  __TI_CINIT_Limit               
000011d8  __TI_Handler_Table_Base        
000011e4  __TI_Handler_Table_Limit       
00000f59  __TI_auto_init                 
20000018  __TI_cleanup_ptr               
00000fc9  __TI_decompress_lzss           
00001151  __TI_decompress_none           
2000001c  __TI_dtors_ptr                 
20000020  __TI_enable_exit_profile_output
ffffffff  __TI_pprof_out_hndl            
ffffffff  __TI_prof_data_size            
ffffffff  __TI_prof_data_start           
00000000  __TI_static_base__             
0000116d  __TI_zero_init                 
00000edd  __aeabi_memclr                 
00000edd  __aeabi_memclr4                
00000edd  __aeabi_memclr8                
00000e41  __aeabi_memcpy                 
00000e41  __aeabi_memcpy4                
00000e41  __aeabi_memcpy8                
00000edf  __aeabi_memset                 
00000edf  __aeabi_memset4                
00000edf  __aeabi_memset8                
ffffffff  __binit__                      
ffffffff  __c_args__                     
00000f57  __mpu_init                     
2000fe00  __stack                        
00001125  _args_main                     
00001031  _c_int00                       
20000030  _lock                          
0000114b  _nop                           
00001143  _register_lock                 
0000113d  _register_unlock               
0000117d  _system_post_cinit             
00001179  _system_pre_init               
20000034  _unlock                        
00001089  abort                          
ffffffff  binit                          
000010d9  copy_in                        
00000c75  delay                          
00001091  exit                           
00000000  interruptVectors               
00000d5d  main                           
00000d8d  main2                          
20000038  main_func_sp                   
00000e41  memcpy                         
00000ee5  memset                         


GLOBAL SYMBOLS: SORTED BY Symbol Address 

address   name                           
-------   ----                           
00000000  __TI_static_base__             
00000000  interruptVectors               
000000e5  LogicAnalyzer                  
000000ef  LogicAnalyzer_P1               
000000fd  LogicAnalyzer_P2               
0000010b  LogicAnalyzer_P2_7654          
0000011b  LogicAnalyzer_P3               
00000129  LogicAnalyzer_P4               
00000137  LogicAnalyzer_P5               
00000145  LogicAnalyzer_P6               
00000153  LogicAnalyzer_P7               
00000161  Scope                          
000001e5  PeriodicTask2_Init             
00000200  __STACK_SIZE                   
00000271  TA3_0_IRQHandler               
00000271  TA3_0_IRQHandler               
00000285  PeriodicTask2_Stop             
00000299  UART_Init                      
000002f3  UART_InChar                    
00000303  UART_OutChar                   
0000031f  TExaS_Task0                    
0000032b  TExaS_Task1                    
00000337  TExaS_Task2                    
00000343  TExaS_Task3                    
0000034f  TExaS_Task4                    
00000351  TExaS_Task5                    
0000035d  TExaS_Task6                    
00000369  TExaS_Set                      
00000381  TExaS_Set0                     
0000038d  TExaS_Set1                     
00000399  TExaS_Set2                     
000003a5  TExaS_Set3                     
000003b1  TExaS_Set4                     
000003b3  TExaS_Set5                     
000003bf  TExaS_Set6                     
000003cb  TExaS_Clear0                   
000003d7  TExaS_Clear1                   
000003e3  TExaS_Clear2                   
000003ef  TExaS_Clear3                   
000003fb  TExaS_Clear4                   
000003fd  TExaS_Clear5                   
00000409  TExaS_Clear6                   
00000425  ADC_Init                       
000004d9  TExaS_Init                     
000005cb  TExaS_Stop                     
00000645  SystemCoreClockUpdate          
000008b9  SystemInit                     
00000971  Reflectance_Init               
000009ad  Reflectance_Read               
000009f1  Reflectance_Center             
00000a03  Reflectance_Init2              
00000a45  Reflectance_Read2              
00000a83  Reflectance_Position           
00000ae9  Reflectance_Start              
00000b0f  Reflectance_End                
00000b59  Clock_Init48MHz                
00000c6f  Clock_GetFreq                  
00000c75  delay                          
00000c83  Clock_Delay1us                 
00000cad  Clock_Delay1ms                 
00000d39  Program6_1                     
00000d5d  main                           
00000d8d  main2                          
00000e41  __aeabi_memcpy                 
00000e41  __aeabi_memcpy4                
00000e41  __aeabi_memcpy8                
00000e41  memcpy                         
00000edd  __aeabi_memclr                 
00000edd  __aeabi_memclr4                
00000edd  __aeabi_memclr8                
00000edf  __aeabi_memset                 
00000edf  __aeabi_memset4                
00000edf  __aeabi_memset8                
00000ee5  memset                         
00000f57  __mpu_init                     
00000f59  __TI_auto_init                 
00000fc9  __TI_decompress_lzss           
00001031  _c_int00                       
00001085  C$$EXIT                        
00001089  abort                          
00001091  exit                           
000010d9  copy_in                        
00001125  _args_main                     
0000113d  _register_unlock               
00001143  _register_lock                 
0000114b  _nop                           
00001151  __TI_decompress_none           
0000115f  Reset_Handler                  
0000116b  ADC14_IRQHandler               
0000116b  AES256_IRQHandler              
0000116b  BusFault_Handler               
0000116b  COMP_E0_IRQHandler             
0000116b  COMP_E1_IRQHandler             
0000116b  CS_IRQHandler                  
0000116b  DMA_ERR_IRQHandler             
0000116b  DMA_INT0_IRQHandler            
0000116b  DMA_INT1_IRQHandler            
0000116b  DMA_INT2_IRQHandler            
0000116b  DMA_INT3_IRQHandler            
0000116b  DebugMon_Handler               
0000116b  Default_Handler                
0000116b  EUSCIA0_IRQHandler             
0000116b  EUSCIA1_IRQHandler             
0000116b  EUSCIA2_IRQHandler             
0000116b  EUSCIA3_IRQHandler             
0000116b  EUSCIB0_IRQHandler             
0000116b  EUSCIB1_IRQHandler             
0000116b  EUSCIB2_IRQHandler             
0000116b  EUSCIB3_IRQHandler             
0000116b  FLCTL_IRQHandler               
0000116b  FPU_IRQHandler                 
0000116b  HardFault_Handler              
0000116b  MemManage_Handler              
0000116b  NMI_Handler                    
0000116b  PCM_IRQHandler                 
0000116b  PORT1_IRQHandler               
0000116b  PORT2_IRQHandler               
0000116b  PORT3_IRQHandler               
0000116b  PORT4_IRQHandler               
0000116b  PORT5_IRQHandler               
0000116b  PORT6_IRQHandler               
0000116b  PSS_IRQHandler                 
0000116b  PendSV_Handler                 
0000116b  RTC_C_IRQHandler               
0000116b  SVC_Handler                    
0000116b  SysTick_Handler                
0000116b  T32_INT1_IRQHandler            
0000116b  T32_INT2_IRQHandler            
0000116b  T32_INTC_IRQHandler            
0000116b  TA0_0_IRQHandler               
0000116b  TA0_N_IRQHandler               
0000116b  TA1_0_IRQHandler               
0000116b  TA1_N_IRQHandler               
0000116b  TA2_0_IRQHandler               
0000116b  TA2_N_IRQHandler               
0000116b  TA3_N_IRQHandler               
0000116b  UsageFault_Handler             
0000116b  WDT_A_IRQHandler               
0000116d  __TI_zero_init                 
00001179  _system_pre_init               
0000117d  _system_post_cinit             
00001180  Mask                           
000011a0  Weight                         
000011d8  __TI_Handler_Table_Base        
000011e4  __TI_Handler_Table_Limit       
000011f0  __TI_CINIT_Base                
00001200  __TI_CINIT_Limit               
20000000  ClockFrequency                 
20000004  Prewait                        
20000008  CPMwait                        
2000000c  Postwait                       
20000010  IFlags                         
20000014  Crystalstable                  
20000018  __TI_cleanup_ptr               
2000001c  __TI_dtors_ptr                 
20000020  __TI_enable_exit_profile_output
20000024  TExaS_ScopeErrLostData         
20000028  TExaS_ScopeErrConflict         
2000002c  TExaS_ScopeWrnReconfig         
20000030  _lock                          
20000034  _unlock                        
20000038  main_func_sp                   
2000003c  SystemCoreClock                
20000040  PeriodicTask2                  
20000044  Position                       
20000048  Data                           
20000049  LogicData                      
2000fe00  __stack                        
20010000  __STACK_END                    
4000480c  WDTCTL_SYM                     
ffffffff  __TI_pprof_out_hndl            
ffffffff  __TI_prof_data_size            
ffffffff  __TI_prof_data_start           
ffffffff  __binit__                      
ffffffff  __c_args__                     
ffffffff  binit                          
UNDEFED   SHT$$INIT_ARRAY$$Base          
UNDEFED   SHT$$INIT_ARRAY$$Limit         

[178 symbols]
