******************************************************************************
                  TI ARM Linker PC v16.9.6                     
******************************************************************************
>> Linked Mon Jun 24 10:48:29 2019

OUTPUT FILE NAME:   <Lab10_Debug.out>
ENTRY POINT SYMBOL: "_c_int00"  address: 00001395


MEMORY CONFIGURATION

         name            origin    length      used     unused   attr    fill
----------------------  --------  ---------  --------  --------  ----  --------
  MAIN                  00000000   00040000  000015a6  0003ea5a  R  X
  INFO                  00200000   00004000  00000000  00004000  R  X
  SRAM_CODE             01000000   00010000  0000044f  0000fbb1  RW X
  SRAM_DATA             20000000   00010000  0000044f  0000fbb1  RW  


SEGMENT ALLOCATION MAP

run origin  load origin   length   init length attrs members
----------  ----------- ---------- ----------- ----- -------
00000000    00000000    000015a8   000015a8    r-x
  00000000    00000000    000000e4   000000e4    r-- .intvecs
  000000e4    000000e4    00001462   00001462    r-x .text
  00001548    00001548    00000020   00000020    r-- .const
  00001568    00001568    00000040   00000040    r-- .cinit
20000000    20000000    00000250   00000000    rw-
  20000000    20000000    00000207   00000000    rw- .bss
  20000208    20000208    00000048   00000000    rw- .data
2000fe00    2000fe00    00000200   00000000    rw-
  2000fe00    2000fe00    00000200   00000000    rw- .stack


SECTION ALLOCATION MAP

 output                                  attributes/
section   page    origin      length       input sections
--------  ----  ----------  ----------   ----------------
.intvecs   0    00000000    000000e4     
                  00000000    000000e4     startup_msp432p401r_ccs.obj (.intvecs:retain)

.binit     0    00000000    00000000     

.text      0    000000e4    00001462     
                  000000e4    00000630     TExaS.obj (.text)
                  00000714    0000032c     system_msp432p401r.obj (.text)
                  00000a40    00000220     Lab10_Debugmain.obj (.text)
                  00000c60    000001ec     Reflectance.obj (.text)
                  00000e4c    000001e0     Clock.obj (.text)
                  0000102c    000000f4     LaunchPad.obj (.text)
                  00001120    0000009c     rtsv7M4_T_le_v4SPD16_eabi.lib : memcpy_t2.obj (.text)
                  000011bc    00000084     Bump.obj (.text)
                  00001240    0000007a     rtsv7M4_T_le_v4SPD16_eabi.lib : memset_t2.obj (.text)
                  000012ba    00000002                                   : mpu_init.obj (.text)
                  000012bc    00000070                                   : autoinit.obj (.text)
                  0000132c    00000068                                   : copy_decompress_lzss.obj (.text:decompress:lzss)
                  00001394    00000054                                   : boot.obj (.text)
                  000013e8    00000054                                   : exit.obj (.text)
                  0000143c    0000004c                                   : cpy_tbl.obj (.text)
                  00001488    00000040     SysTickInts.obj (.text)
                  000014c8    00000024     CortexM.obj (.text)
                  000014ec    00000018     rtsv7M4_T_le_v4SPD16_eabi.lib : args_main.obj (.text)
                  00001504    00000014                                   : _lock.obj (.text)
                  00001518    0000000e                                   : copy_decompress_none.obj (.text:decompress:none)
                  00001526    0000000e     startup_msp432p401r_ccs.obj (.text)
                  00001534    0000000c     rtsv7M4_T_le_v4SPD16_eabi.lib : copy_zero_init.obj (.text:decompress:ZI)
                  00001540    00000004                                   : pre_init.obj (.text)
                  00001544    00000002                                   : startup.obj (.text)

.const     0    00001548    00000020     
                  00001548    00000020     Reflectance.obj (.const:$P$T0$1)

.cinit     0    00001568    00000040     
                  00001568    00000017     (.cinit..data.load) [load image, compression = lzss]
                  0000157f    00000001     --HOLE-- [fill = 0]
                  00001580    0000000c     (__TI_handler_table)
                  0000158c    00000004     --HOLE-- [fill = 0]
                  00001590    00000008     (.cinit..bss.load) [load image, compression = zero_init]
                  00001598    00000010     (__TI_cinit_table)

.init_array 
*          0    00000000    00000000     UNINITIALIZED

.bss       0    20000000    00000207     UNINITIALIZED
                  20000000    00000200     (.common:Buffer)
                  20000200    00000004     (.common:PeriodicTask2)
                  20000204    00000001     (.common:LogicData)
                  20000205    00000001     (.common:bump_data)
                  20000206    00000001     (.common:reflectance_data)

.data      0    20000208    00000048     UNINITIALIZED
                  20000208    00000018     Clock.obj (.data)
                  20000220    0000000c     rtsv7M4_T_le_v4SPD16_eabi.lib : exit.obj (.data:$O1$$)
                  2000022c    0000000c     TExaS.obj (.data)
                  20000238    00000008     rtsv7M4_T_le_v4SPD16_eabi.lib : _lock.obj (.data:$O1$$)
                  20000240    00000005     Lab10_Debugmain.obj (.data)
                  20000245    00000003     --HOLE--
                  20000248    00000004     rtsv7M4_T_le_v4SPD16_eabi.lib : stkdepth_vars.obj (.data)
                  2000024c    00000004     system_msp432p401r.obj (.data)

.stack     0    2000fe00    00000200     UNINITIALIZED
                  2000fe00    00000200     --HOLE--

MODULE SUMMARY

       Module                        code   ro data   rw data
       ------                        ----   -------   -------
    .\
       TExaS.obj                     1584   0         34     
       Lab10_Debugmain.obj           544    0         1038   
       system_msp432p401r.obj        812    0         8      
       Clock.obj                     480    0         48     
       Reflectance.obj               492    32        0      
       LaunchPad.obj                 244    0         0      
       startup_msp432p401r_ccs.obj   14     228       0      
       Bump.obj                      132    0         0      
       SysTickInts.obj               64     0         0      
       CortexM.obj                   36     0         0      
    +--+-----------------------------+------+---------+---------+
       Total:                        4402   260       1128   
                                                             
    C:\ti\ccs740\ccsv7\tools\compiler\ti-cgt-arm_16.9.6.LTS\lib\rtsv7M4_T_le_v4SPD16_eabi.lib
       memcpy_t2.obj                 156    0         0      
       memset_t2.obj                 122    0         0      
       autoinit.obj                  112    0         0      
       exit.obj                      84     0         24     
       copy_decompress_lzss.obj      104    0         0      
       boot.obj                      84     0         0      
       cpy_tbl.obj                   76     0         0      
       _lock.obj                     20     0         16     
       args_main.obj                 24     0         0      
       copy_decompress_none.obj      14     0         0      
       copy_zero_init.obj            12     0         0      
       stkdepth_vars.obj             0      0         8      
       pre_init.obj                  4      0         0      
       mpu_init.obj                  2      0         0      
       startup.obj                   2      0         0      
    +--+-----------------------------+------+---------+---------+
       Total:                        816    0         48     
                                                             
       Stack:                        0      0         1024   
       Linker Generated:             0      59        0      
    +--+-----------------------------+------+---------+---------+
       Grand Total:                  5218   319       2200   


LINKER GENERATED COPY TABLES

__TI_cinit_table @ 00001598 records: 2, size/record: 8, table size: 16
	.data: load addr=00001568, load size=00000017 bytes, run addr=20000208, run size=00000048 bytes, compression=lzss
	.bss: load addr=00001590, load size=00000008 bytes, run addr=20000000, run size=00000207 bytes, compression=zero_init


LINKER GENERATED HANDLER TABLE

__TI_handler_table @ 00001580 records: 3, size/record: 4, table size: 12
	index: 0, handler: __TI_decompress_lzss
	index: 1, handler: __TI_decompress_none
	index: 2, handler: __TI_zero_init


GLOBAL SYMBOLS: SORTED ALPHABETICALLY BY Name 

address   name                           
-------   ----                           
00001533  ADC14_IRQHandler               
00000475  ADC_Init                       
00001533  AES256_IRQHandler              
20000000  Buffer                         
000011bd  Bump_Init                      
000011f1  Bump_Read                      
00001533  BusFault_Handler               
000013e9  C$$EXIT                        
00001533  COMP_E0_IRQHandler             
00001533  COMP_E1_IRQHandler             
20000210  CPMwait                        
00001533  CS_IRQHandler                  
20000208  ClockFrequency                 
00000fa1  Clock_Delay1ms                 
00000f77  Clock_Delay1us                 
00000f63  Clock_GetFreq                  
00000e4d  Clock_Init48MHz                
2000021c  Crystalstable                  
00001533  DMA_ERR_IRQHandler             
00001533  DMA_INT0_IRQHandler            
00001533  DMA_INT1_IRQHandler            
00001533  DMA_INT2_IRQHandler            
00001533  DMA_INT3_IRQHandler            
00001533  DebugMon_Handler               
00000a43  Debug_Dump                     
00000a53  Debug_FlashInit                
00000a55  Debug_FlashRecord              
00000a41  Debug_Init                     
00001533  Default_Handler                
000014c9  DisableInterrupts              
00001533  EUSCIA0_IRQHandler             
00001533  EUSCIA1_IRQHandler             
00001533  EUSCIA2_IRQHandler             
00001533  EUSCIA3_IRQHandler             
00001533  EUSCIB0_IRQHandler             
00001533  EUSCIB1_IRQHandler             
00001533  EUSCIB2_IRQHandler             
00001533  EUSCIB3_IRQHandler             
000014cf  EnableInterrupts               
000014df  EndCritical                    
00001533  FLCTL_IRQHandler               
00001533  FPU_IRQHandler                 
00001533  HardFault_Handler              
20000218  IFlags                         
0000102d  LaunchPad_Init                 
0000109d  LaunchPad_Input                
000010b7  LaunchPad_LED                  
000010d5  LaunchPad_Output               
000000e5  LogicAnalyzer                  
000000ef  LogicAnalyzer_P1               
000001c5  LogicAnalyzer_P10              
000000fd  LogicAnalyzer_P2               
0000010b  LogicAnalyzer_P2_7654          
0000011b  LogicAnalyzer_P3               
00000129  LogicAnalyzer_P4               
00000147  LogicAnalyzer_P4_765320        
00000137  LogicAnalyzer_P4_765432        
0000017f  LogicAnalyzer_P5               
0000018d  LogicAnalyzer_P6               
0000019b  LogicAnalyzer_P7               
000001a9  LogicAnalyzer_P8               
000001b7  LogicAnalyzer_P9               
20000204  LogicData                      
20000240  MainCount                      
00001533  MemManage_Handler              
00001533  NMI_Handler                    
00001533  PCM_IRQHandler                 
00001533  PORT1_IRQHandler               
00001533  PORT2_IRQHandler               
00001533  PORT3_IRQHandler               
00001533  PORT4_IRQHandler               
00001533  PORT5_IRQHandler               
00001533  PORT6_IRQHandler               
00001533  PSS_IRQHandler                 
00001533  PendSV_Handler                 
20000200  PeriodicTask2                  
00000257  PeriodicTask2_Init             
000002d1  PeriodicTask2_Stop             
00000c6d  Port5_Init                     
00000ca1  Port7_Init                     
00000ce1  Port7_Input                    
00000ccb  Port7_Output                   
20000214  Postwait                       
2000020c  Prewait                        
00000aed  Program10_1                    
00000b31  Program10_2                    
00000bbb  Program10_3                    
00001533  RTC_C_IRQHandler               
00000d25  Reflectance_Center             
00000dff  Reflectance_End                
00000c61  Reflectance_Init               
00000d61  Reflectance_Position           
00000ced  Reflectance_Read               
00000de3  Reflectance_Start              
00001527  Reset_Handler                  
UNDEFED   SHT$$INIT_ARRAY$$Base          
UNDEFED   SHT$$INIT_ARRAY$$Limit         
00001533  SVC_Handler                    
000001d3  Scope                          
000014d5  StartCritical                  
00000a5f  SysTick_Handler                
00000a5f  SysTick_Handler                
00001489  SysTick_Init                   
2000024c  SystemCoreClock                
00000715  SystemCoreClockUpdate          
00000989  SystemInit                     
000002c1  T32_INT1_IRQHandler            
000002c1  T32_INT1_IRQHandler            
00001533  T32_INT2_IRQHandler            
00001533  T32_INTC_IRQHandler            
00001533  TA0_0_IRQHandler               
00001533  TA0_N_IRQHandler               
00001533  TA1_0_IRQHandler               
00001533  TA1_N_IRQHandler               
00001533  TA2_0_IRQHandler               
00001533  TA2_N_IRQHandler               
00001533  TA3_0_IRQHandler               
00001533  TA3_N_IRQHandler               
00000413  TExaS_Clear0                   
0000041f  TExaS_Clear1                   
0000042b  TExaS_Clear2                   
00000437  TExaS_Clear3                   
00000443  TExaS_Clear4                   
00000445  TExaS_Clear5                   
00000451  TExaS_Clear6                   
00000551  TExaS_Init                     
20000230  TExaS_ScopeErrConflict         
2000022c  TExaS_ScopeErrLostData         
20000234  TExaS_ScopeWrnReconfig         
000003b1  TExaS_Set                      
000003c9  TExaS_Set0                     
000003d5  TExaS_Set1                     
000003e1  TExaS_Set2                     
000003ed  TExaS_Set3                     
000003f9  TExaS_Set4                     
000003fb  TExaS_Set5                     
00000407  TExaS_Set6                     
000006b1  TExaS_Stop                     
00000367  TExaS_Task0                    
00000373  TExaS_Task1                    
0000037f  TExaS_Task2                    
0000038b  TExaS_Task3                    
00000397  TExaS_Task4                    
00000399  TExaS_Task5                    
000003a5  TExaS_Task6                    
0000033b  UART_InChar                    
000002e1  UART_Init                      
0000034b  UART_OutChar                   
00001533  UsageFault_Handler             
4000480c  WDTCTL_SYM                     
00001533  WDT_A_IRQHandler               
000014e7  WaitForInterrupt               
20010000  __STACK_END                    
00000200  __STACK_SIZE                   
00001598  __TI_CINIT_Base                
000015a8  __TI_CINIT_Limit               
00001580  __TI_Handler_Table_Base        
0000158c  __TI_Handler_Table_Limit       
000012bd  __TI_auto_init                 
20000220  __TI_cleanup_ptr               
0000132d  __TI_decompress_lzss           
00001519  __TI_decompress_none           
20000224  __TI_dtors_ptr                 
20000228  __TI_enable_exit_profile_output
ffffffff  __TI_pprof_out_hndl            
ffffffff  __TI_prof_data_size            
ffffffff  __TI_prof_data_start           
00000000  __TI_static_base__             
00001535  __TI_zero_init                 
00001241  __aeabi_memclr                 
00001241  __aeabi_memclr4                
00001241  __aeabi_memclr8                
00001121  __aeabi_memcpy                 
00001121  __aeabi_memcpy4                
00001121  __aeabi_memcpy8                
00001243  __aeabi_memset                 
00001243  __aeabi_memset4                
00001243  __aeabi_memset8                
ffffffff  __binit__                      
ffffffff  __c_args__                     
000012bb  __mpu_init                     
2000fe00  __stack                        
000014ed  _args_main                     
00001395  _c_int00                       
20000238  _lock                          
00001513  _nop                           
0000150b  _register_lock                 
00001505  _register_unlock               
00001545  _system_post_cinit             
00001541  _system_pre_init               
2000023c  _unlock                        
000013ed  abort                          
ffffffff  binit                          
20000205  bump_data                      
0000143d  copy_in                        
00000f69  delay                          
000013f5  exit                           
00000000  interruptVectors               
00000a9d  main                           
20000248  main_func_sp                   
00001121  memcpy                         
00001249  memset                         
20000206  reflectance_data               


GLOBAL SYMBOLS: SORTED BY Symbol Address 

address   name                           
-------   ----                           
00000000  __TI_static_base__             
00000000  interruptVectors               
000000e5  LogicAnalyzer                  
000000ef  LogicAnalyzer_P1               
000000fd  LogicAnalyzer_P2               
0000010b  LogicAnalyzer_P2_7654          
0000011b  LogicAnalyzer_P3               
00000129  LogicAnalyzer_P4               
00000137  LogicAnalyzer_P4_765432        
00000147  LogicAnalyzer_P4_765320        
0000017f  LogicAnalyzer_P5               
0000018d  LogicAnalyzer_P6               
0000019b  LogicAnalyzer_P7               
000001a9  LogicAnalyzer_P8               
000001b7  LogicAnalyzer_P9               
000001c5  LogicAnalyzer_P10              
000001d3  Scope                          
00000200  __STACK_SIZE                   
00000257  PeriodicTask2_Init             
000002c1  T32_INT1_IRQHandler            
000002c1  T32_INT1_IRQHandler            
000002d1  PeriodicTask2_Stop             
000002e1  UART_Init                      
0000033b  UART_InChar                    
0000034b  UART_OutChar                   
00000367  TExaS_Task0                    
00000373  TExaS_Task1                    
0000037f  TExaS_Task2                    
0000038b  TExaS_Task3                    
00000397  TExaS_Task4                    
00000399  TExaS_Task5                    
000003a5  TExaS_Task6                    
000003b1  TExaS_Set                      
000003c9  TExaS_Set0                     
000003d5  TExaS_Set1                     
000003e1  TExaS_Set2                     
000003ed  TExaS_Set3                     
000003f9  TExaS_Set4                     
000003fb  TExaS_Set5                     
00000407  TExaS_Set6                     
00000413  TExaS_Clear0                   
0000041f  TExaS_Clear1                   
0000042b  TExaS_Clear2                   
00000437  TExaS_Clear3                   
00000443  TExaS_Clear4                   
00000445  TExaS_Clear5                   
00000451  TExaS_Clear6                   
00000475  ADC_Init                       
00000551  TExaS_Init                     
000006b1  TExaS_Stop                     
00000715  SystemCoreClockUpdate          
00000989  SystemInit                     
00000a41  Debug_Init                     
00000a43  Debug_Dump                     
00000a53  Debug_FlashInit                
00000a55  Debug_FlashRecord              
00000a5f  SysTick_Handler                
00000a5f  SysTick_Handler                
00000a9d  main                           
00000aed  Program10_1                    
00000b31  Program10_2                    
00000bbb  Program10_3                    
00000c61  Reflectance_Init               
00000c6d  Port5_Init                     
00000ca1  Port7_Init                     
00000ccb  Port7_Output                   
00000ce1  Port7_Input                    
00000ced  Reflectance_Read               
00000d25  Reflectance_Center             
00000d61  Reflectance_Position           
00000de3  Reflectance_Start              
00000dff  Reflectance_End                
00000e4d  Clock_Init48MHz                
00000f63  Clock_GetFreq                  
00000f69  delay                          
00000f77  Clock_Delay1us                 
00000fa1  Clock_Delay1ms                 
0000102d  LaunchPad_Init                 
0000109d  LaunchPad_Input                
000010b7  LaunchPad_LED                  
000010d5  LaunchPad_Output               
00001121  __aeabi_memcpy                 
00001121  __aeabi_memcpy4                
00001121  __aeabi_memcpy8                
00001121  memcpy                         
000011bd  Bump_Init                      
000011f1  Bump_Read                      
00001241  __aeabi_memclr                 
00001241  __aeabi_memclr4                
00001241  __aeabi_memclr8                
00001243  __aeabi_memset                 
00001243  __aeabi_memset4                
00001243  __aeabi_memset8                
00001249  memset                         
000012bb  __mpu_init                     
000012bd  __TI_auto_init                 
0000132d  __TI_decompress_lzss           
00001395  _c_int00                       
000013e9  C$$EXIT                        
000013ed  abort                          
000013f5  exit                           
0000143d  copy_in                        
00001489  SysTick_Init                   
000014c9  DisableInterrupts              
000014cf  EnableInterrupts               
000014d5  StartCritical                  
000014df  EndCritical                    
000014e7  WaitForInterrupt               
000014ed  _args_main                     
00001505  _register_unlock               
0000150b  _register_lock                 
00001513  _nop                           
00001519  __TI_decompress_none           
00001527  Reset_Handler                  
00001533  ADC14_IRQHandler               
00001533  AES256_IRQHandler              
00001533  BusFault_Handler               
00001533  COMP_E0_IRQHandler             
00001533  COMP_E1_IRQHandler             
00001533  CS_IRQHandler                  
00001533  DMA_ERR_IRQHandler             
00001533  DMA_INT0_IRQHandler            
00001533  DMA_INT1_IRQHandler            
00001533  DMA_INT2_IRQHandler            
00001533  DMA_INT3_IRQHandler            
00001533  DebugMon_Handler               
00001533  Default_Handler                
00001533  EUSCIA0_IRQHandler             
00001533  EUSCIA1_IRQHandler             
00001533  EUSCIA2_IRQHandler             
00001533  EUSCIA3_IRQHandler             
00001533  EUSCIB0_IRQHandler             
00001533  EUSCIB1_IRQHandler             
00001533  EUSCIB2_IRQHandler             
00001533  EUSCIB3_IRQHandler             
00001533  FLCTL_IRQHandler               
00001533  FPU_IRQHandler                 
00001533  HardFault_Handler              
00001533  MemManage_Handler              
00001533  NMI_Handler                    
00001533  PCM_IRQHandler                 
00001533  PORT1_IRQHandler               
00001533  PORT2_IRQHandler               
00001533  PORT3_IRQHandler               
00001533  PORT4_IRQHandler               
00001533  PORT5_IRQHandler               
00001533  PORT6_IRQHandler               
00001533  PSS_IRQHandler                 
00001533  PendSV_Handler                 
00001533  RTC_C_IRQHandler               
00001533  SVC_Handler                    
00001533  T32_INT2_IRQHandler            
00001533  T32_INTC_IRQHandler            
00001533  TA0_0_IRQHandler               
00001533  TA0_N_IRQHandler               
00001533  TA1_0_IRQHandler               
00001533  TA1_N_IRQHandler               
00001533  TA2_0_IRQHandler               
00001533  TA2_N_IRQHandler               
00001533  TA3_0_IRQHandler               
00001533  TA3_N_IRQHandler               
00001533  UsageFault_Handler             
00001533  WDT_A_IRQHandler               
00001535  __TI_zero_init                 
00001541  _system_pre_init               
00001545  _system_post_cinit             
00001580  __TI_Handler_Table_Base        
0000158c  __TI_Handler_Table_Limit       
00001598  __TI_CINIT_Base                
000015a8  __TI_CINIT_Limit               
20000000  Buffer                         
20000200  PeriodicTask2                  
20000204  LogicData                      
20000205  bump_data                      
20000206  reflectance_data               
20000208  ClockFrequency                 
2000020c  Prewait                        
20000210  CPMwait                        
20000214  Postwait                       
20000218  IFlags                         
2000021c  Crystalstable                  
20000220  __TI_cleanup_ptr               
20000224  __TI_dtors_ptr                 
20000228  __TI_enable_exit_profile_output
2000022c  TExaS_ScopeErrLostData         
20000230  TExaS_ScopeErrConflict         
20000234  TExaS_ScopeWrnReconfig         
20000238  _lock                          
2000023c  _unlock                        
20000240  MainCount                      
20000248  main_func_sp                   
2000024c  SystemCoreClock                
2000fe00  __stack                        
20010000  __STACK_END                    
4000480c  WDTCTL_SYM                     
ffffffff  __TI_pprof_out_hndl            
ffffffff  __TI_prof_data_size            
ffffffff  __TI_prof_data_start           
ffffffff  __binit__                      
ffffffff  __c_args__                     
ffffffff  binit                          
UNDEFED   SHT$$INIT_ARRAY$$Base          
UNDEFED   SHT$$INIT_ARRAY$$Limit         

[203 symbols]
