******************************************************************************
                  TI ARM Linker PC v16.9.6                     
******************************************************************************
>> Linked Fri Jun 28 14:11:02 2019

OUTPUT FILE NAME:   <Lab16_Tach.out>
ENTRY POINT SYMBOL: "_c_int00"  address: 000023c5


MEMORY CONFIGURATION

         name            origin    length      used     unused   attr    fill
----------------------  --------  ---------  --------  --------  ----  --------
  MAIN                  00000000   00040000  00002576  0003da8a  R  X
  INFO                  00200000   00004000  00000000  00004000  R  X
  SRAM_CODE             01000000   00010000  000015f1  0000ea0f  RW X
  SRAM_DATA             20000000   00010000  000015f1  0000ea0f  RW  


SEGMENT ALLOCATION MAP

run origin  load origin   length   init length attrs members
----------  ----------- ---------- ----------- ----- -------
00000000    00000000    00002578   00002578    r-x
  00000000    00000000    000000e4   000000e4    r-- .intvecs
  000000e4    000000e4    00002452   00002452    r-x .text
  00002538    00002538    00000040   00000040    r-- .cinit
20000000    20000000    000013f4   00000000    rw-
  20000000    20000000    000013a9   00000000    rw- .bss
  200013ac    200013ac    00000048   00000000    rw- .data
2000fe00    2000fe00    00000200   00000000    rw-
  2000fe00    2000fe00    00000200   00000000    rw- .stack


SECTION ALLOCATION MAP

 output                                  attributes/
section   page    origin      length       input sections
--------  ----  ----------  ----------   ----------------
.intvecs   0    00000000    000000e4     
                  00000000    000000e4     startup_msp432p401r_ccs.obj (.intvecs:retain)

.binit     0    00000000    00000000     

.text      0    000000e4    00002452     
                  000000e4    000009e8     FlashProgram.obj (.text)
                  00000acc    00000630     TExaS.obj (.text)
                  000010fc    000004a4     Lab16_Tachmain.obj (.text)
                  000015a0    0000032c     system_msp432p401r.obj (.text)
                  000018cc    00000228     PWM.obj (.text)
                  00001af4    000001e0     Clock.obj (.text)
                  00001cd4    000001b0     Motor.obj (.text)
                  00001e84    0000012c     TA3InputCapture.obj (.text)
                  00001fb0    000000f4     LaunchPad.obj (.text)
                  000020a4    000000ac     TimerA1.obj (.text)
                  00002150    0000009c     rtsv7M4_T_le_v4SPD16_eabi.lib : memcpy_t2.obj (.text)
                  000021ec    00000084     Bump.obj (.text)
                  00002270    0000007a     rtsv7M4_T_le_v4SPD16_eabi.lib : memset_t2.obj (.text)
                  000022ea    00000002                                   : mpu_init.obj (.text)
                  000022ec    00000070                                   : autoinit.obj (.text)
                  0000235c    00000068                                   : copy_decompress_lzss.obj (.text:decompress:lzss)
                  000023c4    00000054                                   : boot.obj (.text)
                  00002418    00000054                                   : exit.obj (.text)
                  0000246c    0000004c                                   : cpy_tbl.obj (.text)
                  000024b8    00000024     CortexM.obj (.text)
                  000024dc    00000018     rtsv7M4_T_le_v4SPD16_eabi.lib : args_main.obj (.text)
                  000024f4    00000014                                   : _lock.obj (.text)
                  00002508    0000000e                                   : copy_decompress_none.obj (.text:decompress:none)
                  00002516    0000000e     startup_msp432p401r_ccs.obj (.text)
                  00002524    0000000c     rtsv7M4_T_le_v4SPD16_eabi.lib : copy_zero_init.obj (.text:decompress:ZI)
                  00002530    00000004                                   : pre_init.obj (.text)
                  00002534    00000002                                   : startup.obj (.text)

.cinit     0    00002538    00000040     
                  00002538    0000001b     (.cinit..data.load) [load image, compression = lzss]
                  00002553    00000001     --HOLE-- [fill = 0]
                  00002554    0000000c     (__TI_handler_table)
                  00002560    00000008     (.cinit..bss.load) [load image, compression = zero_init]
                  00002568    00000010     (__TI_cinit_table)

.init_array 
*          0    00000000    00000000     UNINITIALIZED

.bss       0    20000000    000013a9     UNINITIALIZED
                  20000000    000007d0     (.common:DutyBuffer)
                  200007d0    000007d0     (.common:PeriodBuffer)
                  20000fa0    000003e8     (.common:SpeedBuffer)
                  20001388    00000004     (.common:Done0)
                  2000138c    00000004     (.common:Done2)
                  20001390    00000004     (.common:Duty)
                  20001394    00000004     (.common:PeriodicTask2)
                  20001398    00000004     (.common:Time)
                  2000139c    00000004     (.common:TimerA1Task)
                  200013a0    00000002     (.common:First0)
                  200013a2    00000002     (.common:First2)
                  200013a4    00000002     (.common:Period0)
                  200013a6    00000002     (.common:Period2)
                  200013a8    00000001     (.common:LogicData)

.data      0    200013ac    00000048     UNINITIALIZED
                  200013ac    00000018     Clock.obj (.data)
                  200013c4    0000000c     rtsv7M4_T_le_v4SPD16_eabi.lib : exit.obj (.data:$O1$$)
                  200013d0    0000000c     TExaS.obj (.data)
                  200013dc    00000008     rtsv7M4_T_le_v4SPD16_eabi.lib : _lock.obj (.data:$O1$$)
                  200013e4    00000008     TA3InputCapture.obj (.data)
                  200013ec    00000004     rtsv7M4_T_le_v4SPD16_eabi.lib : stkdepth_vars.obj (.data)
                  200013f0    00000004     system_msp432p401r.obj (.data)

.stack     0    2000fe00    00000200     UNINITIALIZED
                  2000fe00    00000200     --HOLE--

MODULE SUMMARY

       Module                        code   ro data   rw data
       ------                        ----   -------   -------
    .\
       Lab16_Tachmain.obj            1188   0         10048  
       FlashProgram.obj              2536   0         0      
       TExaS.obj                     1584   0         34     
       system_msp432p401r.obj        812    0         8      
       PWM.obj                       552    0         0      
       Clock.obj                     480    0         48     
       Motor.obj                     432    0         0      
       TA3InputCapture.obj           300    0         16     
       LaunchPad.obj                 244    0         0      
       startup_msp432p401r_ccs.obj   14     228       0      
       TimerA1.obj                   172    0         8      
       Bump.obj                      132    0         0      
       CortexM.obj                   36     0         0      
    +--+-----------------------------+------+---------+---------+
       Total:                        8482   228       10162  
                                                             
    C:\ti\ccs740\ccsv7\tools\compiler\ti-cgt-arm_16.9.6.LTS\lib\rtsv7M4_T_le_v4SPD16_eabi.lib
       memcpy_t2.obj                 156    0         0      
       memset_t2.obj                 122    0         0      
       autoinit.obj                  112    0         0      
       exit.obj                      84     0         24     
       copy_decompress_lzss.obj      104    0         0      
       boot.obj                      84     0         0      
       cpy_tbl.obj                   76     0         0      
       _lock.obj                     20     0         16     
       args_main.obj                 24     0         0      
       copy_decompress_none.obj      14     0         0      
       copy_zero_init.obj            12     0         0      
       stkdepth_vars.obj             0      0         8      
       pre_init.obj                  4      0         0      
       mpu_init.obj                  2      0         0      
       startup.obj                   2      0         0      
    +--+-----------------------------+------+---------+---------+
       Total:                        816    0         48     
                                                             
       Stack:                        0      0         1024   
       Linker Generated:             0      63        0      
    +--+-----------------------------+------+---------+---------+
       Grand Total:                  9298   291       11234  


LINKER GENERATED COPY TABLES

__TI_cinit_table @ 00002568 records: 2, size/record: 8, table size: 16
	.data: load addr=00002538, load size=0000001b bytes, run addr=200013ac, run size=00000048 bytes, compression=lzss
	.bss: load addr=00002560, load size=00000008 bytes, run addr=20000000, run size=000013a9 bytes, compression=zero_init


LINKER GENERATED HANDLER TABLE

__TI_handler_table @ 00002554 records: 3, size/record: 4, table size: 12
	index: 0, handler: __TI_decompress_lzss
	index: 1, handler: __TI_decompress_none
	index: 2, handler: __TI_zero_init


GLOBAL SYMBOLS: SORTED ALPHABETICALLY BY Name 

address   name                           
-------   ----                           
00002523  ADC14_IRQHandler               
00000e5d  ADC_Init                       
00002523  AES256_IRQHandler              
000021ed  Bump_Init                      
00002221  Bump_Read                      
00002523  BusFault_Handler               
00002419  C$$EXIT                        
00002523  COMP_E0_IRQHandler             
00002523  COMP_E1_IRQHandler             
200013b4  CPMwait                        
00002523  CS_IRQHandler                  
200013e4  CaptureTask0                   
200013e8  CaptureTask2                   
200013ac  ClockFrequency                 
00001c49  Clock_Delay1ms                 
00001c1f  Clock_Delay1us                 
00001c0b  Clock_GetFreq                  
00001af5  Clock_Init48MHz                
000011c7  Collect                        
200013c0  Crystalstable                  
00002523  DMA_ERR_IRQHandler             
00002523  DMA_INT0_IRQHandler            
00002523  DMA_INT1_IRQHandler            
00002523  DMA_INT2_IRQHandler            
00002523  DMA_INT3_IRQHandler            
00002523  DebugMon_Handler               
00001353  Debug_FlashInit                
000013af  Debug_FlashRecord              
00002523  Default_Handler                
000024b9  DisableInterrupts              
20001388  Done0                          
2000138c  Done2                          
20001390  Duty                           
20000000  DutyBuffer                     
00002523  EUSCIA0_IRQHandler             
00002523  EUSCIA1_IRQHandler             
00002523  EUSCIA2_IRQHandler             
00002523  EUSCIA3_IRQHandler             
00002523  EUSCIB0_IRQHandler             
00002523  EUSCIB1_IRQHandler             
00002523  EUSCIB2_IRQHandler             
00002523  EUSCIB3_IRQHandler             
000024bf  EnableInterrupts               
000024cf  EndCritical                    
00002523  FLCTL_IRQHandler               
00002523  FPU_IRQHandler                 
200013a0  First0                         
200013a2  First2                         
000008c9  Flash_Erase                    
0000040d  Flash_FastWrite                
00000187  Flash_Init                     
00000193  Flash_Write                    
000003a9  Flash_WriteArray               
00002523  HardFault_Handler              
200013bc  IFlags                         
00001fb1  LaunchPad_Init                 
00002021  LaunchPad_Input                
0000203b  LaunchPad_LED                  
00002059  LaunchPad_Output               
00000acd  LogicAnalyzer                  
00000ad7  LogicAnalyzer_P1               
00000bad  LogicAnalyzer_P10              
00000ae5  LogicAnalyzer_P2               
00000af3  LogicAnalyzer_P2_7654          
00000b03  LogicAnalyzer_P3               
00000b11  LogicAnalyzer_P4               
00000b2f  LogicAnalyzer_P4_765320        
00000b1f  LogicAnalyzer_P4_765432        
00000b67  LogicAnalyzer_P5               
00000b75  LogicAnalyzer_P6               
00000b83  LogicAnalyzer_P7               
00000b91  LogicAnalyzer_P8               
00000b9f  LogicAnalyzer_P9               
200013a8  LogicData                      
00002523  MemManage_Handler              
00001e25  Motor_Backward                 
00001d81  Motor_Forward                  
00001cd5  Motor_Init                     
00001deb  Motor_Left                     
00001db1  Motor_Right                    
00001d5d  Motor_Stop                     
00002523  NMI_Handler                    
00002523  PCM_IRQHandler                 
00002523  PORT1_IRQHandler               
00002523  PORT2_IRQHandler               
00002523  PORT3_IRQHandler               
00002523  PORT4_IRQHandler               
00002523  PORT5_IRQHandler               
00002523  PORT6_IRQHandler               
00002523  PSS_IRQHandler                 
000019b7  PWM_Duty1                      
000019d7  PWM_Duty2                      
00001a7b  PWM_Duty3                      
00001a9b  PWM_Duty4                      
000018cd  PWM_Init1                      
00001933  PWM_Init12                     
000019f7  PWM_Init34                     
00002523  PendSV_Handler                 
200013a4  Period0                        
200013a6  Period2                        
200007d0  PeriodBuffer                   
000010fd  PeriodMeasure0                 
00001135  PeriodMeasure2                 
20001394  PeriodicTask2                  
00000c3f  PeriodicTask2_Init             
00000cb9  PeriodicTask2_Stop             
200013b8  Postwait                       
200013b0  Prewait                        
0000116d  Program16_1                    
00002523  RTC_C_IRQHandler               
00002517  Reset_Handler                  
UNDEFED   SHT$$INIT_ARRAY$$Base          
UNDEFED   SHT$$INIT_ARRAY$$Limit         
00002523  SVC_Handler                    
00000bbb  Scope                          
20000fa0  SpeedBuffer                    
000024c5  StartCritical                  
00002523  SysTick_Handler                
200013f0  SystemCoreClock                
000015a1  SystemCoreClockUpdate          
00001815  SystemInit                     
00000ca9  T32_INT1_IRQHandler            
00000ca9  T32_INT1_IRQHandler            
00002523  T32_INT2_IRQHandler            
00002523  T32_INTC_IRQHandler            
00002523  TA0_0_IRQHandler               
00002523  TA0_N_IRQHandler               
00002117  TA1_0_IRQHandler               
00002117  TA1_0_IRQHandler               
00002523  TA1_N_IRQHandler               
00002523  TA2_0_IRQHandler               
00002523  TA2_N_IRQHandler               
00001f33  TA3_0_IRQHandler               
00001f33  TA3_0_IRQHandler               
00001f4d  TA3_N_IRQHandler               
00001f4d  TA3_N_IRQHandler               
00000dfb  TExaS_Clear0                   
00000e07  TExaS_Clear1                   
00000e13  TExaS_Clear2                   
00000e1f  TExaS_Clear3                   
00000e2b  TExaS_Clear4                   
00000e2d  TExaS_Clear5                   
00000e39  TExaS_Clear6                   
00000f39  TExaS_Init                     
200013d4  TExaS_ScopeErrConflict         
200013d0  TExaS_ScopeErrLostData         
200013d8  TExaS_ScopeWrnReconfig         
00000d99  TExaS_Set                      
00000db1  TExaS_Set0                     
00000dbd  TExaS_Set1                     
00000dc9  TExaS_Set2                     
00000dd5  TExaS_Set3                     
00000de1  TExaS_Set4                     
00000de3  TExaS_Set5                     
00000def  TExaS_Set6                     
00001099  TExaS_Stop                     
00000d4f  TExaS_Task0                    
00000d5b  TExaS_Task1                    
00000d67  TExaS_Task2                    
00000d73  TExaS_Task3                    
00000d7f  TExaS_Task4                    
00000d81  TExaS_Task5                    
00000d8d  TExaS_Task6                    
20001398  Time                           
00001501  TimedPause                     
2000139c  TimerA1Task                    
000020a5  TimerA1_Init                   
00002103  TimerA1_Stop                   
00001e91  TimerA3Capture_Init            
00000d23  UART_InChar                    
00000cc9  UART_Init                      
00000d33  UART_OutChar                   
00002523  UsageFault_Handler             
4000480c  WDTCTL_SYM                     
00002523  WDT_A_IRQHandler               
000024d7  WaitForInterrupt               
20010000  __STACK_END                    
00000200  __STACK_SIZE                   
00002568  __TI_CINIT_Base                
00002578  __TI_CINIT_Limit               
00002554  __TI_Handler_Table_Base        
00002560  __TI_Handler_Table_Limit       
000022ed  __TI_auto_init                 
200013c4  __TI_cleanup_ptr               
0000235d  __TI_decompress_lzss           
00002509  __TI_decompress_none           
200013c8  __TI_dtors_ptr                 
200013cc  __TI_enable_exit_profile_output
ffffffff  __TI_pprof_out_hndl            
ffffffff  __TI_prof_data_size            
ffffffff  __TI_prof_data_start           
00000000  __TI_static_base__             
00002525  __TI_zero_init                 
00002271  __aeabi_memclr                 
00002271  __aeabi_memclr4                
00002271  __aeabi_memclr8                
00002151  __aeabi_memcpy                 
00002151  __aeabi_memcpy4                
00002151  __aeabi_memcpy8                
00002273  __aeabi_memset                 
00002273  __aeabi_memset4                
00002273  __aeabi_memset8                
ffffffff  __binit__                      
ffffffff  __c_args__                     
000022eb  __mpu_init                     
2000fe00  __stack                        
000024dd  _args_main                     
000023c5  _c_int00                       
200013dc  _lock                          
00002503  _nop                           
000024fb  _register_lock                 
000024f5  _register_unlock               
00002535  _system_post_cinit             
00002531  _system_pre_init               
200013e0  _unlock                        
0000241d  abort                          
ffffffff  binit                          
0000246d  copy_in                        
00001c11  delay                          
00002425  exit                           
00000000  interruptVectors               
00001525  main                           
000012d3  main1                          
000013fd  main2                          
200013ec  main_func_sp                   
00002151  memcpy                         
00002279  memset                         
00001e85  ta3dummy                       


GLOBAL SYMBOLS: SORTED BY Symbol Address 

address   name                           
-------   ----                           
00000000  __TI_static_base__             
00000000  interruptVectors               
00000187  Flash_Init                     
00000193  Flash_Write                    
00000200  __STACK_SIZE                   
000003a9  Flash_WriteArray               
0000040d  Flash_FastWrite                
000008c9  Flash_Erase                    
00000acd  LogicAnalyzer                  
00000ad7  LogicAnalyzer_P1               
00000ae5  LogicAnalyzer_P2               
00000af3  LogicAnalyzer_P2_7654          
00000b03  LogicAnalyzer_P3               
00000b11  LogicAnalyzer_P4               
00000b1f  LogicAnalyzer_P4_765432        
00000b2f  LogicAnalyzer_P4_765320        
00000b67  LogicAnalyzer_P5               
00000b75  LogicAnalyzer_P6               
00000b83  LogicAnalyzer_P7               
00000b91  LogicAnalyzer_P8               
00000b9f  LogicAnalyzer_P9               
00000bad  LogicAnalyzer_P10              
00000bbb  Scope                          
00000c3f  PeriodicTask2_Init             
00000ca9  T32_INT1_IRQHandler            
00000ca9  T32_INT1_IRQHandler            
00000cb9  PeriodicTask2_Stop             
00000cc9  UART_Init                      
00000d23  UART_InChar                    
00000d33  UART_OutChar                   
00000d4f  TExaS_Task0                    
00000d5b  TExaS_Task1                    
00000d67  TExaS_Task2                    
00000d73  TExaS_Task3                    
00000d7f  TExaS_Task4                    
00000d81  TExaS_Task5                    
00000d8d  TExaS_Task6                    
00000d99  TExaS_Set                      
00000db1  TExaS_Set0                     
00000dbd  TExaS_Set1                     
00000dc9  TExaS_Set2                     
00000dd5  TExaS_Set3                     
00000de1  TExaS_Set4                     
00000de3  TExaS_Set5                     
00000def  TExaS_Set6                     
00000dfb  TExaS_Clear0                   
00000e07  TExaS_Clear1                   
00000e13  TExaS_Clear2                   
00000e1f  TExaS_Clear3                   
00000e2b  TExaS_Clear4                   
00000e2d  TExaS_Clear5                   
00000e39  TExaS_Clear6                   
00000e5d  ADC_Init                       
00000f39  TExaS_Init                     
00001099  TExaS_Stop                     
000010fd  PeriodMeasure0                 
00001135  PeriodMeasure2                 
0000116d  Program16_1                    
000011c7  Collect                        
000012d3  main1                          
00001353  Debug_FlashInit                
000013af  Debug_FlashRecord              
000013fd  main2                          
00001501  TimedPause                     
00001525  main                           
000015a1  SystemCoreClockUpdate          
00001815  SystemInit                     
000018cd  PWM_Init1                      
00001933  PWM_Init12                     
000019b7  PWM_Duty1                      
000019d7  PWM_Duty2                      
000019f7  PWM_Init34                     
00001a7b  PWM_Duty3                      
00001a9b  PWM_Duty4                      
00001af5  Clock_Init48MHz                
00001c0b  Clock_GetFreq                  
00001c11  delay                          
00001c1f  Clock_Delay1us                 
00001c49  Clock_Delay1ms                 
00001cd5  Motor_Init                     
00001d5d  Motor_Stop                     
00001d81  Motor_Forward                  
00001db1  Motor_Right                    
00001deb  Motor_Left                     
00001e25  Motor_Backward                 
00001e85  ta3dummy                       
00001e91  TimerA3Capture_Init            
00001f33  TA3_0_IRQHandler               
00001f33  TA3_0_IRQHandler               
00001f4d  TA3_N_IRQHandler               
00001f4d  TA3_N_IRQHandler               
00001fb1  LaunchPad_Init                 
00002021  LaunchPad_Input                
0000203b  LaunchPad_LED                  
00002059  LaunchPad_Output               
000020a5  TimerA1_Init                   
00002103  TimerA1_Stop                   
00002117  TA1_0_IRQHandler               
00002117  TA1_0_IRQHandler               
00002151  __aeabi_memcpy                 
00002151  __aeabi_memcpy4                
00002151  __aeabi_memcpy8                
00002151  memcpy                         
000021ed  Bump_Init                      
00002221  Bump_Read                      
00002271  __aeabi_memclr                 
00002271  __aeabi_memclr4                
00002271  __aeabi_memclr8                
00002273  __aeabi_memset                 
00002273  __aeabi_memset4                
00002273  __aeabi_memset8                
00002279  memset                         
000022eb  __mpu_init                     
000022ed  __TI_auto_init                 
0000235d  __TI_decompress_lzss           
000023c5  _c_int00                       
00002419  C$$EXIT                        
0000241d  abort                          
00002425  exit                           
0000246d  copy_in                        
000024b9  DisableInterrupts              
000024bf  EnableInterrupts               
000024c5  StartCritical                  
000024cf  EndCritical                    
000024d7  WaitForInterrupt               
000024dd  _args_main                     
000024f5  _register_unlock               
000024fb  _register_lock                 
00002503  _nop                           
00002509  __TI_decompress_none           
00002517  Reset_Handler                  
00002523  ADC14_IRQHandler               
00002523  AES256_IRQHandler              
00002523  BusFault_Handler               
00002523  COMP_E0_IRQHandler             
00002523  COMP_E1_IRQHandler             
00002523  CS_IRQHandler                  
00002523  DMA_ERR_IRQHandler             
00002523  DMA_INT0_IRQHandler            
00002523  DMA_INT1_IRQHandler            
00002523  DMA_INT2_IRQHandler            
00002523  DMA_INT3_IRQHandler            
00002523  DebugMon_Handler               
00002523  Default_Handler                
00002523  EUSCIA0_IRQHandler             
00002523  EUSCIA1_IRQHandler             
00002523  EUSCIA2_IRQHandler             
00002523  EUSCIA3_IRQHandler             
00002523  EUSCIB0_IRQHandler             
00002523  EUSCIB1_IRQHandler             
00002523  EUSCIB2_IRQHandler             
00002523  EUSCIB3_IRQHandler             
00002523  FLCTL_IRQHandler               
00002523  FPU_IRQHandler                 
00002523  HardFault_Handler              
00002523  MemManage_Handler              
00002523  NMI_Handler                    
00002523  PCM_IRQHandler                 
00002523  PORT1_IRQHandler               
00002523  PORT2_IRQHandler               
00002523  PORT3_IRQHandler               
00002523  PORT4_IRQHandler               
00002523  PORT5_IRQHandler               
00002523  PORT6_IRQHandler               
00002523  PSS_IRQHandler                 
00002523  PendSV_Handler                 
00002523  RTC_C_IRQHandler               
00002523  SVC_Handler                    
00002523  SysTick_Handler                
00002523  T32_INT2_IRQHandler            
00002523  T32_INTC_IRQHandler            
00002523  TA0_0_IRQHandler               
00002523  TA0_N_IRQHandler               
00002523  TA1_N_IRQHandler               
00002523  TA2_0_IRQHandler               
00002523  TA2_N_IRQHandler               
00002523  UsageFault_Handler             
00002523  WDT_A_IRQHandler               
00002525  __TI_zero_init                 
00002531  _system_pre_init               
00002535  _system_post_cinit             
00002554  __TI_Handler_Table_Base        
00002560  __TI_Handler_Table_Limit       
00002568  __TI_CINIT_Base                
00002578  __TI_CINIT_Limit               
20000000  DutyBuffer                     
200007d0  PeriodBuffer                   
20000fa0  SpeedBuffer                    
20001388  Done0                          
2000138c  Done2                          
20001390  Duty                           
20001394  PeriodicTask2                  
20001398  Time                           
2000139c  TimerA1Task                    
200013a0  First0                         
200013a2  First2                         
200013a4  Period0                        
200013a6  Period2                        
200013a8  LogicData                      
200013ac  ClockFrequency                 
200013b0  Prewait                        
200013b4  CPMwait                        
200013b8  Postwait                       
200013bc  IFlags                         
200013c0  Crystalstable                  
200013c4  __TI_cleanup_ptr               
200013c8  __TI_dtors_ptr                 
200013cc  __TI_enable_exit_profile_output
200013d0  TExaS_ScopeErrLostData         
200013d4  TExaS_ScopeErrConflict         
200013d8  TExaS_ScopeWrnReconfig         
200013dc  _lock                          
200013e0  _unlock                        
200013e4  CaptureTask0                   
200013e8  CaptureTask2                   
200013ec  main_func_sp                   
200013f0  SystemCoreClock                
2000fe00  __stack                        
20010000  __STACK_END                    
4000480c  WDTCTL_SYM                     
ffffffff  __TI_pprof_out_hndl            
ffffffff  __TI_prof_data_size            
ffffffff  __TI_prof_data_start           
ffffffff  __binit__                      
ffffffff  __c_args__                     
ffffffff  binit                          
UNDEFED   SHT$$INIT_ARRAY$$Base          
UNDEFED   SHT$$INIT_ARRAY$$Limit         

[228 symbols]
