******************************************************************************
                  TI ARM Linker PC v16.9.6                     
******************************************************************************
>> Linked Wed Oct 30 10:49:00 2019

OUTPUT FILE NAME:   <Lab3_InterruptBased_System.out>
ENTRY POINT SYMBOL: "_c_int00"  address: 000015c1


MEMORY CONFIGURATION

         name            origin    length      used     unused   attr    fill
----------------------  --------  ---------  --------  --------  ----  --------
  MAIN                  00000000   00040000  00001772  0003e88e  R  X
  INFO                  00200000   00004000  00000000  00004000  R  X
  SRAM_CODE             01000000   00010000  00000257  0000fda9  RW X
  SRAM_DATA             20000000   00010000  00000257  0000fda9  RW  


SEGMENT ALLOCATION MAP

run origin  load origin   length   init length attrs members
----------  ----------- ---------- ----------- ----- -------
00000000    00000000    00001778   00001778    r-x
  00000000    00000000    000000e4   000000e4    r-- .intvecs
  000000e4    000000e4    0000164e   0000164e    r-x .text
  00001738    00001738    00000040   00000040    r-- .cinit
20000000    20000000    00000057   00000000    rw-
  20000000    20000000    00000048   00000000    rw- .data
  20000048    20000048    0000000f   00000000    rw- .bss
2000fe00    2000fe00    00000200   00000000    rw-
  2000fe00    2000fe00    00000200   00000000    rw- .stack


SECTION ALLOCATION MAP

 output                                  attributes/
section   page    origin      length       input sections
--------  ----  ----------  ----------   ----------------
.intvecs   0    00000000    000000e4     
                  00000000    000000e4     startup_msp432p401r_ccs.obj (.intvecs:retain)

.binit     0    00000000    00000000     

.text      0    000000e4    0000164e     
                  000000e4    00000630     TExaS.obj (.text)
                  00000714    0000032c     system_msp432p401r.obj (.text)
                  00000a40    00000228     PWM.obj (.text)
                  00000c68    000001e0     Clock.obj (.text)
                  00000e48    0000018c     Motor.obj (.text)
                  00000fd4    00000134     BumpInt.obj (.text)
                  00001108    0000012c     Lab3_EdgeInterruptsmain.obj (.text)
                  00001234    000000f4     LaunchPad.obj (.text)
                  00001328    000000a8     TimerA1.obj (.text)
                  000013d0    0000009c     rtsv7M4_T_le_v4SPD16_eabi.lib : memcpy_t2.obj (.text)
                  0000146c    0000007a                                   : memset_t2.obj (.text)
                  000014e6    00000002                                   : mpu_init.obj (.text)
                  000014e8    00000070                                   : autoinit.obj (.text)
                  00001558    00000068                                   : copy_decompress_lzss.obj (.text:decompress:lzss)
                  000015c0    00000054                                   : boot.obj (.text)
                  00001614    00000054                                   : exit.obj (.text)
                  00001668    0000004c                                   : cpy_tbl.obj (.text)
                  000016b4    00000024     CortexM.obj (.text)
                  000016d8    00000018     rtsv7M4_T_le_v4SPD16_eabi.lib : args_main.obj (.text)
                  000016f0    00000014                                   : _lock.obj (.text)
                  00001704    0000000e                                   : copy_decompress_none.obj (.text:decompress:none)
                  00001712    0000000e     startup_msp432p401r_ccs.obj (.text)
                  00001720    0000000c     rtsv7M4_T_le_v4SPD16_eabi.lib : copy_zero_init.obj (.text:decompress:ZI)
                  0000172c    00000004                                   : pre_init.obj (.text)
                  00001730    00000002                                   : startup.obj (.text)

.cinit     0    00001738    00000040     
                  00001738    00000017     (.cinit..data.load) [load image, compression = lzss]
                  0000174f    00000001     --HOLE-- [fill = 0]
                  00001750    0000000c     (__TI_handler_table)
                  0000175c    00000004     --HOLE-- [fill = 0]
                  00001760    00000008     (.cinit..bss.load) [load image, compression = zero_init]
                  00001768    00000010     (__TI_cinit_table)

.init_array 
*          0    00000000    00000000     UNINITIALIZED

.data      0    20000000    00000048     UNINITIALIZED
                  20000000    00000018     Clock.obj (.data)
                  20000018    0000000c     rtsv7M4_T_le_v4SPD16_eabi.lib : exit.obj (.data:$O1$$)
                  20000024    0000000c     TExaS.obj (.data)
                  20000030    00000008     rtsv7M4_T_le_v4SPD16_eabi.lib : _lock.obj (.data:$O1$$)
                  20000038    00000005     Lab3_EdgeInterruptsmain.obj (.data)
                  2000003d    00000003     --HOLE--
                  20000040    00000004     rtsv7M4_T_le_v4SPD16_eabi.lib : stkdepth_vars.obj (.data)
                  20000044    00000004     system_msp432p401r.obj (.data)

.bss       0    20000048    0000000f     UNINITIALIZED
                  20000048    00000004     (.common:PeriodicTask2)
                  2000004c    00000004     (.common:Port4Task)
                  20000050    00000004     (.common:TimerA1Task)
                  20000054    00000001     (.common:CollisionData)
                  20000055    00000001     (.common:CollisionFlag)
                  20000056    00000001     (.common:LogicData)

.stack     0    2000fe00    00000200     UNINITIALIZED
                  2000fe00    00000200     --HOLE--

MODULE SUMMARY

       Module                        code   ro data   rw data
       ------                        ----   -------   -------
    .\
       TExaS.obj                     1584   0         34     
       system_msp432p401r.obj        812    0         8      
       PWM.obj                       552    0         0      
       Clock.obj                     480    0         48     
       Motor.obj                     396    0         0      
       BumpInt.obj                   308    0         8      
       Lab3_EdgeInterruptsmain.obj   300    0         14     
       LaunchPad.obj                 244    0         0      
       startup_msp432p401r_ccs.obj   14     228       0      
       TimerA1.obj                   168    0         8      
       CortexM.obj                   36     0         0      
    +--+-----------------------------+------+---------+---------+
       Total:                        4894   228       120    
                                                             
    C:\ti\ccsv7\tools\compiler\ti-cgt-arm_16.9.6.LTS\lib\rtsv7M4_T_le_v4SPD16_eabi.lib
       memcpy_t2.obj                 156    0         0      
       memset_t2.obj                 122    0         0      
       autoinit.obj                  112    0         0      
       exit.obj                      84     0         24     
       copy_decompress_lzss.obj      104    0         0      
       boot.obj                      84     0         0      
       cpy_tbl.obj                   76     0         0      
       _lock.obj                     20     0         16     
       args_main.obj                 24     0         0      
       copy_decompress_none.obj      14     0         0      
       copy_zero_init.obj            12     0         0      
       stkdepth_vars.obj             0      0         8      
       pre_init.obj                  4      0         0      
       mpu_init.obj                  2      0         0      
       startup.obj                   2      0         0      
    +--+-----------------------------+------+---------+---------+
       Total:                        816    0         48     
                                                             
       Stack:                        0      0         1024   
       Linker Generated:             0      59        0      
    +--+-----------------------------+------+---------+---------+
       Grand Total:                  5710   287       1192   


LINKER GENERATED COPY TABLES

__TI_cinit_table @ 00001768 records: 2, size/record: 8, table size: 16
	.data: load addr=00001738, load size=00000017 bytes, run addr=20000000, run size=00000048 bytes, compression=lzss
	.bss: load addr=00001760, load size=00000008 bytes, run addr=20000048, run size=0000000f bytes, compression=zero_init


LINKER GENERATED HANDLER TABLE

__TI_handler_table @ 00001750 records: 3, size/record: 4, table size: 12
	index: 0, handler: __TI_decompress_lzss
	index: 1, handler: __TI_decompress_none
	index: 2, handler: __TI_zero_init


GLOBAL SYMBOLS: SORTED ALPHABETICALLY BY Name 

address   name                           
-------   ----                           
0000171f  ADC14_IRQHandler               
00000475  ADC_Init                       
0000171f  AES256_IRQHandler              
00000fd5  BumpInt_Init                   
0000104b  Bump_Read                      
0000171f  BusFault_Handler               
00001615  C$$EXIT                        
0000171f  COMP_E0_IRQHandler             
0000171f  COMP_E1_IRQHandler             
20000008  CPMwait                        
0000171f  CS_IRQHandler                  
20000000  ClockFrequency                 
00000dbd  Clock_Delay1ms                 
00000d93  Clock_Delay1us                 
00000d7f  Clock_GetFreq                  
00000c69  Clock_Init48MHz                
20000054  CollisionData                  
20000055  CollisionFlag                  
20000014  Crystalstable                  
0000171f  DMA_ERR_IRQHandler             
0000171f  DMA_INT0_IRQHandler            
0000171f  DMA_INT1_IRQHandler            
0000171f  DMA_INT2_IRQHandler            
0000171f  DMA_INT3_IRQHandler            
0000171f  DebugMon_Handler               
0000171f  Default_Handler                
000016b5  DisableInterrupts              
0000171f  EUSCIA0_IRQHandler             
0000171f  EUSCIA1_IRQHandler             
0000171f  EUSCIA2_IRQHandler             
0000171f  EUSCIA3_IRQHandler             
0000171f  EUSCIB0_IRQHandler             
0000171f  EUSCIB1_IRQHandler             
0000171f  EUSCIB2_IRQHandler             
0000171f  EUSCIB3_IRQHandler             
000016bb  EnableInterrupts               
000016cb  EndCritical                    
0000171f  FLCTL_IRQHandler               
0000171f  FPU_IRQHandler                 
00001129  HandleCollision                
0000171f  HardFault_Handler              
20000010  IFlags                         
00001235  LaunchPad_Init                 
000012a5  LaunchPad_Input                
000012bf  LaunchPad_LED                  
000012dd  LaunchPad_Output               
000000e5  LogicAnalyzer                  
000000ef  LogicAnalyzer_P1               
000001c5  LogicAnalyzer_P10              
000000fd  LogicAnalyzer_P2               
0000010b  LogicAnalyzer_P2_7654          
0000011b  LogicAnalyzer_P3               
00000129  LogicAnalyzer_P4               
00000147  LogicAnalyzer_P4_765320        
00000137  LogicAnalyzer_P4_765432        
0000017f  LogicAnalyzer_P5               
0000018d  LogicAnalyzer_P6               
0000019b  LogicAnalyzer_P7               
000001a9  LogicAnalyzer_P8               
000001b7  LogicAnalyzer_P9               
20000056  LogicData                      
0000171f  MemManage_Handler              
0000114d  MotorMovt                      
00000f75  Motor_Backward                 
00000ed7  Motor_Forward                  
00000e49  Motor_Init                     
00000f43  Motor_Left                     
00000f11  Motor_Right                    
00000ea9  Motor_Stop                     
0000171f  NMI_Handler                    
0000171f  PCM_IRQHandler                 
0000171f  PORT1_IRQHandler               
0000171f  PORT2_IRQHandler               
0000171f  PORT3_IRQHandler               
000010cb  PORT4_IRQHandler               
000010cb  PORT4_IRQHandler               
0000171f  PORT5_IRQHandler               
0000171f  PORT6_IRQHandler               
0000171f  PSS_IRQHandler                 
00000b2b  PWM_Duty1                      
00000b4b  PWM_Duty2                      
00000bef  PWM_Duty3                      
00000c0f  PWM_Duty4                      
00000a41  PWM_Init1                      
00000aa7  PWM_Init12                     
00000b6b  PWM_Init34                     
0000171f  PendSV_Handler                 
20000048  PeriodicTask2                  
00000257  PeriodicTask2_Init             
000002d1  PeriodicTask2_Stop             
2000004c  Port4Task                      
2000000c  Postwait                       
20000004  Prewait                        
0000171f  RTC_C_IRQHandler               
00001713  Reset_Handler                  
UNDEFED   SHT$$INIT_ARRAY$$Base          
UNDEFED   SHT$$INIT_ARRAY$$Limit         
0000171f  SVC_Handler                    
000001d3  Scope                          
000016c1  StartCritical                  
0000171f  SysTick_Handler                
20000044  SystemCoreClock                
00000715  SystemCoreClockUpdate          
00000989  SystemInit                     
000002c1  T32_INT1_IRQHandler            
000002c1  T32_INT1_IRQHandler            
0000171f  T32_INT2_IRQHandler            
0000171f  T32_INTC_IRQHandler            
0000171f  TA0_0_IRQHandler               
0000171f  TA0_N_IRQHandler               
0000139b  TA1_0_IRQHandler               
0000139b  TA1_0_IRQHandler               
0000171f  TA1_N_IRQHandler               
0000171f  TA2_0_IRQHandler               
0000171f  TA2_N_IRQHandler               
0000171f  TA3_0_IRQHandler               
0000171f  TA3_N_IRQHandler               
00000413  TExaS_Clear0                   
0000041f  TExaS_Clear1                   
0000042b  TExaS_Clear2                   
00000437  TExaS_Clear3                   
00000443  TExaS_Clear4                   
00000445  TExaS_Clear5                   
00000451  TExaS_Clear6                   
00000551  TExaS_Init                     
20000028  TExaS_ScopeErrConflict         
20000024  TExaS_ScopeErrLostData         
2000002c  TExaS_ScopeWrnReconfig         
000003b1  TExaS_Set                      
000003c9  TExaS_Set0                     
000003d5  TExaS_Set1                     
000003e1  TExaS_Set2                     
000003ed  TExaS_Set3                     
000003f9  TExaS_Set4                     
000003fb  TExaS_Set5                     
00000407  TExaS_Set6                     
000006b1  TExaS_Stop                     
00000367  TExaS_Task0                    
00000373  TExaS_Task1                    
0000037f  TExaS_Task2                    
0000038b  TExaS_Task3                    
00000397  TExaS_Task4                    
00000399  TExaS_Task5                    
000003a5  TExaS_Task6                    
00001109  TimedPause                     
20000050  TimerA1Task                    
00001329  TimerA1_Init                   
00001387  TimerA1_Stop                   
0000033b  UART_InChar                    
000002e1  UART_Init                      
0000034b  UART_OutChar                   
0000171f  UsageFault_Handler             
4000480c  WDTCTL_SYM                     
0000171f  WDT_A_IRQHandler               
000016d3  WaitForInterrupt               
20010000  __STACK_END                    
00000200  __STACK_SIZE                   
00001768  __TI_CINIT_Base                
00001778  __TI_CINIT_Limit               
00001750  __TI_Handler_Table_Base        
0000175c  __TI_Handler_Table_Limit       
000014e9  __TI_auto_init                 
20000018  __TI_cleanup_ptr               
00001559  __TI_decompress_lzss           
00001705  __TI_decompress_none           
2000001c  __TI_dtors_ptr                 
20000020  __TI_enable_exit_profile_output
ffffffff  __TI_pprof_out_hndl            
ffffffff  __TI_prof_data_size            
ffffffff  __TI_prof_data_start           
00000000  __TI_static_base__             
00001721  __TI_zero_init                 
0000146d  __aeabi_memclr                 
0000146d  __aeabi_memclr4                
0000146d  __aeabi_memclr8                
000013d1  __aeabi_memcpy                 
000013d1  __aeabi_memcpy4                
000013d1  __aeabi_memcpy8                
0000146f  __aeabi_memset                 
0000146f  __aeabi_memset4                
0000146f  __aeabi_memset8                
ffffffff  __binit__                      
ffffffff  __c_args__                     
000014e7  __mpu_init                     
2000fe00  __stack                        
000016d9  _args_main                     
000015c1  _c_int00                       
20000030  _lock                          
000016ff  _nop                           
000016f7  _register_lock                 
000016f1  _register_unlock               
00001731  _system_post_cinit             
0000172d  _system_pre_init               
20000034  _unlock                        
00001619  abort                          
ffffffff  binit                          
00001669  copy_in                        
00000d85  delay                          
00001621  exit                           
00000000  interruptVectors               
000011d9  main                           
20000040  main_func_sp                   
000013d1  memcpy                         
00001475  memset                         


GLOBAL SYMBOLS: SORTED BY Symbol Address 

address   name                           
-------   ----                           
00000000  __TI_static_base__             
00000000  interruptVectors               
000000e5  LogicAnalyzer                  
000000ef  LogicAnalyzer_P1               
000000fd  LogicAnalyzer_P2               
0000010b  LogicAnalyzer_P2_7654          
0000011b  LogicAnalyzer_P3               
00000129  LogicAnalyzer_P4               
00000137  LogicAnalyzer_P4_765432        
00000147  LogicAnalyzer_P4_765320        
0000017f  LogicAnalyzer_P5               
0000018d  LogicAnalyzer_P6               
0000019b  LogicAnalyzer_P7               
000001a9  LogicAnalyzer_P8               
000001b7  LogicAnalyzer_P9               
000001c5  LogicAnalyzer_P10              
000001d3  Scope                          
00000200  __STACK_SIZE                   
00000257  PeriodicTask2_Init             
000002c1  T32_INT1_IRQHandler            
000002c1  T32_INT1_IRQHandler            
000002d1  PeriodicTask2_Stop             
000002e1  UART_Init                      
0000033b  UART_InChar                    
0000034b  UART_OutChar                   
00000367  TExaS_Task0                    
00000373  TExaS_Task1                    
0000037f  TExaS_Task2                    
0000038b  TExaS_Task3                    
00000397  TExaS_Task4                    
00000399  TExaS_Task5                    
000003a5  TExaS_Task6                    
000003b1  TExaS_Set                      
000003c9  TExaS_Set0                     
000003d5  TExaS_Set1                     
000003e1  TExaS_Set2                     
000003ed  TExaS_Set3                     
000003f9  TExaS_Set4                     
000003fb  TExaS_Set5                     
00000407  TExaS_Set6                     
00000413  TExaS_Clear0                   
0000041f  TExaS_Clear1                   
0000042b  TExaS_Clear2                   
00000437  TExaS_Clear3                   
00000443  TExaS_Clear4                   
00000445  TExaS_Clear5                   
00000451  TExaS_Clear6                   
00000475  ADC_Init                       
00000551  TExaS_Init                     
000006b1  TExaS_Stop                     
00000715  SystemCoreClockUpdate          
00000989  SystemInit                     
00000a41  PWM_Init1                      
00000aa7  PWM_Init12                     
00000b2b  PWM_Duty1                      
00000b4b  PWM_Duty2                      
00000b6b  PWM_Init34                     
00000bef  PWM_Duty3                      
00000c0f  PWM_Duty4                      
00000c69  Clock_Init48MHz                
00000d7f  Clock_GetFreq                  
00000d85  delay                          
00000d93  Clock_Delay1us                 
00000dbd  Clock_Delay1ms                 
00000e49  Motor_Init                     
00000ea9  Motor_Stop                     
00000ed7  Motor_Forward                  
00000f11  Motor_Right                    
00000f43  Motor_Left                     
00000f75  Motor_Backward                 
00000fd5  BumpInt_Init                   
0000104b  Bump_Read                      
000010cb  PORT4_IRQHandler               
000010cb  PORT4_IRQHandler               
00001109  TimedPause                     
00001129  HandleCollision                
0000114d  MotorMovt                      
000011d9  main                           
00001235  LaunchPad_Init                 
000012a5  LaunchPad_Input                
000012bf  LaunchPad_LED                  
000012dd  LaunchPad_Output               
00001329  TimerA1_Init                   
00001387  TimerA1_Stop                   
0000139b  TA1_0_IRQHandler               
0000139b  TA1_0_IRQHandler               
000013d1  __aeabi_memcpy                 
000013d1  __aeabi_memcpy4                
000013d1  __aeabi_memcpy8                
000013d1  memcpy                         
0000146d  __aeabi_memclr                 
0000146d  __aeabi_memclr4                
0000146d  __aeabi_memclr8                
0000146f  __aeabi_memset                 
0000146f  __aeabi_memset4                
0000146f  __aeabi_memset8                
00001475  memset                         
000014e7  __mpu_init                     
000014e9  __TI_auto_init                 
00001559  __TI_decompress_lzss           
000015c1  _c_int00                       
00001615  C$$EXIT                        
00001619  abort                          
00001621  exit                           
00001669  copy_in                        
000016b5  DisableInterrupts              
000016bb  EnableInterrupts               
000016c1  StartCritical                  
000016cb  EndCritical                    
000016d3  WaitForInterrupt               
000016d9  _args_main                     
000016f1  _register_unlock               
000016f7  _register_lock                 
000016ff  _nop                           
00001705  __TI_decompress_none           
00001713  Reset_Handler                  
0000171f  ADC14_IRQHandler               
0000171f  AES256_IRQHandler              
0000171f  BusFault_Handler               
0000171f  COMP_E0_IRQHandler             
0000171f  COMP_E1_IRQHandler             
0000171f  CS_IRQHandler                  
0000171f  DMA_ERR_IRQHandler             
0000171f  DMA_INT0_IRQHandler            
0000171f  DMA_INT1_IRQHandler            
0000171f  DMA_INT2_IRQHandler            
0000171f  DMA_INT3_IRQHandler            
0000171f  DebugMon_Handler               
0000171f  Default_Handler                
0000171f  EUSCIA0_IRQHandler             
0000171f  EUSCIA1_IRQHandler             
0000171f  EUSCIA2_IRQHandler             
0000171f  EUSCIA3_IRQHandler             
0000171f  EUSCIB0_IRQHandler             
0000171f  EUSCIB1_IRQHandler             
0000171f  EUSCIB2_IRQHandler             
0000171f  EUSCIB3_IRQHandler             
0000171f  FLCTL_IRQHandler               
0000171f  FPU_IRQHandler                 
0000171f  HardFault_Handler              
0000171f  MemManage_Handler              
0000171f  NMI_Handler                    
0000171f  PCM_IRQHandler                 
0000171f  PORT1_IRQHandler               
0000171f  PORT2_IRQHandler               
0000171f  PORT3_IRQHandler               
0000171f  PORT5_IRQHandler               
0000171f  PORT6_IRQHandler               
0000171f  PSS_IRQHandler                 
0000171f  PendSV_Handler                 
0000171f  RTC_C_IRQHandler               
0000171f  SVC_Handler                    
0000171f  SysTick_Handler                
0000171f  T32_INT2_IRQHandler            
0000171f  T32_INTC_IRQHandler            
0000171f  TA0_0_IRQHandler               
0000171f  TA0_N_IRQHandler               
0000171f  TA1_N_IRQHandler               
0000171f  TA2_0_IRQHandler               
0000171f  TA2_N_IRQHandler               
0000171f  TA3_0_IRQHandler               
0000171f  TA3_N_IRQHandler               
0000171f  UsageFault_Handler             
0000171f  WDT_A_IRQHandler               
00001721  __TI_zero_init                 
0000172d  _system_pre_init               
00001731  _system_post_cinit             
00001750  __TI_Handler_Table_Base        
0000175c  __TI_Handler_Table_Limit       
00001768  __TI_CINIT_Base                
00001778  __TI_CINIT_Limit               
20000000  ClockFrequency                 
20000004  Prewait                        
20000008  CPMwait                        
2000000c  Postwait                       
20000010  IFlags                         
20000014  Crystalstable                  
20000018  __TI_cleanup_ptr               
2000001c  __TI_dtors_ptr                 
20000020  __TI_enable_exit_profile_output
20000024  TExaS_ScopeErrLostData         
20000028  TExaS_ScopeErrConflict         
2000002c  TExaS_ScopeWrnReconfig         
20000030  _lock                          
20000034  _unlock                        
20000040  main_func_sp                   
20000044  SystemCoreClock                
20000048  PeriodicTask2                  
2000004c  Port4Task                      
20000050  TimerA1Task                    
20000054  CollisionData                  
20000055  CollisionFlag                  
20000056  LogicData                      
2000fe00  __stack                        
20010000  __STACK_END                    
4000480c  WDTCTL_SYM                     
ffffffff  __TI_pprof_out_hndl            
ffffffff  __TI_prof_data_size            
ffffffff  __TI_prof_data_start           
ffffffff  __binit__                      
ffffffff  __c_args__                     
ffffffff  binit                          
UNDEFED   SHT$$INIT_ARRAY$$Base          
UNDEFED   SHT$$INIT_ARRAY$$Limit         

[204 symbols]
