******************************************************************************
                  TI ARM Linker PC v16.9.0                     
******************************************************************************
>> Linked Fri Jul 07 07:46:33 2017

OUTPUT FILE NAME:   <Lab_FSM.out>
ENTRY POINT SYMBOL: "_c_int00"  address: 00000eb9


MEMORY CONFIGURATION

         name            origin    length      used     unused   attr    fill
----------------------  --------  ---------  --------  --------  ----  --------
  MAIN                  00000000   00040000  0000108e  0003ef72  R  X
  INFO                  00200000   00004000  00000000  00004000  R  X
  SRAM_CODE             01000000   00010000  00000251  0000fdaf  RW X
  SRAM_DATA             20000000   00010000  00000251  0000fdaf  RW  


SEGMENT ALLOCATION MAP

run origin  load origin   length   init length attrs members
----------  ----------- ---------- ----------- ----- -------
00000000    00000000    00001090   00001090    r-x
  00000000    00000000    000000e4   000000e4    r-- .intvecs
  000000e4    000000e4    00000f22   00000f22    r-x .text
  00001008    00001008    00000048   00000048    r-- .const
  00001050    00001050    00000040   00000040    r-- .cinit
20000000    20000000    00000051   00000000    rw-
  20000000    20000000    00000040   00000000    rw- .data
  20000040    20000040    00000011   00000000    rw- .bss
2000fe00    2000fe00    00000200   00000000    rw-
  2000fe00    2000fe00    00000200   00000000    rw- .stack


SECTION ALLOCATION MAP

 output                                  attributes/
section   page    origin      length       input sections
--------  ----  ----------  ----------   ----------------
.intvecs   0    00000000    000000e4     
                  00000000    000000e4     startup_msp432p401r_ccs.obj (.intvecs:retain)

.binit     0    00000000    00000000     

.text      0    000000e4    00000f22     
                  000000e4    00000560     Texas.obj (.text)
                  00000644    0000032c     system_msp432p401r.obj (.text)
                  00000970    000001e0     Clock.obj (.text)
                  00000b50    000000f4     LaunchPad.obj (.text)
                  00000c44    0000009c     rtsv7M4_T_le_v4SPD16_eabi.lib : memcpy_t2.obj (.text)
                  00000ce0    00000084     main.obj (.text)
                  00000d64    0000007a     rtsv7M4_T_le_v4SPD16_eabi.lib : memset_t2.obj (.text)
                  00000dde    00000002                                   : mpu_init.obj (.text)
                  00000de0    00000070                                   : autoinit.obj (.text)
                  00000e50    00000068                                   : copy_decompress_lzss.obj (.text:decompress:lzss)
                  00000eb8    00000054                                   : boot.obj (.text)
                  00000f0c    00000054                                   : exit.obj (.text)
                  00000f60    0000004c                                   : cpy_tbl.obj (.text)
                  00000fac    00000018                                   : args_main.obj (.text)
                  00000fc4    00000014                                   : _lock.obj (.text)
                  00000fd8    0000000e                                   : copy_decompress_none.obj (.text:decompress:none)
                  00000fe6    0000000e     startup_msp432p401r_ccs.obj (.text)
                  00000ff4    0000000c     rtsv7M4_T_le_v4SPD16_eabi.lib : copy_zero_init.obj (.text:decompress:ZI)
                  00001000    00000004                                   : pre_init.obj (.text)
                  00001004    00000002                                   : startup.obj (.text)

.const     0    00001008    00000048     
                  00001008    00000048     main.obj (.const:fsm)

.cinit     0    00001050    00000040     
                  00001050    00000017     (.cinit..data.load) [load image, compression = lzss]
                  00001067    00000001     --HOLE-- [fill = 0]
                  00001068    0000000c     (__TI_handler_table)
                  00001074    00000004     --HOLE-- [fill = 0]
                  00001078    00000008     (.cinit..bss.load) [load image, compression = zero_init]
                  00001080    00000010     (__TI_cinit_table)

.init_array 
*          0    00000000    00000000     UNINITIALIZED

.data      0    20000000    00000040     UNINITIALIZED
                  20000000    00000018     Clock.obj (.data)
                  20000018    0000000c     rtsv7M4_T_le_v4SPD16_eabi.lib : exit.obj (.data:$O1$$)
                  20000024    0000000c     Texas.obj (.data)
                  20000030    00000008     rtsv7M4_T_le_v4SPD16_eabi.lib : _lock.obj (.data:$O1$$)
                  20000038    00000004                                   : stkdepth_vars.obj (.data)
                  2000003c    00000004     system_msp432p401r.obj (.data)

.bss       0    20000040    00000011     UNINITIALIZED
                  20000040    00000004     (.common:Input)
                  20000044    00000004     (.common:Output)
                  20000048    00000004     (.common:PeriodicTask2)
                  2000004c    00000004     (.common:Spt)
                  20000050    00000001     (.common:LogicData)

.stack     0    2000fe00    00000200     UNINITIALIZED
                  2000fe00    00000200     --HOLE--

MODULE SUMMARY

       Module                        code   ro data   rw data
       ------                        ----   -------   -------
    .\
       Texas.obj                     1376   0         34     
       system_msp432p401r.obj        812    0         8      
       Clock.obj                     480    0         48     
       LaunchPad.obj                 244    0         0      
       startup_msp432p401r_ccs.obj   14     228       0      
       main.obj                      132    72        24     
    +--+-----------------------------+------+---------+---------+
       Total:                        3058   300       114    
                                                             
    C:\ti\ccsv7\tools\compiler\ti-cgt-arm_16.9.0.LTS\lib\rtsv7M4_T_le_v4SPD16_eabi.lib
       memcpy_t2.obj                 156    0         0      
       memset_t2.obj                 122    0         0      
       autoinit.obj                  112    0         0      
       exit.obj                      84     0         24     
       copy_decompress_lzss.obj      104    0         0      
       boot.obj                      84     0         0      
       cpy_tbl.obj                   76     0         0      
       _lock.obj                     20     0         16     
       args_main.obj                 24     0         0      
       copy_decompress_none.obj      14     0         0      
       copy_zero_init.obj            12     0         0      
       stkdepth_vars.obj             0      0         8      
       pre_init.obj                  4      0         0      
       mpu_init.obj                  2      0         0      
       startup.obj                   2      0         0      
    +--+-----------------------------+------+---------+---------+
       Total:                        816    0         48     
                                                             
       Stack:                        0      0         1024   
       Linker Generated:             0      59        0      
    +--+-----------------------------+------+---------+---------+
       Grand Total:                  3874   359       1186   


LINKER GENERATED COPY TABLES

__TI_cinit_table @ 00001080 records: 2, size/record: 8, table size: 16
	.data: load addr=00001050, load size=00000017 bytes, run addr=20000000, run size=00000040 bytes, compression=lzss
	.bss: load addr=00001078, load size=00000008 bytes, run addr=20000040, run size=00000011 bytes, compression=zero_init


LINKER GENERATED HANDLER TABLE

__TI_handler_table @ 00001068 records: 3, size/record: 4, table size: 12
	index: 0, handler: __TI_decompress_lzss
	index: 1, handler: __TI_decompress_none
	index: 2, handler: __TI_zero_init


GLOBAL SYMBOLS: SORTED ALPHABETICALLY BY Name 

address   name                           
-------   ----                           
00000ff3  ADC14_IRQHandler               
00000425  ADC_Init                       
00000ff3  AES256_IRQHandler              
00000ff3  BusFault_Handler               
00000f0d  C$$EXIT                        
00000ff3  COMP_E0_IRQHandler             
00000ff3  COMP_E1_IRQHandler             
20000008  CPMwait                        
00000ff3  CS_IRQHandler                  
20000000  ClockFrequency                 
00000ac5  Clock_Delay1ms                 
00000a9b  Clock_Delay1us                 
00000a87  Clock_GetFreq                  
00000971  Clock_Init48MHz                
20000014  Crystalstable                  
00000ff3  DMA_ERR_IRQHandler             
00000ff3  DMA_INT0_IRQHandler            
00000ff3  DMA_INT1_IRQHandler            
00000ff3  DMA_INT2_IRQHandler            
00000ff3  DMA_INT3_IRQHandler            
00000ff3  DebugMon_Handler               
00000ff3  Default_Handler                
00000ff3  EUSCIA0_IRQHandler             
00000ff3  EUSCIA1_IRQHandler             
00000ff3  EUSCIA2_IRQHandler             
00000ff3  EUSCIA3_IRQHandler             
00000ff3  EUSCIB0_IRQHandler             
00000ff3  EUSCIB1_IRQHandler             
00000ff3  EUSCIB2_IRQHandler             
00000ff3  EUSCIB3_IRQHandler             
00000ff3  FLCTL_IRQHandler               
00000ff3  FPU_IRQHandler                 
00000ff3  HardFault_Handler              
20000010  IFlags                         
20000040  Input                          
00000b51  LaunchPad_Init                 
00000bc1  LaunchPad_Input                
00000bdb  LaunchPad_LED                  
00000bf9  LaunchPad_Output               
000000e5  LogicAnalyzer                  
000000ef  LogicAnalyzer_P1               
000000fd  LogicAnalyzer_P2               
0000010b  LogicAnalyzer_P2_7654          
0000011b  LogicAnalyzer_P3               
00000129  LogicAnalyzer_P4               
00000137  LogicAnalyzer_P5               
00000145  LogicAnalyzer_P6               
00000153  LogicAnalyzer_P7               
20000050  LogicData                      
00000ff3  MemManage_Handler              
00000ff3  NMI_Handler                    
20000044  Output                         
00000ff3  PCM_IRQHandler                 
00000ff3  PORT1_IRQHandler               
00000ff3  PORT2_IRQHandler               
00000ff3  PORT3_IRQHandler               
00000ff3  PORT4_IRQHandler               
00000ff3  PORT5_IRQHandler               
00000ff3  PORT6_IRQHandler               
00000ff3  PSS_IRQHandler                 
00000ff3  PendSV_Handler                 
20000048  PeriodicTask2                  
000001e5  PeriodicTask2_Init             
00000285  PeriodicTask2_Stop             
2000000c  Postwait                       
20000004  Prewait                        
00000ff3  RTC_C_IRQHandler               
00000fe7  Reset_Handler                  
UNDEFED   SHT$$INIT_ARRAY$$Base          
UNDEFED   SHT$$INIT_ARRAY$$Limit         
00000ff3  SVC_Handler                    
00000161  Scope                          
2000004c  Spt                            
00000ff3  SysTick_Handler                
2000003c  SystemCoreClock                
00000645  SystemCoreClockUpdate          
000008b9  SystemInit                     
00000ff3  T32_INT1_IRQHandler            
00000ff3  T32_INT2_IRQHandler            
00000ff3  T32_INTC_IRQHandler            
00000ff3  TA0_0_IRQHandler               
00000ff3  TA0_N_IRQHandler               
00000ff3  TA1_0_IRQHandler               
00000ff3  TA1_N_IRQHandler               
00000ff3  TA2_0_IRQHandler               
00000ff3  TA2_N_IRQHandler               
00000271  TA3_0_IRQHandler               
00000271  TA3_0_IRQHandler               
00000ff3  TA3_N_IRQHandler               
000003cb  TExaS_Clear0                   
000003d7  TExaS_Clear1                   
000003e3  TExaS_Clear2                   
000003ef  TExaS_Clear3                   
000003fb  TExaS_Clear4                   
000003fd  TExaS_Clear5                   
00000409  TExaS_Clear6                   
000004d9  TExaS_Init                     
20000028  TExaS_ScopeErrConflict         
20000024  TExaS_ScopeErrLostData         
2000002c  TExaS_ScopeWrnReconfig         
00000369  TExaS_Set                      
00000381  TExaS_Set0                     
0000038d  TExaS_Set1                     
00000399  TExaS_Set2                     
000003a5  TExaS_Set3                     
000003b1  TExaS_Set4                     
000003b3  TExaS_Set5                     
000003bf  TExaS_Set6                     
000005cb  TExaS_Stop                     
0000031f  TExaS_Task0                    
0000032b  TExaS_Task1                    
00000337  TExaS_Task2                    
00000343  TExaS_Task3                    
0000034f  TExaS_Task4                    
00000351  TExaS_Task5                    
0000035d  TExaS_Task6                    
000002f3  UART_InChar                    
00000299  UART_Init                      
00000303  UART_OutChar                   
00000ff3  UsageFault_Handler             
4000480c  WDTCTL_SYM                     
00000ff3  WDT_A_IRQHandler               
20010000  __STACK_END                    
00000200  __STACK_SIZE                   
00001080  __TI_CINIT_Base                
00001090  __TI_CINIT_Limit               
00001068  __TI_Handler_Table_Base        
00001074  __TI_Handler_Table_Limit       
00000de1  __TI_auto_init                 
20000018  __TI_cleanup_ptr               
00000e51  __TI_decompress_lzss           
00000fd9  __TI_decompress_none           
2000001c  __TI_dtors_ptr                 
20000020  __TI_enable_exit_profile_output
ffffffff  __TI_pprof_out_hndl            
ffffffff  __TI_prof_data_size            
ffffffff  __TI_prof_data_start           
00000000  __TI_static_base__             
00000ff5  __TI_zero_init                 
00000d65  __aeabi_memclr                 
00000d65  __aeabi_memclr4                
00000d65  __aeabi_memclr8                
00000c45  __aeabi_memcpy                 
00000c45  __aeabi_memcpy4                
00000c45  __aeabi_memcpy8                
00000d67  __aeabi_memset                 
00000d67  __aeabi_memset4                
00000d67  __aeabi_memset8                
ffffffff  __binit__                      
ffffffff  __c_args__                     
00000ddf  __mpu_init                     
2000fe00  __stack                        
00000fad  _args_main                     
00000eb9  _c_int00                       
20000030  _lock                          
00000fd3  _nop                           
00000fcb  _register_lock                 
00000fc5  _register_unlock               
00001005  _system_post_cinit             
00001001  _system_pre_init               
20000034  _unlock                        
00000f11  abort                          
ffffffff  binit                          
00000f61  copy_in                        
00000a8d  delay                          
00000f19  exit                           
00001008  fsm                            
00000000  interruptVectors               
00000ce1  main                           
20000038  main_func_sp                   
00000c45  memcpy                         
00000d6d  memset                         


GLOBAL SYMBOLS: SORTED BY Symbol Address 

address   name                           
-------   ----                           
00000000  __TI_static_base__             
00000000  interruptVectors               
000000e5  LogicAnalyzer                  
000000ef  LogicAnalyzer_P1               
000000fd  LogicAnalyzer_P2               
0000010b  LogicAnalyzer_P2_7654          
0000011b  LogicAnalyzer_P3               
00000129  LogicAnalyzer_P4               
00000137  LogicAnalyzer_P5               
00000145  LogicAnalyzer_P6               
00000153  LogicAnalyzer_P7               
00000161  Scope                          
000001e5  PeriodicTask2_Init             
00000200  __STACK_SIZE                   
00000271  TA3_0_IRQHandler               
00000271  TA3_0_IRQHandler               
00000285  PeriodicTask2_Stop             
00000299  UART_Init                      
000002f3  UART_InChar                    
00000303  UART_OutChar                   
0000031f  TExaS_Task0                    
0000032b  TExaS_Task1                    
00000337  TExaS_Task2                    
00000343  TExaS_Task3                    
0000034f  TExaS_Task4                    
00000351  TExaS_Task5                    
0000035d  TExaS_Task6                    
00000369  TExaS_Set                      
00000381  TExaS_Set0                     
0000038d  TExaS_Set1                     
00000399  TExaS_Set2                     
000003a5  TExaS_Set3                     
000003b1  TExaS_Set4                     
000003b3  TExaS_Set5                     
000003bf  TExaS_Set6                     
000003cb  TExaS_Clear0                   
000003d7  TExaS_Clear1                   
000003e3  TExaS_Clear2                   
000003ef  TExaS_Clear3                   
000003fb  TExaS_Clear4                   
000003fd  TExaS_Clear5                   
00000409  TExaS_Clear6                   
00000425  ADC_Init                       
000004d9  TExaS_Init                     
000005cb  TExaS_Stop                     
00000645  SystemCoreClockUpdate          
000008b9  SystemInit                     
00000971  Clock_Init48MHz                
00000a87  Clock_GetFreq                  
00000a8d  delay                          
00000a9b  Clock_Delay1us                 
00000ac5  Clock_Delay1ms                 
00000b51  LaunchPad_Init                 
00000bc1  LaunchPad_Input                
00000bdb  LaunchPad_LED                  
00000bf9  LaunchPad_Output               
00000c45  __aeabi_memcpy                 
00000c45  __aeabi_memcpy4                
00000c45  __aeabi_memcpy8                
00000c45  memcpy                         
00000ce1  main                           
00000d65  __aeabi_memclr                 
00000d65  __aeabi_memclr4                
00000d65  __aeabi_memclr8                
00000d67  __aeabi_memset                 
00000d67  __aeabi_memset4                
00000d67  __aeabi_memset8                
00000d6d  memset                         
00000ddf  __mpu_init                     
00000de1  __TI_auto_init                 
00000e51  __TI_decompress_lzss           
00000eb9  _c_int00                       
00000f0d  C$$EXIT                        
00000f11  abort                          
00000f19  exit                           
00000f61  copy_in                        
00000fad  _args_main                     
00000fc5  _register_unlock               
00000fcb  _register_lock                 
00000fd3  _nop                           
00000fd9  __TI_decompress_none           
00000fe7  Reset_Handler                  
00000ff3  ADC14_IRQHandler               
00000ff3  AES256_IRQHandler              
00000ff3  BusFault_Handler               
00000ff3  COMP_E0_IRQHandler             
00000ff3  COMP_E1_IRQHandler             
00000ff3  CS_IRQHandler                  
00000ff3  DMA_ERR_IRQHandler             
00000ff3  DMA_INT0_IRQHandler            
00000ff3  DMA_INT1_IRQHandler            
00000ff3  DMA_INT2_IRQHandler            
00000ff3  DMA_INT3_IRQHandler            
00000ff3  DebugMon_Handler               
00000ff3  Default_Handler                
00000ff3  EUSCIA0_IRQHandler             
00000ff3  EUSCIA1_IRQHandler             
00000ff3  EUSCIA2_IRQHandler             
00000ff3  EUSCIA3_IRQHandler             
00000ff3  EUSCIB0_IRQHandler             
00000ff3  EUSCIB1_IRQHandler             
00000ff3  EUSCIB2_IRQHandler             
00000ff3  EUSCIB3_IRQHandler             
00000ff3  FLCTL_IRQHandler               
00000ff3  FPU_IRQHandler                 
00000ff3  HardFault_Handler              
00000ff3  MemManage_Handler              
00000ff3  NMI_Handler                    
00000ff3  PCM_IRQHandler                 
00000ff3  PORT1_IRQHandler               
00000ff3  PORT2_IRQHandler               
00000ff3  PORT3_IRQHandler               
00000ff3  PORT4_IRQHandler               
00000ff3  PORT5_IRQHandler               
00000ff3  PORT6_IRQHandler               
00000ff3  PSS_IRQHandler                 
00000ff3  PendSV_Handler                 
00000ff3  RTC_C_IRQHandler               
00000ff3  SVC_Handler                    
00000ff3  SysTick_Handler                
00000ff3  T32_INT1_IRQHandler            
00000ff3  T32_INT2_IRQHandler            
00000ff3  T32_INTC_IRQHandler            
00000ff3  TA0_0_IRQHandler               
00000ff3  TA0_N_IRQHandler               
00000ff3  TA1_0_IRQHandler               
00000ff3  TA1_N_IRQHandler               
00000ff3  TA2_0_IRQHandler               
00000ff3  TA2_N_IRQHandler               
00000ff3  TA3_N_IRQHandler               
00000ff3  UsageFault_Handler             
00000ff3  WDT_A_IRQHandler               
00000ff5  __TI_zero_init                 
00001001  _system_pre_init               
00001005  _system_post_cinit             
00001008  fsm                            
00001068  __TI_Handler_Table_Base        
00001074  __TI_Handler_Table_Limit       
00001080  __TI_CINIT_Base                
00001090  __TI_CINIT_Limit               
20000000  ClockFrequency                 
20000004  Prewait                        
20000008  CPMwait                        
2000000c  Postwait                       
20000010  IFlags                         
20000014  Crystalstable                  
20000018  __TI_cleanup_ptr               
2000001c  __TI_dtors_ptr                 
20000020  __TI_enable_exit_profile_output
20000024  TExaS_ScopeErrLostData         
20000028  TExaS_ScopeErrConflict         
2000002c  TExaS_ScopeWrnReconfig         
20000030  _lock                          
20000034  _unlock                        
20000038  main_func_sp                   
2000003c  SystemCoreClock                
20000040  Input                          
20000044  Output                         
20000048  PeriodicTask2                  
2000004c  Spt                            
20000050  LogicData                      
2000fe00  __stack                        
20010000  __STACK_END                    
4000480c  WDTCTL_SYM                     
ffffffff  __TI_pprof_out_hndl            
ffffffff  __TI_prof_data_size            
ffffffff  __TI_prof_data_start           
ffffffff  __binit__                      
ffffffff  __c_args__                     
ffffffff  binit                          
UNDEFED   SHT$$INIT_ARRAY$$Base          
UNDEFED   SHT$$INIT_ARRAY$$Limit         

[172 symbols]
