******************************************************************************
                  TI ARM Linker PC v16.9.3                     
******************************************************************************
>> Linked Fri Jul 07 07:47:17 2017

OUTPUT FILE NAME:   <Lab_Timers.out>
ENTRY POINT SYMBOL: "_c_int00"  address: 000014bd


MEMORY CONFIGURATION

         name            origin    length      used     unused   attr    fill
----------------------  --------  ---------  --------  --------  ----  --------
  MAIN                  00000000   00040000  0000166e  0003e992  R  X
  INFO                  00200000   00004000  00000000  00004000  R  X
  SRAM_CODE             01000000   00010000  00000251  0000fdaf  RW X
  SRAM_DATA             20000000   00010000  00000251  0000fdaf  RW  


SEGMENT ALLOCATION MAP

run origin  load origin   length   init length attrs members
----------  ----------- ---------- ----------- ----- -------
00000000    00000000    00001670   00001670    r-x
  00000000    00000000    000000e4   000000e4    r-- .intvecs
  000000e4    000000e4    0000154a   0000154a    r-x .text
  00001630    00001630    00000040   00000040    r-- .cinit
20000000    20000000    00000051   00000000    rw-
  20000000    20000000    00000040   00000000    rw- .data
  20000040    20000040    00000011   00000000    rw- .bss
2000fe00    2000fe00    00000200   00000000    rw-
  2000fe00    2000fe00    00000200   00000000    rw- .stack


SECTION ALLOCATION MAP

 output                                  attributes/
section   page    origin      length       input sections
--------  ----  ----------  ----------   ----------------
.intvecs   0    00000000    000000e4     
                  00000000    000000e4     startup_msp432p401r_ccs.obj (.intvecs:retain)

.binit     0    00000000    00000000     

.text      0    000000e4    0000154a     
                  000000e4    00000560     Texas.obj (.text)
                  00000644    0000032c     system_msp432p401r.obj (.text)
                  00000970    00000228     PWM.obj (.text)
                  00000b98    000001e0     Clock.obj (.text)
                  00000d78    000001bc     main.obj (.text)
                  00000f34    0000018c     Motor.obj (.text)
                  000010c0    000000f4     LaunchPad.obj (.text)
                  000011b4    000000a8     TimerA1.obj (.text)
                  0000125c    0000009c     rtsv7M4_T_le_v4SPD16_eabi.lib : memcpy_t2.obj (.text)
                  000012f8    0000007a                                   : memset_t2.obj (.text)
                  00001372    00000002                                   : mpu_init.obj (.text)
                  00001374    00000070     Bump.obj (.text)
                  000013e4    00000070     rtsv7M4_T_le_v4SPD16_eabi.lib : autoinit.obj (.text)
                  00001454    00000068                                   : copy_decompress_lzss.obj (.text:decompress:lzss)
                  000014bc    00000054                                   : boot.obj (.text)
                  00001510    00000054                                   : exit.obj (.text)
                  00001564    0000004c                                   : cpy_tbl.obj (.text)
                  000015b0    00000024     CortexM.obj (.text)
                  000015d4    00000018     rtsv7M4_T_le_v4SPD16_eabi.lib : args_main.obj (.text)
                  000015ec    00000014                                   : _lock.obj (.text)
                  00001600    0000000e                                   : copy_decompress_none.obj (.text:decompress:none)
                  0000160e    0000000e     startup_msp432p401r_ccs.obj (.text)
                  0000161c    0000000c     rtsv7M4_T_le_v4SPD16_eabi.lib : copy_zero_init.obj (.text:decompress:ZI)
                  00001628    00000004                                   : pre_init.obj (.text)
                  0000162c    00000002                                   : startup.obj (.text)

.cinit     0    00001630    00000040     
                  00001630    00000017     (.cinit..data.load) [load image, compression = lzss]
                  00001647    00000001     --HOLE-- [fill = 0]
                  00001648    0000000c     (__TI_handler_table)
                  00001654    00000004     --HOLE-- [fill = 0]
                  00001658    00000008     (.cinit..bss.load) [load image, compression = zero_init]
                  00001660    00000010     (__TI_cinit_table)

.init_array 
*          0    00000000    00000000     UNINITIALIZED

.data      0    20000000    00000040     UNINITIALIZED
                  20000000    00000018     Clock.obj (.data)
                  20000018    0000000c     rtsv7M4_T_le_v4SPD16_eabi.lib : exit.obj (.data:$O1$$)
                  20000024    0000000c     Texas.obj (.data)
                  20000030    00000008     rtsv7M4_T_le_v4SPD16_eabi.lib : _lock.obj (.data:$O1$$)
                  20000038    00000004                                   : stkdepth_vars.obj (.data)
                  2000003c    00000004     system_msp432p401r.obj (.data)

.bss       0    20000040    00000011     UNINITIALIZED
                  20000040    00000004     (.common:PeriodicTask2)
                  20000044    00000004     (.common:Running)
                  20000048    00000004     (.common:Time)
                  2000004c    00000004     (.common:TimerA1Task)
                  20000050    00000001     (.common:LogicData)

.stack     0    2000fe00    00000200     UNINITIALIZED
                  2000fe00    00000200     --HOLE--

MODULE SUMMARY

       Module                        code   ro data   rw data
       ------                        ----   -------   -------
    .\
       Texas.obj                     1376   0         34     
       system_msp432p401r.obj        812    0         8      
       PWM.obj                       552    0         0      
       Clock.obj                     480    0         48     
       main.obj                      444    0         16     
       Motor.obj                     396    0         0      
       LaunchPad.obj                 244    0         0      
       startup_msp432p401r_ccs.obj   14     228       0      
       TimerA1.obj                   168    0         8      
       Bump.obj                      112    0         0      
       CortexM.obj                   36     0         0      
    +--+-----------------------------+------+---------+---------+
       Total:                        4634   228       114    
                                                             
    C:\ti\ccsv7\tools\compiler\ti-cgt-arm_16.9.3.LTS\lib\rtsv7M4_T_le_v4SPD16_eabi.lib
       memcpy_t2.obj                 156    0         0      
       memset_t2.obj                 122    0         0      
       autoinit.obj                  112    0         0      
       exit.obj                      84     0         24     
       copy_decompress_lzss.obj      104    0         0      
       boot.obj                      84     0         0      
       cpy_tbl.obj                   76     0         0      
       _lock.obj                     20     0         16     
       args_main.obj                 24     0         0      
       copy_decompress_none.obj      14     0         0      
       copy_zero_init.obj            12     0         0      
       stkdepth_vars.obj             0      0         8      
       pre_init.obj                  4      0         0      
       mpu_init.obj                  2      0         0      
       startup.obj                   2      0         0      
    +--+-----------------------------+------+---------+---------+
       Total:                        816    0         48     
                                                             
       Stack:                        0      0         1024   
       Linker Generated:             0      59        0      
    +--+-----------------------------+------+---------+---------+
       Grand Total:                  5450   287       1186   


LINKER GENERATED COPY TABLES

__TI_cinit_table @ 00001660 records: 2, size/record: 8, table size: 16
	.data: load addr=00001630, load size=00000017 bytes, run addr=20000000, run size=00000040 bytes, compression=lzss
	.bss: load addr=00001658, load size=00000008 bytes, run addr=20000040, run size=00000011 bytes, compression=zero_init


LINKER GENERATED HANDLER TABLE

__TI_handler_table @ 00001648 records: 3, size/record: 4, table size: 12
	index: 0, handler: __TI_decompress_lzss
	index: 1, handler: __TI_decompress_none
	index: 2, handler: __TI_zero_init


GLOBAL SYMBOLS: SORTED ALPHABETICALLY BY Name 

address   name                           
-------   ----                           
0000161b  ADC14_IRQHandler               
00000425  ADC_Init                       
0000161b  AES256_IRQHandler              
00001375  Bump_Init                      
000013a9  Bump_Read                      
0000161b  BusFault_Handler               
00001511  C$$EXIT                        
0000161b  COMP_E0_IRQHandler             
0000161b  COMP_E1_IRQHandler             
20000008  CPMwait                        
0000161b  CS_IRQHandler                  
00000e4b  CheckBumper                    
20000000  ClockFrequency                 
00000ced  Clock_Delay1ms                 
00000cc3  Clock_Delay1us                 
00000caf  Clock_GetFreq                  
00000b99  Clock_Init48MHz                
20000014  Crystalstable                  
0000161b  DMA_ERR_IRQHandler             
0000161b  DMA_INT0_IRQHandler            
0000161b  DMA_INT1_IRQHandler            
0000161b  DMA_INT2_IRQHandler            
0000161b  DMA_INT3_IRQHandler            
0000161b  DebugMon_Handler               
0000161b  Default_Handler                
000015b1  DisableInterrupts              
0000161b  EUSCIA0_IRQHandler             
0000161b  EUSCIA1_IRQHandler             
0000161b  EUSCIA2_IRQHandler             
0000161b  EUSCIA3_IRQHandler             
0000161b  EUSCIB0_IRQHandler             
0000161b  EUSCIB1_IRQHandler             
0000161b  EUSCIB2_IRQHandler             
0000161b  EUSCIB3_IRQHandler             
000015b7  EnableInterrupts               
000015c7  EndCritical                    
0000161b  FLCTL_IRQHandler               
0000161b  FPU_IRQHandler                 
0000161b  HardFault_Handler              
20000010  IFlags                         
000010c1  LaunchPad_Init                 
00001131  LaunchPad_Input                
0000114b  LaunchPad_LED                  
00001169  LaunchPad_Output               
000000e5  LogicAnalyzer                  
000000ef  LogicAnalyzer_P1               
000000fd  LogicAnalyzer_P2               
0000010b  LogicAnalyzer_P2_7654          
0000011b  LogicAnalyzer_P3               
00000129  LogicAnalyzer_P4               
00000137  LogicAnalyzer_P5               
00000145  LogicAnalyzer_P6               
00000153  LogicAnalyzer_P7               
20000050  LogicData                      
0000161b  MemManage_Handler              
00001063  Motor_Backward                 
00000f9b  Motor_Forward                  
00000f35  Motor_Init                     
0000101d  Motor_Left                     
00000fd7  Motor_Right                    
00000f87  Motor_Stop                     
0000161b  NMI_Handler                    
0000161b  PCM_IRQHandler                 
0000161b  PORT1_IRQHandler               
0000161b  PORT2_IRQHandler               
0000161b  PORT3_IRQHandler               
0000161b  PORT4_IRQHandler               
0000161b  PORT5_IRQHandler               
0000161b  PORT6_IRQHandler               
0000161b  PSS_IRQHandler                 
00000a5b  PWM_Duty1                      
00000a7b  PWM_Duty2                      
00000b1f  PWM_Duty3                      
00000b3f  PWM_Duty4                      
00000971  PWM_Init1                      
000009d7  PWM_Init12                     
00000a9b  PWM_Init34                     
0000161b  PendSV_Handler                 
20000040  PeriodicTask2                  
000001e5  PeriodicTask2_Init             
00000285  PeriodicTask2_Stop             
2000000c  Postwait                       
20000004  Prewait                        
00000d99  Program13_1                    
00000e27  Program13_2                    
0000161b  RTC_C_IRQHandler               
0000160f  Reset_Handler                  
20000044  Running                        
UNDEFED   SHT$$INIT_ARRAY$$Base          
UNDEFED   SHT$$INIT_ARRAY$$Limit         
0000161b  SVC_Handler                    
00000161  Scope                          
000015bd  StartCritical                  
0000161b  SysTick_Handler                
2000003c  SystemCoreClock                
00000645  SystemCoreClockUpdate          
000008b9  SystemInit                     
0000161b  T32_INT1_IRQHandler            
0000161b  T32_INT2_IRQHandler            
0000161b  T32_INTC_IRQHandler            
0000161b  TA0_0_IRQHandler               
0000161b  TA0_N_IRQHandler               
00001227  TA1_0_IRQHandler               
00001227  TA1_0_IRQHandler               
0000161b  TA1_N_IRQHandler               
0000161b  TA2_0_IRQHandler               
0000161b  TA2_N_IRQHandler               
00000271  TA3_0_IRQHandler               
00000271  TA3_0_IRQHandler               
0000161b  TA3_N_IRQHandler               
000003cb  TExaS_Clear0                   
000003d7  TExaS_Clear1                   
000003e3  TExaS_Clear2                   
000003ef  TExaS_Clear3                   
000003fb  TExaS_Clear4                   
000003fd  TExaS_Clear5                   
00000409  TExaS_Clear6                   
000004d9  TExaS_Init                     
20000028  TExaS_ScopeErrConflict         
20000024  TExaS_ScopeErrLostData         
2000002c  TExaS_ScopeWrnReconfig         
00000369  TExaS_Set                      
00000381  TExaS_Set0                     
0000038d  TExaS_Set1                     
00000399  TExaS_Set2                     
000003a5  TExaS_Set3                     
000003b1  TExaS_Set4                     
000003b3  TExaS_Set5                     
000003bf  TExaS_Set6                     
000005cb  TExaS_Stop                     
0000031f  TExaS_Task0                    
0000032b  TExaS_Task1                    
00000337  TExaS_Task2                    
00000343  TExaS_Task3                    
0000034f  TExaS_Task4                    
00000351  TExaS_Task5                    
0000035d  TExaS_Task6                    
00000dfd  Task                           
20000048  Time                           
00000d79  TimedPause                     
00000e65  TimedPauseNew                  
2000004c  TimerA1Task                    
000011b5  TimerA1_Init                   
00001213  TimerA1_Stop                   
000002f3  UART_InChar                    
00000299  UART_Init                      
00000303  UART_OutChar                   
0000161b  UsageFault_Handler             
4000480c  WDTCTL_SYM                     
0000161b  WDT_A_IRQHandler               
000015cf  WaitForInterrupt               
20010000  __STACK_END                    
00000200  __STACK_SIZE                   
00001660  __TI_CINIT_Base                
00001670  __TI_CINIT_Limit               
00001648  __TI_Handler_Table_Base        
00001654  __TI_Handler_Table_Limit       
000013e5  __TI_auto_init                 
20000018  __TI_cleanup_ptr               
00001455  __TI_decompress_lzss           
00001601  __TI_decompress_none           
2000001c  __TI_dtors_ptr                 
20000020  __TI_enable_exit_profile_output
ffffffff  __TI_pprof_out_hndl            
ffffffff  __TI_prof_data_size            
ffffffff  __TI_prof_data_start           
00000000  __TI_static_base__             
0000161d  __TI_zero_init                 
000012f9  __aeabi_memclr                 
000012f9  __aeabi_memclr4                
000012f9  __aeabi_memclr8                
0000125d  __aeabi_memcpy                 
0000125d  __aeabi_memcpy4                
0000125d  __aeabi_memcpy8                
000012fb  __aeabi_memset                 
000012fb  __aeabi_memset4                
000012fb  __aeabi_memset8                
ffffffff  __binit__                      
ffffffff  __c_args__                     
00001373  __mpu_init                     
2000fe00  __stack                        
000015d5  _args_main                     
000014bd  _c_int00                       
20000030  _lock                          
000015fb  _nop                           
000015f3  _register_lock                 
000015ed  _register_unlock               
0000162d  _system_post_cinit             
00001629  _system_pre_init               
20000034  _unlock                        
00001515  abort                          
ffffffff  binit                          
00001565  copy_in                        
00000cb5  delay                          
0000151d  exit                           
00000000  interruptVectors               
00000e8b  main                           
20000038  main_func_sp                   
0000125d  memcpy                         
00001301  memset                         


GLOBAL SYMBOLS: SORTED BY Symbol Address 

address   name                           
-------   ----                           
00000000  __TI_static_base__             
00000000  interruptVectors               
000000e5  LogicAnalyzer                  
000000ef  LogicAnalyzer_P1               
000000fd  LogicAnalyzer_P2               
0000010b  LogicAnalyzer_P2_7654          
0000011b  LogicAnalyzer_P3               
00000129  LogicAnalyzer_P4               
00000137  LogicAnalyzer_P5               
00000145  LogicAnalyzer_P6               
00000153  LogicAnalyzer_P7               
00000161  Scope                          
000001e5  PeriodicTask2_Init             
00000200  __STACK_SIZE                   
00000271  TA3_0_IRQHandler               
00000271  TA3_0_IRQHandler               
00000285  PeriodicTask2_Stop             
00000299  UART_Init                      
000002f3  UART_InChar                    
00000303  UART_OutChar                   
0000031f  TExaS_Task0                    
0000032b  TExaS_Task1                    
00000337  TExaS_Task2                    
00000343  TExaS_Task3                    
0000034f  TExaS_Task4                    
00000351  TExaS_Task5                    
0000035d  TExaS_Task6                    
00000369  TExaS_Set                      
00000381  TExaS_Set0                     
0000038d  TExaS_Set1                     
00000399  TExaS_Set2                     
000003a5  TExaS_Set3                     
000003b1  TExaS_Set4                     
000003b3  TExaS_Set5                     
000003bf  TExaS_Set6                     
000003cb  TExaS_Clear0                   
000003d7  TExaS_Clear1                   
000003e3  TExaS_Clear2                   
000003ef  TExaS_Clear3                   
000003fb  TExaS_Clear4                   
000003fd  TExaS_Clear5                   
00000409  TExaS_Clear6                   
00000425  ADC_Init                       
000004d9  TExaS_Init                     
000005cb  TExaS_Stop                     
00000645  SystemCoreClockUpdate          
000008b9  SystemInit                     
00000971  PWM_Init1                      
000009d7  PWM_Init12                     
00000a5b  PWM_Duty1                      
00000a7b  PWM_Duty2                      
00000a9b  PWM_Init34                     
00000b1f  PWM_Duty3                      
00000b3f  PWM_Duty4                      
00000b99  Clock_Init48MHz                
00000caf  Clock_GetFreq                  
00000cb5  delay                          
00000cc3  Clock_Delay1us                 
00000ced  Clock_Delay1ms                 
00000d79  TimedPause                     
00000d99  Program13_1                    
00000dfd  Task                           
00000e27  Program13_2                    
00000e4b  CheckBumper                    
00000e65  TimedPauseNew                  
00000e8b  main                           
00000f35  Motor_Init                     
00000f87  Motor_Stop                     
00000f9b  Motor_Forward                  
00000fd7  Motor_Right                    
0000101d  Motor_Left                     
00001063  Motor_Backward                 
000010c1  LaunchPad_Init                 
00001131  LaunchPad_Input                
0000114b  LaunchPad_LED                  
00001169  LaunchPad_Output               
000011b5  TimerA1_Init                   
00001213  TimerA1_Stop                   
00001227  TA1_0_IRQHandler               
00001227  TA1_0_IRQHandler               
0000125d  __aeabi_memcpy                 
0000125d  __aeabi_memcpy4                
0000125d  __aeabi_memcpy8                
0000125d  memcpy                         
000012f9  __aeabi_memclr                 
000012f9  __aeabi_memclr4                
000012f9  __aeabi_memclr8                
000012fb  __aeabi_memset                 
000012fb  __aeabi_memset4                
000012fb  __aeabi_memset8                
00001301  memset                         
00001373  __mpu_init                     
00001375  Bump_Init                      
000013a9  Bump_Read                      
000013e5  __TI_auto_init                 
00001455  __TI_decompress_lzss           
000014bd  _c_int00                       
00001511  C$$EXIT                        
00001515  abort                          
0000151d  exit                           
00001565  copy_in                        
000015b1  DisableInterrupts              
000015b7  EnableInterrupts               
000015bd  StartCritical                  
000015c7  EndCritical                    
000015cf  WaitForInterrupt               
000015d5  _args_main                     
000015ed  _register_unlock               
000015f3  _register_lock                 
000015fb  _nop                           
00001601  __TI_decompress_none           
0000160f  Reset_Handler                  
0000161b  ADC14_IRQHandler               
0000161b  AES256_IRQHandler              
0000161b  BusFault_Handler               
0000161b  COMP_E0_IRQHandler             
0000161b  COMP_E1_IRQHandler             
0000161b  CS_IRQHandler                  
0000161b  DMA_ERR_IRQHandler             
0000161b  DMA_INT0_IRQHandler            
0000161b  DMA_INT1_IRQHandler            
0000161b  DMA_INT2_IRQHandler            
0000161b  DMA_INT3_IRQHandler            
0000161b  DebugMon_Handler               
0000161b  Default_Handler                
0000161b  EUSCIA0_IRQHandler             
0000161b  EUSCIA1_IRQHandler             
0000161b  EUSCIA2_IRQHandler             
0000161b  EUSCIA3_IRQHandler             
0000161b  EUSCIB0_IRQHandler             
0000161b  EUSCIB1_IRQHandler             
0000161b  EUSCIB2_IRQHandler             
0000161b  EUSCIB3_IRQHandler             
0000161b  FLCTL_IRQHandler               
0000161b  FPU_IRQHandler                 
0000161b  HardFault_Handler              
0000161b  MemManage_Handler              
0000161b  NMI_Handler                    
0000161b  PCM_IRQHandler                 
0000161b  PORT1_IRQHandler               
0000161b  PORT2_IRQHandler               
0000161b  PORT3_IRQHandler               
0000161b  PORT4_IRQHandler               
0000161b  PORT5_IRQHandler               
0000161b  PORT6_IRQHandler               
0000161b  PSS_IRQHandler                 
0000161b  PendSV_Handler                 
0000161b  RTC_C_IRQHandler               
0000161b  SVC_Handler                    
0000161b  SysTick_Handler                
0000161b  T32_INT1_IRQHandler            
0000161b  T32_INT2_IRQHandler            
0000161b  T32_INTC_IRQHandler            
0000161b  TA0_0_IRQHandler               
0000161b  TA0_N_IRQHandler               
0000161b  TA1_N_IRQHandler               
0000161b  TA2_0_IRQHandler               
0000161b  TA2_N_IRQHandler               
0000161b  TA3_N_IRQHandler               
0000161b  UsageFault_Handler             
0000161b  WDT_A_IRQHandler               
0000161d  __TI_zero_init                 
00001629  _system_pre_init               
0000162d  _system_post_cinit             
00001648  __TI_Handler_Table_Base        
00001654  __TI_Handler_Table_Limit       
00001660  __TI_CINIT_Base                
00001670  __TI_CINIT_Limit               
20000000  ClockFrequency                 
20000004  Prewait                        
20000008  CPMwait                        
2000000c  Postwait                       
20000010  IFlags                         
20000014  Crystalstable                  
20000018  __TI_cleanup_ptr               
2000001c  __TI_dtors_ptr                 
20000020  __TI_enable_exit_profile_output
20000024  TExaS_ScopeErrLostData         
20000028  TExaS_ScopeErrConflict         
2000002c  TExaS_ScopeWrnReconfig         
20000030  _lock                          
20000034  _unlock                        
20000038  main_func_sp                   
2000003c  SystemCoreClock                
20000040  PeriodicTask2                  
20000044  Running                        
20000048  Time                           
2000004c  TimerA1Task                    
20000050  LogicData                      
2000fe00  __stack                        
20010000  __STACK_END                    
4000480c  WDTCTL_SYM                     
ffffffff  __TI_pprof_out_hndl            
ffffffff  __TI_prof_data_size            
ffffffff  __TI_prof_data_start           
ffffffff  __binit__                      
ffffffff  __c_args__                     
ffffffff  binit                          
UNDEFED   SHT$$INIT_ARRAY$$Base          
UNDEFED   SHT$$INIT_ARRAY$$Limit         

[200 symbols]
